ILI9341_STM32_Driver.c:93:6:ILI9341_SPI_Init	8	static
ILI9341_STM32_Driver.c:101:6:ILI9341_SPI_Send	16	static
ILI9341_STM32_Driver.c:107:6:ILI9341_Write_Command	16	static
ILI9341_STM32_Driver.c:116:6:ILI9341_Write_Data	16	static
ILI9341_STM32_Driver.c:125:6:ILI9341_Set_Address	24	static
ILI9341_STM32_Driver.c:143:6:ILI9341_Reset	8	static
ILI9341_STM32_Driver.c:153:6:ILI9341_Set_Rotation	24	static
ILI9341_STM32_Driver.c:190:6:ILI9341_Enable	8	static
ILI9341_STM32_Driver.c:196:6:ILI9341_Init	8	static
ILI9341_STM32_Driver.c:339:6:ILI9341_Draw_Colour	24	static
ILI9341_STM32_Driver.c:351:6:ILI9341_Draw_Colour_Burst	64	dynamic
ILI9341_STM32_Driver.c:395:6:ILI9341_Fill_Screen	16	static
ILI9341_STM32_Driver.c:407:6:ILI9341_Draw_Pixel	32	static
ILI9341_STM32_Driver.c:458:6:ILI9341_Draw_Rectangle	24	static
ILI9341_STM32_Driver.c:474:6:ILI9341_Draw_Horizontal_Line	24	static
ILI9341_STM32_Driver.c:486:6:ILI9341_Draw_Vertical_Line	24	static
