spi_ili9341.c:43:6:TFT9341_FontsIni	4	static
spi_ili9341.c:60:6:TFT9341_SendData	16	static
spi_ili9341.c:66:6:TFT9341_SendCommand	16	static
spi_ili9341.c:72:6:TFT9341_reset	8	static
spi_ili9341.c:79:6:TFT9341_ini	32	static
spi_ili9341.c:220:13:TFT9341_WriteData	24	static
spi_ili9341.c:232:13:TFT9341_SetAddrWindow	32	static
spi_ili9341.c:252:6:TFT9341_FillRect	48	static
spi_ili9341.c:304:6:TFT9341_FillScreen	24	static
spi_ili9341.c:325:10:TFT9341_RandColor	8	static
spi_ili9341.c:330:6:TFT9341_DrawPixel	24	static
spi_ili9341.c:339:6:TFT9341_DrawLine	56	static
spi_ili9341.c:372:6:TFT9341_DrawCircle	48	static
spi_ili9341.c:405:6:TFT9341_SetTextColor	16	static
spi_ili9341.c:410:6:TFT9341_SetBackColor	16	static
spi_ili9341.c:415:6:TFT9341_SetFont	16	static
spi_ili9341.c:420:6:TFT9341_DrawChar	48	static
spi_ili9341.c:463:6:TFT9341_String	16	static
spi_ili9341.c:473:6:TFT9341_SetRotation	16	static
spi_ili9341.c:514:6:speed_test	40	static
