Archive member included to satisfy reference by file (symbol)

/home/odemki/Programs/programs/STM32IDE/1/en.en-st-stm32cubeide_1-5-0_8698_20201117_1050_amd64_sh/makeself_dir_5QpOGP/y/plugins/com.st.stm32cube.ide.mcu.externaltools.gnu-tools-for-stm32.9-2020-q2-update.linux64_2.0.0.202105311346/tools/bin/../lib/gcc/arm-none-eabi/9.3.1/../../../../arm-none-eabi/lib/thumb/v7e-m+fp/hard/libc_nano.a(lib_a-errno.o)
                              ./Core/Src/syscalls.o (__errno)
/home/odemki/Programs/programs/STM32IDE/1/en.en-st-stm32cubeide_1-5-0_8698_20201117_1050_amd64_sh/makeself_dir_5QpOGP/y/plugins/com.st.stm32cube.ide.mcu.externaltools.gnu-tools-for-stm32.9-2020-q2-update.linux64_2.0.0.202105311346/tools/bin/../lib/gcc/arm-none-eabi/9.3.1/../../../../arm-none-eabi/lib/thumb/v7e-m+fp/hard/libc_nano.a(lib_a-exit.o)
                              /home/odemki/Programs/programs/STM32IDE/1/en.en-st-stm32cubeide_1-5-0_8698_20201117_1050_amd64_sh/makeself_dir_5QpOGP/y/plugins/com.st.stm32cube.ide.mcu.externaltools.gnu-tools-for-stm32.9-2020-q2-update.linux64_2.0.0.202105311346/tools/bin/../lib/gcc/arm-none-eabi/9.3.1/../../../../arm-none-eabi/lib/thumb/v7e-m+fp/hard/crt0.o (exit)
/home/odemki/Programs/programs/STM32IDE/1/en.en-st-stm32cubeide_1-5-0_8698_20201117_1050_amd64_sh/makeself_dir_5QpOGP/y/plugins/com.st.stm32cube.ide.mcu.externaltools.gnu-tools-for-stm32.9-2020-q2-update.linux64_2.0.0.202105311346/tools/bin/../lib/gcc/arm-none-eabi/9.3.1/../../../../arm-none-eabi/lib/thumb/v7e-m+fp/hard/libc_nano.a(lib_a-findfp.o)
                              ./Middlewares/Third_Party/FreeRTOS/Source/tasks.o (__sf_fake_stderr)
/home/odemki/Programs/programs/STM32IDE/1/en.en-st-stm32cubeide_1-5-0_8698_20201117_1050_amd64_sh/makeself_dir_5QpOGP/y/plugins/com.st.stm32cube.ide.mcu.externaltools.gnu-tools-for-stm32.9-2020-q2-update.linux64_2.0.0.202105311346/tools/bin/../lib/gcc/arm-none-eabi/9.3.1/../../../../arm-none-eabi/lib/thumb/v7e-m+fp/hard/libc_nano.a(lib_a-fwalk.o)
                              /home/odemki/Programs/programs/STM32IDE/1/en.en-st-stm32cubeide_1-5-0_8698_20201117_1050_amd64_sh/makeself_dir_5QpOGP/y/plugins/com.st.stm32cube.ide.mcu.externaltools.gnu-tools-for-stm32.9-2020-q2-update.linux64_2.0.0.202105311346/tools/bin/../lib/gcc/arm-none-eabi/9.3.1/../../../../arm-none-eabi/lib/thumb/v7e-m+fp/hard/libc_nano.a(lib_a-findfp.o) (_fwalk)
/home/odemki/Programs/programs/STM32IDE/1/en.en-st-stm32cubeide_1-5-0_8698_20201117_1050_amd64_sh/makeself_dir_5QpOGP/y/plugins/com.st.stm32cube.ide.mcu.externaltools.gnu-tools-for-stm32.9-2020-q2-update.linux64_2.0.0.202105311346/tools/bin/../lib/gcc/arm-none-eabi/9.3.1/../../../../arm-none-eabi/lib/thumb/v7e-m+fp/hard/libc_nano.a(lib_a-impure.o)
                              /home/odemki/Programs/programs/STM32IDE/1/en.en-st-stm32cubeide_1-5-0_8698_20201117_1050_amd64_sh/makeself_dir_5QpOGP/y/plugins/com.st.stm32cube.ide.mcu.externaltools.gnu-tools-for-stm32.9-2020-q2-update.linux64_2.0.0.202105311346/tools/bin/../lib/gcc/arm-none-eabi/9.3.1/../../../../arm-none-eabi/lib/thumb/v7e-m+fp/hard/libc_nano.a(lib_a-exit.o) (_global_impure_ptr)
/home/odemki/Programs/programs/STM32IDE/1/en.en-st-stm32cubeide_1-5-0_8698_20201117_1050_amd64_sh/makeself_dir_5QpOGP/y/plugins/com.st.stm32cube.ide.mcu.externaltools.gnu-tools-for-stm32.9-2020-q2-update.linux64_2.0.0.202105311346/tools/bin/../lib/gcc/arm-none-eabi/9.3.1/../../../../arm-none-eabi/lib/thumb/v7e-m+fp/hard/libc_nano.a(lib_a-init.o)
                              /home/odemki/Programs/programs/STM32IDE/1/en.en-st-stm32cubeide_1-5-0_8698_20201117_1050_amd64_sh/makeself_dir_5QpOGP/y/plugins/com.st.stm32cube.ide.mcu.externaltools.gnu-tools-for-stm32.9-2020-q2-update.linux64_2.0.0.202105311346/tools/bin/../lib/gcc/arm-none-eabi/9.3.1/../../../../arm-none-eabi/lib/thumb/v7e-m+fp/hard/crt0.o (__libc_init_array)
/home/odemki/Programs/programs/STM32IDE/1/en.en-st-stm32cubeide_1-5-0_8698_20201117_1050_amd64_sh/makeself_dir_5QpOGP/y/plugins/com.st.stm32cube.ide.mcu.externaltools.gnu-tools-for-stm32.9-2020-q2-update.linux64_2.0.0.202105311346/tools/bin/../lib/gcc/arm-none-eabi/9.3.1/../../../../arm-none-eabi/lib/thumb/v7e-m+fp/hard/libc_nano.a(lib_a-itoa.o)
                              ./Core/Src/main.o (itoa)
/home/odemki/Programs/programs/STM32IDE/1/en.en-st-stm32cubeide_1-5-0_8698_20201117_1050_amd64_sh/makeself_dir_5QpOGP/y/plugins/com.st.stm32cube.ide.mcu.externaltools.gnu-tools-for-stm32.9-2020-q2-update.linux64_2.0.0.202105311346/tools/bin/../lib/gcc/arm-none-eabi/9.3.1/../../../../arm-none-eabi/lib/thumb/v7e-m+fp/hard/libc_nano.a(lib_a-lock.o)
[...]
Memory Configuration

Name             Origin             Length             Attributes
CCMRAM           0x0000000010000000 0x0000000000010000 xrw
RAM              0x0000000020000000 0x0000000000020000 xrw
FLASH            0x0000000008000000 0x0000000000100000 xr
*default*        0x0000000000000000 0xffffffffffffffff

Linker script and memory map

LOAD /home/odemki/Programs/programs/STM32IDE/1/en.en-st-stm32cubeide_1-5-0_8698_20201117_1050_amd64_sh/makeself_dir_5QpOGP/y/plugins/com.st.stm32cube.ide.mcu.externaltools.gnu-tools-for-stm32.9-2020-q2-update.linux64_2.0.0.202105311346/tools/bin/../lib/gcc/arm-none-eabi/9.3.1/thumb/v7e-m+fp/hard/crti.o
LOAD /home/odemki/Programs/programs/STM32IDE/1/en.en-st-stm32cubeide_1-5-0_8698_20201117_1050_amd64_sh/makeself_dir_5QpOGP/y/plugins/com.st.stm32cube.ide.mcu.externaltools.gnu-tools-for-stm32.9-2020-q2-update.linux64_2.0.0.202105311346/tools/bin/../lib/gcc/arm-none-eabi/9.3.1/thumb/v7e-m+fp/hard/crtbegin.o
LOAD /home/odemki/Programs/programs/STM32IDE/1/en.en-st-stm32cubeide_1-5-0_8698_20201117_1050_amd64_sh/makeself_dir_5QpOGP/y/plugins/com.st.stm32cube.ide.mcu.externaltools.gnu-tools-for-stm32.9-2020-q2-update.linux64_2.0.0.202105311346/tools/bin/../lib/gcc/arm-none-eabi/9.3.1/../../../../arm-none-eabi/lib/thumb/v7e-m+fp/hard/crt0.o
LOAD ./Core/Src/BME280/bme280.o
LOAD ./Core/Src/freertos.o
LOAD ./Core/Src/main.o
LOAD ./Core/Src/stm32f4xx_hal_msp.o
LOAD ./Core/Src/stm32f4xx_hal_timebase_tim.o
LOAD ./Core/Src/stm32f4xx_it.o
LOAD ./Core/Src/syscalls.o
LOAD ./Core/Src/sysmem.o
LOAD ./Core/Src/system_stm32f4xx.o
LOAD ./Core/Startup/startup_stm32f407vgtx.o
LOAD ./Drivers/STM32F4xx_HAL_Driver/Src/stm32f4xx_hal.o
LOAD ./Drivers/STM32F4xx_HAL_Driver/Src/stm32f4xx_hal_cortex.o
LOAD ./Drivers/STM32F4xx_HAL_Driver/Src/stm32f4xx_hal_dma.o
LOAD ./Drivers/STM32F4xx_HAL_Driver/Src/stm32f4xx_hal_dma_ex.o
LOAD ./Drivers/STM32F4xx_HAL_Driver/Src/stm32f4xx_hal_exti.o
LOAD ./Drivers/STM32F4xx_HAL_Driver/Src/stm32f4xx_hal_flash.o
LOAD ./Drivers/STM32F4xx_HAL_Driver/Src/stm32f4xx_hal_flash_ex.o
LOAD ./Drivers/STM32F4xx_HAL_Driver/Src/stm32f4xx_hal_flash_ramfunc.o
LOAD ./Drivers/STM32F4xx_HAL_Driver/Src/stm32f4xx_hal_gpio.o
LOAD ./Drivers/STM32F4xx_HAL_Driver/Src/stm32f4xx_hal_i2c.o
LOAD ./Drivers/STM32F4xx_HAL_Driver/Src/stm32f4xx_hal_i2c_ex.o
LOAD ./Drivers/STM32F4xx_HAL_Driver/Src/stm32f4xx_hal_pcd.o
LOAD ./Drivers/STM32F4xx_HAL_Driver/Src/stm32f4xx_hal_pcd_ex.o
LOAD ./Drivers/STM32F4xx_HAL_Driver/Src/stm32f4xx_hal_pwr.o
LOAD ./Drivers/STM32F4xx_HAL_Driver/Src/stm32f4xx_hal_pwr_ex.o
LOAD ./Drivers/STM32F4xx_HAL_Driver/Src/stm32f4xx_hal_rcc.o
LOAD ./Drivers/STM32F4xx_HAL_Driver/Src/stm32f4xx_hal_rcc_ex.o
LOAD ./Drivers/STM32F4xx_HAL_Driver/Src/stm32f4xx_hal_tim.o
LOAD ./Drivers/STM32F4xx_HAL_Driver/Src/stm32f4xx_hal_tim_ex.o
LOAD ./Drivers/STM32F4xx_HAL_Driver/Src/stm32f4xx_ll_usb.o
LOAD ./Middlewares/ST/STM32_USB_Device_Library/Class/CDC/Src/usbd_cdc.o
LOAD ./Middlewares/ST/STM32_USB_Device_Library/Core/Src/usbd_core.o
LOAD ./Middlewares/ST/STM32_USB_Device_Library/Core/Src/usbd_ctlreq.o
LOAD ./Middlewares/ST/STM32_USB_Device_Library/Core/Src/usbd_ioreq.o
LOAD ./Middlewares/Third_Party/FreeRTOS/Source/CMSIS_RTOS_V2/cmsis_os2.o
LOAD ./Middlewares/Third_Party/FreeRTOS/Source/croutine.o
LOAD ./Middlewares/Third_Party/FreeRTOS/Source/event_groups.o
LOAD ./Middlewares/Third_Party/FreeRTOS/Source/list.o
LOAD ./Middlewares/Third_Party/FreeRTOS/Source/queue.o
LOAD ./Middlewares/Third_Party/FreeRTOS/Source/stream_buffer.o
LOAD ./Middlewares/Third_Party/FreeRTOS/Source/tasks.o
LOAD ./Middlewares/Third_Party/FreeRTOS/Source/timers.o
LOAD ./Middlewares/Third_Party/FreeRTOS/Source/portable/GCC/ARM_CM4F/port.o
LOAD ./Middlewares/Third_Party/FreeRTOS/Source/portable/MemMang/heap_4.o
LOAD ./USB_DEVICE/App/usb_device.o
LOAD ./USB_DEVICE/App/usbd_cdc_if.o
LOAD ./USB_DEVICE/App/usbd_desc.o
LOAD ./USB_DEVICE/Target/usbd_conf.o
START GROUP
LOAD /home/odemki/Programs/programs/STM32IDE/1/en.en-st-stm32cubeide_1-5-0_8698_20201117_1050_amd64_sh/makeself_dir_5QpOGP/y/plugins/com.st.stm32cube.ide.mcu.externaltools.gnu-tools-for-stm32.9-2020-q2-update.linux64_2.0.0.202105311346/tools/bin/../lib/gcc/arm-none-eabi/9.3.1/../../../../arm-none-eabi/lib/thumb/v7e-m+fp/hard/libc_nano.a
LOAD /home/odemki/Programs/programs/STM32IDE/1/en.en-st-stm32cubeide_1-5-0_8698_20201117_1050_amd64_sh/makeself_dir_5QpOGP/y/plugins/com.st.stm32cube.ide.mcu.externaltools.gnu-tools-for-stm32.9-2020-q2-update.linux64_2.0.0.202105311346/tools/bin/../lib/gcc/arm-none-eabi/9.3.1/../../../../arm-none-eabi/lib/thumb/v7e-m+fp/hard/libm.a
END GROUP
START GROUP
LOAD /home/odemki/Programs/programs/STM32IDE/1/en.en-st-stm32cubeide_1-5-0_8698_20201117_1050_amd64_sh/makeself_dir_5QpOGP/y/plugins/com.st.stm32cube.ide.mcu.externaltools.gnu-tools-for-stm32.9-2020-q2-update.linux64_2.0.0.202105311346/tools/bin/../lib/gcc/arm-none-eabi/9.3.1/thumb/v7e-m+fp/hard/libgcc.a
LOAD /home/odemki/Programs/programs/STM32IDE/1/en.en-st-stm32cubeide_1-5-0_8698_20201117_1050_amd64_sh/makeself_dir_5QpOGP/y/plugins/com.st.stm32cube.ide.mcu.externaltools.gnu-tools-for-stm32.9-2020-q2-update.linux64_2.0.0.202105311346/tools/bin/../lib/gcc/arm-none-eabi/9.3.1/../../../../arm-none-eabi/lib/thumb/v7e-m+fp/hard/libc_nano.a
END GROUP
START GROUP
LOAD /home/odemki/Programs/programs/STM32IDE/1/en.en-st-stm32cubeide_1-5-0_8698_20201117_1050_amd64_sh/makeself_dir_5QpOGP/y/plugins/com.st.stm32cube.ide.mcu.externaltools.gnu-tools-for-stm32.9-2020-q2-update.linux64_2.0.0.202105311346/tools/bin/../lib/gcc/arm-none-eabi/9.3.1/thumb/v7e-m+fp/hard/libgcc.a
LOAD /home/odemki/Programs/programs/STM32IDE/1/en.en-st-stm32cubeide_1-5-0_8698_20201117_1050_amd64_sh/makeself_dir_5QpOGP/y/plugins/com.st.stm32cube.ide.mcu.externaltools.gnu-tools-for-stm32.9-2020-q2-update.linux64_2.0.0.202105311346/tools/bin/../lib/gcc/arm-none-eabi/9.3.1/../../../../arm-none-eabi/lib/thumb/v7e-m+fp/hard/libc_nano.a
LOAD /home/odemki/Programs/programs/STM32IDE/1/en.en-st-stm32cubeide_1-5-0_8698_20201117_1050_amd64_sh/makeself_dir_5QpOGP/y/plugins/com.st.stm32cube.ide.mcu.externaltools.gnu-tools-for-stm32.9-2020-q2-update.linux64_2.0.0.202105311346/tools/bin/../lib/gcc/arm-none-eabi/9.3.1/../../../../arm-none-eabi/lib/thumb/v7e-m+fp/hard/libnosys.a
END GROUP
START GROUP
LOAD /home/odemki/Programs/programs/STM32IDE/1/en.en-st-stm32cubeide_1-5-0_8698_20201117_1050_amd64_sh/makeself_dir_5QpOGP/y/plugins/com.st.stm32cube.ide.mcu.externaltools.gnu-tools-for-stm32.9-2020-q2-update.linux64_2.0.0.202105311346/tools/bin/../lib/gcc/arm-none-eabi/9.3.1/thumb/v7e-m+fp/hard/libgcc.a
LOAD /home/odemki/Programs/programs/STM32IDE/1/en.en-st-stm32cubeide_1-5-0_8698_20201117_1050_amd64_sh/makeself_dir_5QpOGP/y/plugins/com.st.stm32cube.ide.mcu.externaltools.gnu-tools-for-stm32.9-2020-q2-update.linux64_2.0.0.202105311346/tools/bin/../lib/gcc/arm-none-eabi/9.3.1/../../../../arm-none-eabi/lib/thumb/v7e-m+fp/hard/libc_nano.a
LOAD /home/odemki/Programs/programs/STM32IDE/1/en.en-st-stm32cubeide_1-5-0_8698_20201117_1050_amd64_sh/makeself_dir_5QpOGP/y/plugins/com.st.stm32cube.ide.mcu.externaltools.gnu-tools-for-stm32.9-2020-q2-update.linux64_2.0.0.202105311346/tools/bin/../lib/gcc/arm-none-eabi/9.3.1/../../../../arm-none-eabi/lib/thumb/v7e-m+fp/hard/libnosys.a
END GROUP
LOAD /home/odemki/Programs/programs/STM32IDE/1/en.en-st-stm32cubeide_1-5-0_8698_20201117_1050_amd64_sh/makeself_dir_5QpOGP/y/plugins/com.st.stm32cube.ide.mcu.externaltools.gnu-tools-for-stm32.9-2020-q2-update.linux64_2.0.0.202105311346/tools/bin/../lib/gcc/arm-none-eabi/9.3.1/thumb/v7e-m+fp/hard/crtend.o
LOAD /home/odemki/Programs/programs/STM32IDE/1/en.en-st-stm32cubeide_1-5-0_8698_20201117_1050_amd64_sh/makeself_dir_5QpOGP/y/plugins/com.st.stm32cube.ide.mcu.externaltools.gnu-tools-for-stm32.9-2020-q2-update.linux64_2.0.0.202105311346/tools/bin/../lib/gcc/arm-none-eabi/9.3.1/thumb/v7e-m+fp/hard/crtn.o
                0x0000000020020000                _estack = (ORIGIN (RAM) + LENGTH (RAM))
                0x0000000000000200                _Min_Heap_Size = 0x200
                0x0000000000000400                _Min_Stack_Size = 0x400

.isr_vector     0x0000000008000000      0x188
                0x0000000008000000                . = ALIGN (0x4)
 *(.isr_vector)
 .isr_vector    0x0000000008000000      0x188 ./Core/Startup/startup_stm32f407vgtx.o
                0x0000000008000000                g_pfnVectors
                0x0000000008000188                . = ALIGN (0x4)

.text           0x0000000008000190    0x113c4
                0x0000000008000190                . = ALIGN (0x4)
 *(.text)
 .text          0x0000000008000190       0x40 /home/odemki/Programs/programs/STM32IDE/1/en.en-st-stm32cubeide_1-5-0_8698_20201117_1050_amd64_sh/makeself_dir_5QpOGP/y/plugins/com.st.stm32cube.ide.mcu.externaltools.gnu-tools-for-stm32.9-2020-q2-update.linux64_2.0.0.202105311346/tools/bin/../lib/gcc/arm-none-eabi/9.3.1/thumb/v7e-m+fp/hard/crtbegin.o
 .text          0x00000000080001d0       0x10 /home/odemki/Programs/programs/STM32IDE/1/en.en-st-stm32cubeide_1-5-0_8698_20201117_1050_amd64_sh/makeself_dir_5QpOGP/y/plugins/com.st.stm32cube.ide.mcu.externaltools.gnu-tools-for-stm32.9-2020-q2-update.linux64_2.0.0.202105311346/tools/bin/../lib/gcc/arm-none-eabi/9.3.1/../../../../arm-none-eabi/lib/thumb/v7e-m+fp/hard/libc_nano.a(lib_a-strlen.o)
                0x00000000080001d0                strlen
 .text          0x00000000080001e0       0xa0 /home/odemki/Programs/programs/STM32IDE/1/en.en-st-stm32cubeide_1-5-0_8698_20201117_1050_amd64_sh/makeself_dir_5QpOGP/y/plugins/com.st.stm32cube.ide.mcu.externaltools.gnu-tools-for-stm32.9-2020-q2-update.linux64_2.0.0.202105311346/tools/bin/../lib/gcc/arm-none-eabi/9.3.1/../../../../arm-none-eabi/lib/thumb/v7e-m+fp/hard/libc_nano.a(lib_a-memchr.o)
                0x00000000080001e0                memchr
 .text          0x0000000008000280      0x378 /home/odemki/Programs/programs/STM32IDE/1/en.en-st-stm32cubeide_1-5-0_8698_20201117_1050_amd64_sh/makeself_dir_5QpOGP/y/plugins/com.st.stm32cube.ide.mcu.externaltools.gnu-tools-for-stm32.9-2020-q2-update.linux64_2.0.0.202105311346/tools/bin/../lib/gcc/arm-none-eabi/9.3.1/thumb/v7e-m+fp/hard/libgcc.a(_arm_addsubdf3.o)
                0x0000000008000280                __aeabi_drsub
                0x0000000008000288                __aeabi_dsub
                0x0000000008000288                __subdf3
                0x000000000800028c                __adddf3
                0x000000000800028c                __aeabi_dadd
                0x0000000008000504                __aeabi_ui2d
                0x0000000008000504                __floatunsidf
                0x0000000008000524                __floatsidf
                0x0000000008000524                __aeabi_i2d
                0x0000000008000548                __extendsfdf2
                0x0000000008000548                __aeabi_f2d
                0x000000000800058c                __aeabi_ul2d
                0x000000000800058c                __floatundidf
                0x000000000800059c                __floatdidf
                0x000000000800059c                __aeabi_l2d
 .text          0x00000000080005f8      0x424 /home/odemki/Programs/programs/STM32IDE/1/en.en-st-stm32cubeide_1-5-0_8698_20201117_1050_amd64_sh/makeself_dir_5QpOGP/y/plugins/com.st.stm32cube.ide.mcu.externaltools.gnu-tools-for-stm32.9-2020-q2-update.linux64_2.0.0.202105311346/tools/bin/../lib/gcc/arm-none-eabi/9.3.1/thumb/v7e-m+fp/hard/libgcc.a(_arm_muldivdf3.o)
                0x00000000080005f8                __aeabi_dmul
                0x00000000080005f8                __muldf3
                0x000000000800084c                __aeabi_ddiv
                0x000000000800084c                __divdf3
 .text          0x0000000008000a1c      0x110 /home/odemki/Programs/programs/STM32IDE/1/en.en-st-stm32cubeide_1-5-0_8698_20201117_1050_amd64_sh/makeself_dir_5QpOGP/y/plugins/com.st.stm32cube.ide.mcu.externaltools.gnu-tools-for-stm32.9-2020-q2-update.linux64_2.0.0.202105311346/tools/bin/../lib/gcc/arm-none-eabi/9.3.1/thumb/v7e-m+fp/hard/libgcc.a(_arm_cmpdf2.o)
                0x0000000008000a1c                __gtdf2
                0x0000000008000a1c                __gedf2
                0x0000000008000a24                __ltdf2
                0x0000000008000a24                __ledf2
                0x0000000008000a2c                __cmpdf2
                0x0000000008000a2c                __eqdf2
                0x0000000008000a2c                __nedf2
                0x0000000008000aa8                __aeabi_cdrcmple
                0x0000000008000ab8                __aeabi_cdcmple
                0x0000000008000ab8                __aeabi_cdcmpeq
                0x0000000008000ac8                __aeabi_dcmpeq
                0x0000000008000adc                __aeabi_dcmplt
                0x0000000008000af0                __aeabi_dcmple
                0x0000000008000b04                __aeabi_dcmpge
                0x0000000008000b18                __aeabi_dcmpgt
 .text          0x0000000008000b2c       0x2c /home/odemki/Programs/programs/STM32IDE/1/en.en-st-stm32cubeide_1-5-0_8698_20201117_1050_amd64_sh/makeself_dir_5QpOGP/y/plugins/com.st.stm32cube.ide.mcu.externaltools.gnu-tools-for-stm32.9-2020-q2-update.linux64_2.0.0.202105311346/tools/bin/../lib/gcc/arm-none-eabi/9.3.1/thumb/v7e-m+fp/hard/libgcc.a(_arm_unorddf2.o)
                0x0000000008000b2c                __aeabi_dcmpun
                0x0000000008000b2c                __unorddf2
 .text          0x0000000008000b58       0x50 /home/odemki/Programs/programs/STM32IDE/1/en.en-st-stm32cubeide_1-5-0_8698_20201117_1050_amd64_sh/makeself_dir_5QpOGP/y/plugins/com.st.stm32cube.ide.mcu.externaltools.gnu-tools-for-stm32.9-2020-q2-update.linux64_2.0.0.202105311346/tools/bin/../lib/gcc/arm-none-eabi/9.3.1/thumb/v7e-m+fp/hard/libgcc.a(_arm_fixdfsi.o)
                0x0000000008000b58                __fixdfsi
                0x0000000008000b58                __aeabi_d2iz
 .text          0x0000000008000ba8       0xa0 /home/odemki/Programs/programs/STM32IDE/1/en.en-st-stm32cubeide_1-5-0_8698_20201117_1050_amd64_sh/makeself_dir_5QpOGP/y/plugins/com.st.stm32cube.ide.mcu.externaltools.gnu-tools-for-stm32.9-2020-q2-update.linux64_2.0.0.202105311346/tools/bin/../lib/gcc/arm-none-eabi/9.3.1/thumb/v7e-m+fp/hard/libgcc.a(_arm_truncdfsf2.o)
                0x0000000008000ba8                __aeabi_d2f
                0x0000000008000ba8                __truncdfsf2
 .text          0x0000000008000c48       0x30 /home/odemki/Programs/programs/STM32IDE/1/en.en-st-stm32cubeide_1-5-0_8698_20201117_1050_amd64_sh/makeself_dir_5QpOGP/y/plugins/com.st.stm32cube.ide.mcu.externaltools.gnu-tools-for-stm32.9-2020-q2-update.linux64_2.0.0.202105311346/tools/bin/../lib/gcc/arm-none-eabi/9.3.1/thumb/v7e-m+fp/hard/libgcc.a(_aeabi_uldivmod.o)
                0x0000000008000c48                __aeabi_uldivmod
 .text          0x0000000008000c78      0x2c4 /home/odemki/Programs/programs/STM32IDE/1/en.en-st-stm32cubeide_1-5-0_8698_20201117_1050_amd64_sh/makeself_dir_5QpOGP/y/plugins/com.st.stm32cube.ide.mcu.externaltools.gnu-tools-for-stm32.9-2020-q2-update.linux64_2.0.0.202105311346/tools/bin/../lib/gcc/arm-none-eabi/9.3.1/thumb/v7e-m+fp/hard/libgcc.a(_udivmoddi4.o)
                0x0000000008000c78                __udivmoddi4
 .text          0x0000000008000f3c        0x4 /home/odemki/Programs/programs/STM32IDE/1/en.en-st-stm32cubeide_1-5-0_8698_20201117_1050_amd64_sh/makeself_dir_5QpOGP/y/plugins/com.st.stm32cube.ide.mcu.externaltools.gnu-tools-for-stm32.9-2020-q2-update.linux64_2.0.0.202105311346/tools/bin/../lib/gcc/arm-none-eabi/9.3.1/thumb/v7e-m+fp/hard/libgcc.a(_dvmd_tls.o)
                0x0000000008000f3c                __aeabi_ldiv0
                0x0000000008000f3c                __aeabi_idiv0
 *(.text*)
 .text.bme280_init
                0x0000000008000f40       0x96 ./Core/Src/BME280/bme280.o
                0x0000000008000f40                bme280_init
 .text.bme280_get_regs
                0x0000000008000fd6       0x60 ./Core/Src/BME280/bme280.o
                0x0000000008000fd6                bme280_get_regs
 .text.bme280_set_regs
                0x0000000008001036       0xee ./Core/Src/BME280/bme280.o
                0x0000000008001036                bme280_set_regs
 .text.bme280_set_sensor_settings
                0x0000000008001124       0xaa ./Core/Src/BME280/bme280.o
                0x0000000008001124                bme280_set_sensor_settings
 .text.bme280_set_sensor_mode
                0x00000000080011ce       0x68 ./Core/Src/BME280/bme280.o
                0x00000000080011ce                bme280_set_sensor_mode
 .text.bme280_get_sensor_mode
                0x0000000008001236       0x46 ./Core/Src/BME280/bme280.o
                0x0000000008001236                bme280_get_sensor_mode
 .text.bme280_soft_reset
                0x000000000800127c       0x4a ./Core/Src/BME280/bme280.o
                0x000000000800127c                bme280_soft_reset
 .text.bme280_get_sensor_data
                0x00000000080012c6       0x92 ./Core/Src/BME280/bme280.o
                0x00000000080012c6                bme280_get_sensor_data
 .text.bme280_parse_sensor_data
                0x0000000008001358       0x8c ./Core/Src/BME280/bme280.o
                0x0000000008001358                bme280_parse_sensor_data
 .text.bme280_compensate_data
                0x00000000080013e4       0xc2 ./Core/Src/BME280/bme280.o
                0x00000000080013e4                bme280_compensate_data
 .text.set_osr_settings
                0x00000000080014a6       0x4e ./Core/Src/BME280/bme280.o
 .text.set_osr_humidity_settings
                0x00000000080014f4       0x74 ./Core/Src/BME280/bme280.o
 .text.set_osr_press_temp_settings
                0x0000000008001568       0x78 ./Core/Src/BME280/bme280.o
 .text.set_filter_standby_settings
                0x00000000080015e0       0x78 ./Core/Src/BME280/bme280.o
 .text.fill_filter_settings
                0x0000000008001658       0x3a ./Core/Src/BME280/bme280.o
 .text.fill_standby_settings
                0x0000000008001692       0x34 ./Core/Src/BME280/bme280.o
 .text.fill_osr_press_settings
                0x00000000080016c6       0x3a ./Core/Src/BME280/bme280.o
 .text.fill_osr_temp_settings
                0x0000000008001700       0x34 ./Core/Src/BME280/bme280.o
 .text.parse_device_settings
                0x0000000008001734       0x68 ./Core/Src/BME280/bme280.o
 .text.write_power_mode
                0x000000000800179c       0x66 ./Core/Src/BME280/bme280.o
 .text.put_device_to_sleep
                0x0000000008001802       0x60 ./Core/Src/BME280/bme280.o
 .text.reload_device_settings
                0x0000000008001862       0x3a ./Core/Src/BME280/bme280.o
 .text.compensate_temperature
                0x000000000800189c      0x1a4 ./Core/Src/BME280/bme280.o
 .text.compensate_pressure
                0x0000000008001a40      0x3a0 ./Core/Src/BME280/bme280.o
 .text.compensate_humidity
                0x0000000008001de0      0x240 ./Core/Src/BME280/bme280.o
 .text.get_calib_data
                0x0000000008002020       0x8a ./Core/Src/BME280/bme280.o
 .text.interleave_reg_addr
                0x00000000080020aa       0x58 ./Core/Src/BME280/bme280.o
 .text.parse_temp_press_calib_data
                0x0000000008002102      0x15e ./Core/Src/BME280/bme280.o
 .text.parse_humidity_calib_data
                0x0000000008002260       0x9c ./Core/Src/BME280/bme280.o
 .text.are_settings_changed
                0x00000000080022fc       0x38 ./Core/Src/BME280/bme280.o
 .text.null_ptr_check
                0x0000000008002334       0x40 ./Core/Src/BME280/bme280.o
 .text.user_i2c_read
                0x0000000008002374       0x70 ./Core/Src/main.o
                0x0000000008002374                user_i2c_read
 .text.user_delay_ms
                0x00000000080023e4       0x16 ./Core/Src/main.o
                0x00000000080023e4                user_delay_ms
 *fill*         0x00000000080023fa        0x2 
 .text.user_i2c_write
                0x00000000080023fc       0x78 ./Core/Src/main.o
                0x00000000080023fc                user_i2c_write
 .text.main     0x0000000008002474       0xd4 ./Core/Src/main.o
                0x0000000008002474                main
 .text.SystemClock_Config
                0x0000000008002548       0xd4 ./Core/Src/main.o
                0x0000000008002548                SystemClock_Config
 .text.MX_I2C3_Init
                0x000000000800261c       0x5c ./Core/Src/main.o
 .text.MX_TIM3_Init
                0x0000000008002678       0x9c ./Core/Src/main.o
 .text.MX_GPIO_Init
                0x0000000008002714      0x280 ./Core/Src/main.o
 .text.StartDefaultTask
                0x0000000008002994       0x14 ./Core/Src/main.o
                0x0000000008002994                StartDefaultTask
 .text.Start_Blue_LED_Blink
                0x00000000080029a8       0x34 ./Core/Src/main.o
                0x00000000080029a8                Start_Blue_LED_Blink
 .text.Start_Show_Resources
                0x00000000080029dc      0x270 ./Core/Src/main.o
                0x00000000080029dc                Start_Show_Resources
 .text.Start_UART_Task
                0x0000000008002c4c       0x5c ./Core/Src/main.o
                0x0000000008002c4c                Start_UART_Task
 .text.Start_bme280
                0x0000000008002ca8      0x388 ./Core/Src/main.o
                0x0000000008002ca8                Start_bme280
 .text.HAL_TIM_PeriodElapsedCallback
                0x0000000008003030       0x40 ./Core/Src/main.o
                0x0000000008003030                HAL_TIM_PeriodElapsedCallback
 .text.Error_Handler
                0x0000000008003070        0xa ./Core/Src/main.o
                0x0000000008003070                Error_Handler
 *fill*         0x000000000800307a        0x2 
 .text.HAL_MspInit
                0x000000000800307c       0x58 ./Core/Src/stm32f4xx_hal_msp.o
                0x000000000800307c                HAL_MspInit
 .text.HAL_I2C_MspInit
                0x00000000080030d4       0xd4 ./Core/Src/stm32f4xx_hal_msp.o
                0x00000000080030d4                HAL_I2C_MspInit
 .text.HAL_TIM_Base_MspInit
                0x00000000080031a8       0x50 ./Core/Src/stm32f4xx_hal_msp.o
                0x00000000080031a8                HAL_TIM_Base_MspInit
 .text.HAL_InitTick
                0x00000000080031f8       0xb4 ./Core/Src/stm32f4xx_hal_timebase_tim.o
                0x00000000080031f8                HAL_InitTick
 .text.NMI_Handler
                0x00000000080032ac        0x6 ./Core/Src/stm32f4xx_it.o
                0x00000000080032ac                NMI_Handler
 .text.HardFault_Handler
                0x00000000080032b2        0x6 ./Core/Src/stm32f4xx_it.o
                0x00000000080032b2                HardFault_Handler
 .text.MemManage_Handler
                0x00000000080032b8        0x6 ./Core/Src/stm32f4xx_it.o
                0x00000000080032b8                MemManage_Handler
 .text.BusFault_Handler
                0x00000000080032be        0x6 ./Core/Src/stm32f4xx_it.o
                0x00000000080032be                BusFault_Handler
 .text.UsageFault_Handler
                0x00000000080032c4        0x6 ./Core/Src/stm32f4xx_it.o
                0x00000000080032c4                UsageFault_Handler
 .text.DebugMon_Handler
                0x00000000080032ca        0xe ./Core/Src/stm32f4xx_it.o
                0x00000000080032ca                DebugMon_Handler
 .text.TIM1_UP_TIM10_IRQHandler
                0x00000000080032d8       0x14 ./Core/Src/stm32f4xx_it.o
                0x00000000080032d8                TIM1_UP_TIM10_IRQHandler
 .text.TIM3_IRQHandler
                0x00000000080032ec       0x14 ./Core/Src/stm32f4xx_it.o
                0x00000000080032ec                TIM3_IRQHandler
 .text.OTG_FS_IRQHandler
                0x0000000008003300       0x14 ./Core/Src/stm32f4xx_it.o
                0x0000000008003300                OTG_FS_IRQHandler
 .text._getpid  0x0000000008003314       0x10 ./Core/Src/syscalls.o
                0x0000000008003314                _getpid
 .text._kill    0x0000000008003324       0x20 ./Core/Src/syscalls.o
                0x0000000008003324                _kill
 .text._exit    0x0000000008003344       0x14 ./Core/Src/syscalls.o
                0x0000000008003344                _exit
 .text._read    0x0000000008003358       0x3a ./Core/Src/syscalls.o
                0x0000000008003358                _read
 .text._write   0x0000000008003392       0x38 ./Core/Src/syscalls.o
                0x0000000008003392                _write
 .text._close   0x00000000080033ca       0x18 ./Core/Src/syscalls.o
                0x00000000080033ca                _close
 .text._fstat   0x00000000080033e2       0x20 ./Core/Src/syscalls.o
                0x00000000080033e2                _fstat
 .text._isatty  0x0000000008003402       0x16 ./Core/Src/syscalls.o
                0x0000000008003402                _isatty
 .text._lseek   0x0000000008003418       0x1a ./Core/Src/syscalls.o
                0x0000000008003418                _lseek
 *fill*         0x0000000008003432        0x2 
 .text._sbrk    0x0000000008003434       0x6c ./Core/Src/sysmem.o
                0x0000000008003434                _sbrk
 .text.SystemInit
                0x00000000080034a0       0x24 ./Core/Src/system_stm32f4xx.o
                0x00000000080034a0                SystemInit
 .text.Reset_Handler
                0x00000000080034c4       0x50 ./Core/Startup/startup_stm32f407vgtx.o
                0x00000000080034c4                Reset_Handler
 .text.Default_Handler
                0x0000000008003514        0x2 ./Core/Startup/startup_stm32f407vgtx.o
                0x0000000008003514                RTC_Alarm_IRQHandler
                0x0000000008003514                HASH_RNG_IRQHandler
                0x0000000008003514                EXTI2_IRQHandler
                0x0000000008003514                TIM8_CC_IRQHandler
                0x0000000008003514                TIM1_CC_IRQHandler
                0x0000000008003514                DMA2_Stream5_IRQHandler
                0x0000000008003514                DMA1_Stream5_IRQHandler
                0x0000000008003514                PVD_IRQHandler
                0x0000000008003514                SDIO_IRQHandler
                0x0000000008003514                TAMP_STAMP_IRQHandler
                0x0000000008003514                CAN2_RX1_IRQHandler
                0x0000000008003514                EXTI3_IRQHandler
                0x0000000008003514                TIM8_TRG_COM_TIM14_IRQHandler
                0x0000000008003514                TIM8_UP_TIM13_IRQHandler
                0x0000000008003514                I2C3_ER_IRQHandler
                0x0000000008003514                EXTI0_IRQHandler
                0x0000000008003514                I2C2_EV_IRQHandler
                0x0000000008003514                DMA1_Stream2_IRQHandler
                0x0000000008003514                CAN1_RX0_IRQHandler
                0x0000000008003514                FPU_IRQHandler
                0x0000000008003514                OTG_HS_WKUP_IRQHandler
                0x0000000008003514                CAN2_SCE_IRQHandler
                0x0000000008003514                DMA2_Stream2_IRQHandler
                0x0000000008003514                SPI1_IRQHandler
                0x0000000008003514                TIM6_DAC_IRQHandler
                0x0000000008003514                TIM1_BRK_TIM9_IRQHandler
                0x0000000008003514                DCMI_IRQHandler
                0x0000000008003514                CAN2_RX0_IRQHandler
                0x0000000008003514                DMA2_Stream3_IRQHandler
                0x0000000008003514                USART6_IRQHandler
                0x0000000008003514                USART3_IRQHandler
                0x0000000008003514                CAN1_RX1_IRQHandler
                0x0000000008003514                UART5_IRQHandler
                0x0000000008003514                DMA2_Stream0_IRQHandler
                0x0000000008003514                TIM4_IRQHandler
                0x0000000008003514                I2C1_EV_IRQHandler
                0x0000000008003514                DMA1_Stream6_IRQHandler
                0x0000000008003514                DMA1_Stream1_IRQHandler
                0x0000000008003514                UART4_IRQHandler
                0x0000000008003514                RCC_IRQHandler
                0x0000000008003514                TIM8_BRK_TIM12_IRQHandler
                0x0000000008003514                Default_Handler
                0x0000000008003514                EXTI15_10_IRQHandler
                0x0000000008003514                ADC_IRQHandler
                0x0000000008003514                DMA1_Stream7_IRQHandler
                0x0000000008003514                TIM7_IRQHandler
                0x0000000008003514                CAN2_TX_IRQHandler
                0x0000000008003514                TIM5_IRQHandler
                0x0000000008003514                DMA2_Stream7_IRQHandler
                0x0000000008003514                I2C3_EV_IRQHandler
                0x0000000008003514                EXTI9_5_IRQHandler
                0x0000000008003514                RTC_WKUP_IRQHandler
                0x0000000008003514                ETH_WKUP_IRQHandler
                0x0000000008003514                SPI2_IRQHandler
                0x0000000008003514                OTG_HS_EP1_IN_IRQHandler
                0x0000000008003514                DMA1_Stream0_IRQHandler
                0x0000000008003514                CAN1_TX_IRQHandler
                0x0000000008003514                EXTI4_IRQHandler
                0x0000000008003514                FSMC_IRQHandler
                0x0000000008003514                ETH_IRQHandler
                0x0000000008003514                OTG_HS_EP1_OUT_IRQHandler
                0x0000000008003514                WWDG_IRQHandler
                0x0000000008003514                TIM2_IRQHandler
                0x0000000008003514                OTG_FS_WKUP_IRQHandler
                0x0000000008003514                TIM1_TRG_COM_TIM11_IRQHandler
                0x0000000008003514                OTG_HS_IRQHandler
                0x0000000008003514                EXTI1_IRQHandler
                0x0000000008003514                USART2_IRQHandler
                0x0000000008003514                I2C2_ER_IRQHandler
                0x0000000008003514                DMA2_Stream1_IRQHandler
                0x0000000008003514                CAN1_SCE_IRQHandler
                0x0000000008003514                FLASH_IRQHandler
                0x0000000008003514                DMA2_Stream4_IRQHandler
                0x0000000008003514                USART1_IRQHandler
                0x0000000008003514                SPI3_IRQHandler
                0x0000000008003514                DMA1_Stream4_IRQHandler
                0x0000000008003514                I2C1_ER_IRQHandler
                0x0000000008003514                DMA2_Stream6_IRQHandler
                0x0000000008003514                DMA1_Stream3_IRQHandler
 *fill*         0x0000000008003516        0x2 
 .text.HAL_Init
                0x0000000008003518       0x44 ./Drivers/STM32F4xx_HAL_Driver/Src/stm32f4xx_hal.o
                0x0000000008003518                HAL_Init
 .text.HAL_IncTick
                0x000000000800355c       0x28 ./Drivers/STM32F4xx_HAL_Driver/Src/stm32f4xx_hal.o
                0x000000000800355c                HAL_IncTick
 .text.HAL_GetTick
                0x0000000008003584       0x18 ./Drivers/STM32F4xx_HAL_Driver/Src/stm32f4xx_hal.o
                0x0000000008003584                HAL_GetTick
 .text.HAL_Delay
                0x000000000800359c       0x48 ./Drivers/STM32F4xx_HAL_Driver/Src/stm32f4xx_hal.o
                0x000000000800359c                HAL_Delay
 .text.__NVIC_SetPriorityGrouping
                0x00000000080035e4       0x48 ./Drivers/STM32F4xx_HAL_Driver/Src/stm32f4xx_hal_cortex.o
 .text.__NVIC_GetPriorityGrouping
                0x000000000800362c       0x1c ./Drivers/STM32F4xx_HAL_Driver/Src/stm32f4xx_hal_cortex.o
 .text.__NVIC_EnableIRQ
                0x0000000008003648       0x3c ./Drivers/STM32F4xx_HAL_Driver/Src/stm32f4xx_hal_cortex.o
 .text.__NVIC_SetPriority
                0x0000000008003684       0x54 ./Drivers/STM32F4xx_HAL_Driver/Src/stm32f4xx_hal_cortex.o
 .text.NVIC_EncodePriority
                0x00000000080036d8       0x66 ./Drivers/STM32F4xx_HAL_Driver/Src/stm32f4xx_hal_cortex.o
 .text.HAL_NVIC_SetPriorityGrouping
                0x000000000800373e       0x16 ./Drivers/STM32F4xx_HAL_Driver/Src/stm32f4xx_hal_cortex.o
                0x000000000800373e                HAL_NVIC_SetPriorityGrouping
 .text.HAL_NVIC_SetPriority
                0x0000000008003754       0x38 ./Drivers/STM32F4xx_HAL_Driver/Src/stm32f4xx_hal_cortex.o
                0x0000000008003754                HAL_NVIC_SetPriority
 .text.HAL_NVIC_EnableIRQ
                0x000000000800378c       0x1c ./Drivers/STM32F4xx_HAL_Driver/Src/stm32f4xx_hal_cortex.o
                0x000000000800378c                HAL_NVIC_EnableIRQ
 .text.HAL_GPIO_Init
                0x00000000080037a8      0x338 ./Drivers/STM32F4xx_HAL_Driver/Src/stm32f4xx_hal_gpio.o
                0x00000000080037a8                HAL_GPIO_Init
 .text.HAL_GPIO_WritePin
                0x0000000008003ae0       0x32 ./Drivers/STM32F4xx_HAL_Driver/Src/stm32f4xx_hal_gpio.o
                0x0000000008003ae0                HAL_GPIO_WritePin
 *fill*         0x0000000008003b12        0x2 
 .text.HAL_I2C_Init
                0x0000000008003b14      0x288 ./Drivers/STM32F4xx_HAL_Driver/Src/stm32f4xx_hal_i2c.o
                0x0000000008003b14                HAL_I2C_Init
 .text.HAL_I2C_Master_Transmit
                0x0000000008003d9c      0x1fc ./Drivers/STM32F4xx_HAL_Driver/Src/stm32f4xx_hal_i2c.o
                0x0000000008003d9c                HAL_I2C_Master_Transmit
 .text.HAL_I2C_Master_Receive
                0x0000000008003f98      0x44c ./Drivers/STM32F4xx_HAL_Driver/Src/stm32f4xx_hal_i2c.o
                0x0000000008003f98                HAL_I2C_Master_Receive
 .text.HAL_I2C_Mem_Read
                0x00000000080043e4      0x44c ./Drivers/STM32F4xx_HAL_Driver/Src/stm32f4xx_hal_i2c.o
                0x00000000080043e4                HAL_I2C_Mem_Read
 .text.I2C_MasterRequestWrite
                0x0000000008004830      0x104 ./Drivers/STM32F4xx_HAL_Driver/Src/stm32f4xx_hal_i2c.o
 .text.I2C_MasterRequestRead
                0x0000000008004934      0x19c ./Drivers/STM32F4xx_HAL_Driver/Src/stm32f4xx_hal_i2c.o
 .text.I2C_RequestMemoryRead
                0x0000000008004ad0      0x1d0 ./Drivers/STM32F4xx_HAL_Driver/Src/stm32f4xx_hal_i2c.o
 .text.I2C_WaitOnFlagUntilTimeout
                0x0000000008004ca0       0xae ./Drivers/STM32F4xx_HAL_Driver/Src/stm32f4xx_hal_i2c.o
 .text.I2C_WaitOnMasterAddressFlagUntilTimeout
                0x0000000008004d4e       0xfe ./Drivers/STM32F4xx_HAL_Driver/Src/stm32f4xx_hal_i2c.o
 .text.I2C_WaitOnTXEFlagUntilTimeout
                0x0000000008004e4c       0x82 ./Drivers/STM32F4xx_HAL_Driver/Src/stm32f4xx_hal_i2c.o
 .text.I2C_WaitOnBTFFlagUntilTimeout
                0x0000000008004ece       0x82 ./Drivers/STM32F4xx_HAL_Driver/Src/stm32f4xx_hal_i2c.o
 .text.I2C_WaitOnRXNEFlagUntilTimeout
                0x0000000008004f50       0xac ./Drivers/STM32F4xx_HAL_Driver/Src/stm32f4xx_hal_i2c.o
 .text.I2C_IsAcknowledgeFailed
                0x0000000008004ffc       0x5e ./Drivers/STM32F4xx_HAL_Driver/Src/stm32f4xx_hal_i2c.o
 .text.HAL_PCD_Init
                0x000000000800505a      0x23a ./Drivers/STM32F4xx_HAL_Driver/Src/stm32f4xx_hal_pcd.o
                0x000000000800505a                HAL_PCD_Init
 .text.HAL_PCD_Start
                0x0000000008005294       0x66 ./Drivers/STM32F4xx_HAL_Driver/Src/stm32f4xx_hal_pcd.o
                0x0000000008005294                HAL_PCD_Start
 .text.HAL_PCD_IRQHandler
                0x00000000080052fa      0x764 ./Drivers/STM32F4xx_HAL_Driver/Src/stm32f4xx_hal_pcd.o
                0x00000000080052fa                HAL_PCD_IRQHandler
 .text.HAL_PCD_SetAddress
                0x0000000008005a5e       0x4a ./Drivers/STM32F4xx_HAL_Driver/Src/stm32f4xx_hal_pcd.o
                0x0000000008005a5e                HAL_PCD_SetAddress
 .text.HAL_PCD_EP_Open
                0x0000000008005aa8       0xd0 ./Drivers/STM32F4xx_HAL_Driver/Src/stm32f4xx_hal_pcd.o
                0x0000000008005aa8                HAL_PCD_EP_Open
 .text.HAL_PCD_EP_Close
                0x0000000008005b78       0x94 ./Drivers/STM32F4xx_HAL_Driver/Src/stm32f4xx_hal_pcd.o
                0x0000000008005b78                HAL_PCD_EP_Close
 .text.HAL_PCD_EP_Receive
                0x0000000008005c0c       0x96 ./Drivers/STM32F4xx_HAL_Driver/Src/stm32f4xx_hal_pcd.o
                0x0000000008005c0c                HAL_PCD_EP_Receive
 .text.HAL_PCD_EP_GetRxCount
                0x0000000008005ca2       0x30 ./Drivers/STM32F4xx_HAL_Driver/Src/stm32f4xx_hal_pcd.o
                0x0000000008005ca2                HAL_PCD_EP_GetRxCount
 .text.HAL_PCD_EP_Transmit
                0x0000000008005cd2       0x94 ./Drivers/STM32F4xx_HAL_Driver/Src/stm32f4xx_hal_pcd.o
                0x0000000008005cd2                HAL_PCD_EP_Transmit
 .text.HAL_PCD_EP_SetStall
                0x0000000008005d66       0xc8 ./Drivers/STM32F4xx_HAL_Driver/Src/stm32f4xx_hal_pcd.o
                0x0000000008005d66                HAL_PCD_EP_SetStall
 .text.HAL_PCD_EP_ClrStall
                0x0000000008005e2e       0xac ./Drivers/STM32F4xx_HAL_Driver/Src/stm32f4xx_hal_pcd.o
                0x0000000008005e2e                HAL_PCD_EP_ClrStall
 .text.PCD_WriteEmptyTxFifo
                0x0000000008005eda      0x11a ./Drivers/STM32F4xx_HAL_Driver/Src/stm32f4xx_hal_pcd.o
 .text.PCD_EP_OutXfrComplete_int
                0x0000000008005ff4      0x218 ./Drivers/STM32F4xx_HAL_Driver/Src/stm32f4xx_hal_pcd.o
 .text.PCD_EP_OutSetupPacket_int
                0x000000000800620c       0x8c ./Drivers/STM32F4xx_HAL_Driver/Src/stm32f4xx_hal_pcd.o
 .text.HAL_PCDEx_SetTxFiFo
                0x0000000008006298       0x8e ./Drivers/STM32F4xx_HAL_Driver/Src/stm32f4xx_hal_pcd_ex.o
                0x0000000008006298                HAL_PCDEx_SetTxFiFo
 .text.HAL_PCDEx_SetRxFiFo
                0x0000000008006326       0x22 ./Drivers/STM32F4xx_HAL_Driver/Src/stm32f4xx_hal_pcd_ex.o
                0x0000000008006326                HAL_PCDEx_SetRxFiFo
 .text.HAL_PCDEx_LPM_Callback
                0x0000000008006348       0x18 ./Drivers/STM32F4xx_HAL_Driver/Src/stm32f4xx_hal_pcd_ex.o
                0x0000000008006348                HAL_PCDEx_LPM_Callback
 .text.HAL_RCC_OscConfig
                0x0000000008006360      0x4f0 ./Drivers/STM32F4xx_HAL_Driver/Src/stm32f4xx_hal_rcc.o
                0x0000000008006360                HAL_RCC_OscConfig
 .text.HAL_RCC_ClockConfig
                0x0000000008006850      0x1cc ./Drivers/STM32F4xx_HAL_Driver/Src/stm32f4xx_hal_rcc.o
                0x0000000008006850                HAL_RCC_ClockConfig
 .text.HAL_RCC_GetSysClockFreq
                0x0000000008006a1c      0x1c4 ./Drivers/STM32F4xx_HAL_Driver/Src/stm32f4xx_hal_rcc.o
                0x0000000008006a1c                HAL_RCC_GetSysClockFreq
 .text.HAL_RCC_GetHCLKFreq
                0x0000000008006be0       0x18 ./Drivers/STM32F4xx_HAL_Driver/Src/stm32f4xx_hal_rcc.o
                0x0000000008006be0                HAL_RCC_GetHCLKFreq
 .text.HAL_RCC_GetPCLK1Freq
                0x0000000008006bf8       0x28 ./Drivers/STM32F4xx_HAL_Driver/Src/stm32f4xx_hal_rcc.o
                0x0000000008006bf8                HAL_RCC_GetPCLK1Freq
 .text.HAL_RCC_GetPCLK2Freq
                0x0000000008006c20       0x28 ./Drivers/STM32F4xx_HAL_Driver/Src/stm32f4xx_hal_rcc.o
                0x0000000008006c20                HAL_RCC_GetPCLK2Freq
 .text.HAL_RCC_GetClockConfig
                0x0000000008006c48       0x64 ./Drivers/STM32F4xx_HAL_Driver/Src/stm32f4xx_hal_rcc.o
                0x0000000008006c48                HAL_RCC_GetClockConfig
 .text.HAL_TIM_Base_Init
                0x0000000008006cac       0x9e ./Drivers/STM32F4xx_HAL_Driver/Src/stm32f4xx_hal_tim.o
                0x0000000008006cac                HAL_TIM_Base_Init
 *fill*         0x0000000008006d4a        0x2 
 .text.HAL_TIM_Base_Start_IT
                0x0000000008006d4c       0xe0 ./Drivers/STM32F4xx_HAL_Driver/Src/stm32f4xx_hal_tim.o
                0x0000000008006d4c                HAL_TIM_Base_Start_IT
 .text.HAL_TIM_IRQHandler
                0x0000000008006e2c      0x210 ./Drivers/STM32F4xx_HAL_Driver/Src/stm32f4xx_hal_tim.o
                0x0000000008006e2c                HAL_TIM_IRQHandler
 .text.HAL_TIM_ConfigClockSource
                0x000000000800703c      0x18e ./Drivers/STM32F4xx_HAL_Driver/Src/stm32f4xx_hal_tim.o
                0x000000000800703c                HAL_TIM_ConfigClockSource
 .text.HAL_TIM_OC_DelayElapsedCallback
                0x00000000080071ca       0x14 ./Drivers/STM32F4xx_HAL_Driver/Src/stm32f4xx_hal_tim.o
                0x00000000080071ca                HAL_TIM_OC_DelayElapsedCallback
 .text.HAL_TIM_IC_CaptureCallback
                0x00000000080071de       0x14 ./Drivers/STM32F4xx_HAL_Driver/Src/stm32f4xx_hal_tim.o
                0x00000000080071de                HAL_TIM_IC_CaptureCallback
 .text.HAL_TIM_PWM_PulseFinishedCallback
                0x00000000080071f2       0x14 ./Drivers/STM32F4xx_HAL_Driver/Src/stm32f4xx_hal_tim.o
                0x00000000080071f2                HAL_TIM_PWM_PulseFinishedCallback
 .text.HAL_TIM_TriggerCallback
                0x0000000008007206       0x14 ./Drivers/STM32F4xx_HAL_Driver/Src/stm32f4xx_hal_tim.o
                0x0000000008007206                HAL_TIM_TriggerCallback
 *fill*         0x000000000800721a        0x2 
 .text.TIM_Base_SetConfig
                0x000000000800721c      0x140 ./Drivers/STM32F4xx_HAL_Driver/Src/stm32f4xx_hal_tim.o
                0x000000000800721c                TIM_Base_SetConfig
 .text.TIM_TI1_ConfigInputStage
                0x000000000800735c       0x5e ./Drivers/STM32F4xx_HAL_Driver/Src/stm32f4xx_hal_tim.o
 .text.TIM_TI2_ConfigInputStage
                0x00000000080073ba       0x60 ./Drivers/STM32F4xx_HAL_Driver/Src/stm32f4xx_hal_tim.o
 .text.TIM_ITRx_SetConfig
                0x000000000800741a       0x36 ./Drivers/STM32F4xx_HAL_Driver/Src/stm32f4xx_hal_tim.o
 .text.TIM_ETR_SetConfig
                0x0000000008007450       0x40 ./Drivers/STM32F4xx_HAL_Driver/Src/stm32f4xx_hal_tim.o
                0x0000000008007450                TIM_ETR_SetConfig
 .text.HAL_TIMEx_MasterConfigSynchronization
                0x0000000008007490       0xf8 ./Drivers/STM32F4xx_HAL_Driver/Src/stm32f4xx_hal_tim_ex.o
                0x0000000008007490                HAL_TIMEx_MasterConfigSynchronization
 .text.HAL_TIMEx_CommutCallback
                0x0000000008007588       0x14 ./Drivers/STM32F4xx_HAL_Driver/Src/stm32f4xx_hal_tim_ex.o
                0x0000000008007588                HAL_TIMEx_CommutCallback
 .text.HAL_TIMEx_BreakCallback
                0x000000000800759c       0x14 ./Drivers/STM32F4xx_HAL_Driver/Src/stm32f4xx_hal_tim_ex.o
                0x000000000800759c                HAL_TIMEx_BreakCallback
 .text.USB_CoreInit
                0x00000000080075b0       0xc2 ./Drivers/STM32F4xx_HAL_Driver/Src/stm32f4xx_ll_usb.o
                0x00000000080075b0                USB_CoreInit
 *fill*         0x0000000008007672        0x2 
 .text.USB_SetTurnaroundTime
                0x0000000008007674      0x144 ./Drivers/STM32F4xx_HAL_Driver/Src/stm32f4xx_ll_usb.o
                0x0000000008007674                USB_SetTurnaroundTime
 .text.USB_EnableGlobalInt
                0x00000000080077b8       0x22 ./Drivers/STM32F4xx_HAL_Driver/Src/stm32f4xx_ll_usb.o
                0x00000000080077b8                USB_EnableGlobalInt
 .text.USB_DisableGlobalInt
                0x00000000080077da       0x22 ./Drivers/STM32F4xx_HAL_Driver/Src/stm32f4xx_ll_usb.o
                0x00000000080077da                USB_DisableGlobalInt
 .text.USB_SetCurrentMode
                0x00000000080077fc       0x98 ./Drivers/STM32F4xx_HAL_Driver/Src/stm32f4xx_ll_usb.o
                0x00000000080077fc                USB_SetCurrentMode
 .text.USB_DevInit
                0x0000000008007894      0x2c8 ./Drivers/STM32F4xx_HAL_Driver/Src/stm32f4xx_ll_usb.o
                0x0000000008007894                USB_DevInit
 .text.USB_FlushTxFifo
                0x0000000008007b5c       0x48 ./Drivers/STM32F4xx_HAL_Driver/Src/stm32f4xx_ll_usb.o
                0x0000000008007b5c                USB_FlushTxFifo
 .text.USB_FlushRxFifo
                0x0000000008007ba4       0x40 ./Drivers/STM32F4xx_HAL_Driver/Src/stm32f4xx_ll_usb.o
                0x0000000008007ba4                USB_FlushRxFifo
 .text.USB_SetDevSpeed
                0x0000000008007be4       0x32 ./Drivers/STM32F4xx_HAL_Driver/Src/stm32f4xx_ll_usb.o
                0x0000000008007be4                USB_SetDevSpeed
 .text.USB_GetDevSpeed
                0x0000000008007c16       0x4a ./Drivers/STM32F4xx_HAL_Driver/Src/stm32f4xx_ll_usb.o
                0x0000000008007c16                USB_GetDevSpeed
 .text.USB_ActivateEndpoint
                0x0000000008007c60      0x10e ./Drivers/STM32F4xx_HAL_Driver/Src/stm32f4xx_ll_usb.o
                0x0000000008007c60                USB_ActivateEndpoint
 *fill*         0x0000000008007d6e        0x2 
 .text.USB_DeactivateEndpoint
                0x0000000008007d70      0x1b8 ./Drivers/STM32F4xx_HAL_Driver/Src/stm32f4xx_ll_usb.o
                0x0000000008007d70                USB_DeactivateEndpoint
 .text.USB_EPStartXfer
                0x0000000008007f28      0x488 ./Drivers/STM32F4xx_HAL_Driver/Src/stm32f4xx_ll_usb.o
                0x0000000008007f28                USB_EPStartXfer
 .text.USB_EP0StartXfer
                0x00000000080083b0      0x2a6 ./Drivers/STM32F4xx_HAL_Driver/Src/stm32f4xx_ll_usb.o
                0x00000000080083b0                USB_EP0StartXfer
 .text.USB_WritePacket
                0x0000000008008656       0x7c ./Drivers/STM32F4xx_HAL_Driver/Src/stm32f4xx_ll_usb.o
                0x0000000008008656                USB_WritePacket
 .text.USB_ReadPacket
                0x00000000080086d2       0xb0 ./Drivers/STM32F4xx_HAL_Driver/Src/stm32f4xx_ll_usb.o
                0x00000000080086d2                USB_ReadPacket
 .text.USB_EPSetStall
                0x0000000008008782       0xdc ./Drivers/STM32F4xx_HAL_Driver/Src/stm32f4xx_ll_usb.o
                0x0000000008008782                USB_EPSetStall
 .text.USB_EPClearStall
                0x000000000800885e       0xcc ./Drivers/STM32F4xx_HAL_Driver/Src/stm32f4xx_ll_usb.o
                0x000000000800885e                USB_EPClearStall
 .text.USB_SetDevAddress
                0x000000000800892a       0x4c ./Drivers/STM32F4xx_HAL_Driver/Src/stm32f4xx_ll_usb.o
                0x000000000800892a                USB_SetDevAddress
 .text.USB_DevConnect
                0x0000000008008976       0x42 ./Drivers/STM32F4xx_HAL_Driver/Src/stm32f4xx_ll_usb.o
                0x0000000008008976                USB_DevConnect
 .text.USB_DevDisconnect
                0x00000000080089b8       0x42 ./Drivers/STM32F4xx_HAL_Driver/Src/stm32f4xx_ll_usb.o
                0x00000000080089b8                USB_DevDisconnect
 .text.USB_ReadInterrupts
                0x00000000080089fa       0x26 ./Drivers/STM32F4xx_HAL_Driver/Src/stm32f4xx_ll_usb.o
                0x00000000080089fa                USB_ReadInterrupts
 .text.USB_ReadDevAllOutEpInterrupt
                0x0000000008008a20       0x34 ./Drivers/STM32F4xx_HAL_Driver/Src/stm32f4xx_ll_usb.o
                0x0000000008008a20                USB_ReadDevAllOutEpInterrupt
 .text.USB_ReadDevAllInEpInterrupt
                0x0000000008008a54       0x34 ./Drivers/STM32F4xx_HAL_Driver/Src/stm32f4xx_ll_usb.o
                0x0000000008008a54                USB_ReadDevAllInEpInterrupt
 .text.USB_ReadDevOutEPInterrupt
                0x0000000008008a88       0x3c ./Drivers/STM32F4xx_HAL_Driver/Src/stm32f4xx_ll_usb.o
                0x0000000008008a88                USB_ReadDevOutEPInterrupt
 .text.USB_ReadDevInEPInterrupt
                0x0000000008008ac4       0x5c ./Drivers/STM32F4xx_HAL_Driver/Src/stm32f4xx_ll_usb.o
                0x0000000008008ac4                USB_ReadDevInEPInterrupt
 .text.USB_GetMode
                0x0000000008008b20       0x1c ./Drivers/STM32F4xx_HAL_Driver/Src/stm32f4xx_ll_usb.o
                0x0000000008008b20                USB_GetMode
 .text.USB_ActivateSetup
                0x0000000008008b3c       0x46 ./Drivers/STM32F4xx_HAL_Driver/Src/stm32f4xx_ll_usb.o
                0x0000000008008b3c                USB_ActivateSetup
 *fill*         0x0000000008008b82        0x2 
 .text.USB_EP0_OutStart
                0x0000000008008b84       0xbc ./Drivers/STM32F4xx_HAL_Driver/Src/stm32f4xx_ll_usb.o
                0x0000000008008b84                USB_EP0_OutStart
 .text.USB_CoreReset
                0x0000000008008c40       0x64 ./Drivers/STM32F4xx_HAL_Driver/Src/stm32f4xx_ll_usb.o
 .text.USBD_CDC_Init
                0x0000000008008ca4       0xfe ./Middlewares/ST/STM32_USB_Device_Library/Class/CDC/Src/usbd_cdc.o
 .text.USBD_CDC_DeInit
                0x0000000008008da2       0x74 ./Middlewares/ST/STM32_USB_Device_Library/Class/CDC/Src/usbd_cdc.o
 *fill*         0x0000000008008e16        0x2 
 .text.USBD_CDC_Setup
                0x0000000008008e18      0x190 ./Middlewares/ST/STM32_USB_Device_Library/Class/CDC/Src/usbd_cdc.o
 .text.USBD_CDC_DataIn
                0x0000000008008fa8       0xca ./Middlewares/ST/STM32_USB_Device_Library/Class/CDC/Src/usbd_cdc.o
 .text.USBD_CDC_DataOut
                0x0000000008009072       0x56 ./Middlewares/ST/STM32_USB_Device_Library/Class/CDC/Src/usbd_cdc.o
 .text.USBD_CDC_EP0_RxReady
                0x00000000080090c8       0x5a ./Middlewares/ST/STM32_USB_Device_Library/Class/CDC/Src/usbd_cdc.o
 *fill*         0x0000000008009122        0x2 
 .text.USBD_CDC_GetFSCfgDesc
                0x0000000008009124       0x20 ./Middlewares/ST/STM32_USB_Device_Library/Class/CDC/Src/usbd_cdc.o
 .text.USBD_CDC_GetHSCfgDesc
                0x0000000008009144       0x20 ./Middlewares/ST/STM32_USB_Device_Library/Class/CDC/Src/usbd_cdc.o
 .text.USBD_CDC_GetOtherSpeedCfgDesc
                0x0000000008009164       0x20 ./Middlewares/ST/STM32_USB_Device_Library/Class/CDC/Src/usbd_cdc.o
 .text.USBD_CDC_GetDeviceQualifierDescriptor
                0x0000000008009184       0x20 ./Middlewares/ST/STM32_USB_Device_Library/Class/CDC/Src/usbd_cdc.o
                0x0000000008009184                USBD_CDC_GetDeviceQualifierDescriptor
 .text.USBD_CDC_RegisterInterface
                0x00000000080091a4       0x2a ./Middlewares/ST/STM32_USB_Device_Library/Class/CDC/Src/usbd_cdc.o
                0x00000000080091a4                USBD_CDC_RegisterInterface
 .text.USBD_CDC_SetTxBuffer
                0x00000000080091ce       0x3c ./Middlewares/ST/STM32_USB_Device_Library/Class/CDC/Src/usbd_cdc.o
                0x00000000080091ce                USBD_CDC_SetTxBuffer
 .text.USBD_CDC_SetRxBuffer
                0x000000000800920a       0x32 ./Middlewares/ST/STM32_USB_Device_Library/Class/CDC/Src/usbd_cdc.o
                0x000000000800920a                USBD_CDC_SetRxBuffer
 .text.USBD_CDC_TransmitPacket
                0x000000000800923c       0x60 ./Middlewares/ST/STM32_USB_Device_Library/Class/CDC/Src/usbd_cdc.o
                0x000000000800923c                USBD_CDC_TransmitPacket
 .text.USBD_CDC_ReceivePacket
                0x000000000800929c       0x54 ./Middlewares/ST/STM32_USB_Device_Library/Class/CDC/Src/usbd_cdc.o
                0x000000000800929c                USBD_CDC_ReceivePacket
 .text.USBD_Init
                0x00000000080092f0       0x60 ./Middlewares/ST/STM32_USB_Device_Library/Core/Src/usbd_core.o
                0x00000000080092f0                USBD_Init
 .text.USBD_RegisterClass
                0x0000000008009350       0x4e ./Middlewares/ST/STM32_USB_Device_Library/Core/Src/usbd_core.o
                0x0000000008009350                USBD_RegisterClass
 .text.USBD_Start
                0x000000000800939e       0x18 ./Middlewares/ST/STM32_USB_Device_Library/Core/Src/usbd_core.o
                0x000000000800939e                USBD_Start
 .text.USBD_RunTestMode
                0x00000000080093b6       0x16 ./Middlewares/ST/STM32_USB_Device_Library/Core/Src/usbd_core.o
                0x00000000080093b6                USBD_RunTestMode
 .text.USBD_SetClassConfig
                0x00000000080093cc       0x38 ./Middlewares/ST/STM32_USB_Device_Library/Core/Src/usbd_core.o
                0x00000000080093cc                USBD_SetClassConfig
 .text.USBD_ClrClassConfig
                0x0000000008009404       0x30 ./Middlewares/ST/STM32_USB_Device_Library/Core/Src/usbd_core.o
                0x0000000008009404                USBD_ClrClassConfig
 .text.USBD_LL_SetupStage
                0x0000000008009434       0xaa ./Middlewares/ST/STM32_USB_Device_Library/Core/Src/usbd_core.o
                0x0000000008009434                USBD_LL_SetupStage
 .text.USBD_LL_DataOutStage
                0x00000000080094de       0xc6 ./Middlewares/ST/STM32_USB_Device_Library/Core/Src/usbd_core.o
                0x00000000080094de                USBD_LL_DataOutStage
 .text.USBD_LL_DataInStage
                0x00000000080095a4      0x12c ./Middlewares/ST/STM32_USB_Device_Library/Core/Src/usbd_core.o
                0x00000000080095a4                USBD_LL_DataInStage
 .text.USBD_LL_Reset
                0x00000000080096d0       0x9c ./Middlewares/ST/STM32_USB_Device_Library/Core/Src/usbd_core.o
                0x00000000080096d0                USBD_LL_Reset
 .text.USBD_LL_SetSpeed
                0x000000000800976c       0x20 ./Middlewares/ST/STM32_USB_Device_Library/Core/Src/usbd_core.o
                0x000000000800976c                USBD_LL_SetSpeed
 .text.USBD_LL_Suspend
                0x000000000800978c       0x2c ./Middlewares/ST/STM32_USB_Device_Library/Core/Src/usbd_core.o
                0x000000000800978c                USBD_LL_Suspend
 .text.USBD_LL_Resume
                0x00000000080097b8       0x30 ./Middlewares/ST/STM32_USB_Device_Library/Core/Src/usbd_core.o
                0x00000000080097b8                USBD_LL_Resume
 .text.USBD_LL_SOF
                0x00000000080097e8       0x44 ./Middlewares/ST/STM32_USB_Device_Library/Core/Src/usbd_core.o
                0x00000000080097e8                USBD_LL_SOF
 .text.USBD_LL_IsoINIncomplete
                0x000000000800982c       0x4c ./Middlewares/ST/STM32_USB_Device_Library/Core/Src/usbd_core.o
                0x000000000800982c                USBD_LL_IsoINIncomplete
 .text.USBD_LL_IsoOUTIncomplete
                0x0000000008009878       0x4c ./Middlewares/ST/STM32_USB_Device_Library/Core/Src/usbd_core.o
                0x0000000008009878                USBD_LL_IsoOUTIncomplete
 .text.USBD_LL_DevConnected
                0x00000000080098c4       0x16 ./Middlewares/ST/STM32_USB_Device_Library/Core/Src/usbd_core.o
                0x00000000080098c4                USBD_LL_DevConnected
 .text.USBD_LL_DevDisconnected
                0x00000000080098da       0x38 ./Middlewares/ST/STM32_USB_Device_Library/Core/Src/usbd_core.o
                0x00000000080098da                USBD_LL_DevDisconnected
 .text.SWAPBYTE
                0x0000000008009912       0x3c ./Middlewares/ST/STM32_USB_Device_Library/Core/Src/usbd_ctlreq.o
 *fill*         0x000000000800994e        0x2 
 .text.USBD_StdDevReq
                0x0000000008009950       0xdc ./Middlewares/ST/STM32_USB_Device_Library/Core/Src/usbd_ctlreq.o
                0x0000000008009950                USBD_StdDevReq
 .text.USBD_StdItfReq
                0x0000000008009a2c       0x92 ./Middlewares/ST/STM32_USB_Device_Library/Core/Src/usbd_ctlreq.o
                0x0000000008009a2c                USBD_StdItfReq
 .text.USBD_StdEPReq
                0x0000000008009abe      0x2c4 ./Middlewares/ST/STM32_USB_Device_Library/Core/Src/usbd_ctlreq.o
                0x0000000008009abe                USBD_StdEPReq
 *fill*         0x0000000008009d82        0x2 
 .text.USBD_GetDescriptor
                0x0000000008009d84      0x2d4 ./Middlewares/ST/STM32_USB_Device_Library/Core/Src/usbd_ctlreq.o
 .text.USBD_SetAddress
                0x000000000800a058       0x88 ./Middlewares/ST/STM32_USB_Device_Library/Core/Src/usbd_ctlreq.o
 .text.USBD_SetConfig
                0x000000000800a0e0      0x14c ./Middlewares/ST/STM32_USB_Device_Library/Core/Src/usbd_ctlreq.o
 .text.USBD_GetConfig
                0x000000000800a22c       0x6c ./Middlewares/ST/STM32_USB_Device_Library/Core/Src/usbd_ctlreq.o
 .text.USBD_GetStatus
                0x000000000800a298       0x68 ./Middlewares/ST/STM32_USB_Device_Library/Core/Src/usbd_ctlreq.o
 .text.USBD_SetFeature
                0x000000000800a300       0x28 ./Middlewares/ST/STM32_USB_Device_Library/Core/Src/usbd_ctlreq.o
 .text.USBD_ClrFeature
                0x000000000800a328       0x44 ./Middlewares/ST/STM32_USB_Device_Library/Core/Src/usbd_ctlreq.o
 .text.USBD_ParseSetupRequest
                0x000000000800a36c       0x74 ./Middlewares/ST/STM32_USB_Device_Library/Core/Src/usbd_ctlreq.o
                0x000000000800a36c                USBD_ParseSetupRequest
 .text.USBD_CtlError
                0x000000000800a3e0       0x22 ./Middlewares/ST/STM32_USB_Device_Library/Core/Src/usbd_ctlreq.o
                0x000000000800a3e0                USBD_CtlError
 .text.USBD_GetString
                0x000000000800a402       0x8c ./Middlewares/ST/STM32_USB_Device_Library/Core/Src/usbd_ctlreq.o
                0x000000000800a402                USBD_GetString
 .text.USBD_GetLen
                0x000000000800a48e       0x34 ./Middlewares/ST/STM32_USB_Device_Library/Core/Src/usbd_ctlreq.o
 .text.USBD_CtlSendData
                0x000000000800a4c2       0x36 ./Middlewares/ST/STM32_USB_Device_Library/Core/Src/usbd_ioreq.o
                0x000000000800a4c2                USBD_CtlSendData
 .text.USBD_CtlContinueSendData
                0x000000000800a4f8       0x22 ./Middlewares/ST/STM32_USB_Device_Library/Core/Src/usbd_ioreq.o
                0x000000000800a4f8                USBD_CtlContinueSendData
 .text.USBD_CtlPrepareRx
                0x000000000800a51a       0x3a ./Middlewares/ST/STM32_USB_Device_Library/Core/Src/usbd_ioreq.o
                0x000000000800a51a                USBD_CtlPrepareRx
 .text.USBD_CtlContinueRx
                0x000000000800a554       0x22 ./Middlewares/ST/STM32_USB_Device_Library/Core/Src/usbd_ioreq.o
                0x000000000800a554                USBD_CtlContinueRx
 .text.USBD_CtlSendStatus
                0x000000000800a576       0x26 ./Middlewares/ST/STM32_USB_Device_Library/Core/Src/usbd_ioreq.o
                0x000000000800a576                USBD_CtlSendStatus
 .text.USBD_CtlReceiveStatus
                0x000000000800a59c       0x26 ./Middlewares/ST/STM32_USB_Device_Library/Core/Src/usbd_ioreq.o
                0x000000000800a59c                USBD_CtlReceiveStatus
 *fill*         0x000000000800a5c2        0x2 
 .text.__NVIC_SetPriority
                0x000000000800a5c4       0x54 ./Middlewares/Third_Party/FreeRTOS/Source/CMSIS_RTOS_V2/cmsis_os2.o
 .text.SysTick_Handler
                0x000000000800a618       0x20 ./Middlewares/Third_Party/FreeRTOS/Source/CMSIS_RTOS_V2/cmsis_os2.o
                0x000000000800a618                SysTick_Handler
 .text.SVC_Setup
                0x000000000800a638       0x12 ./Middlewares/Third_Party/FreeRTOS/Source/CMSIS_RTOS_V2/cmsis_os2.o
 *fill*         0x000000000800a64a        0x2 
 .text.osKernelInitialize
                0x000000000800a64c       0x48 ./Middlewares/Third_Party/FreeRTOS/Source/CMSIS_RTOS_V2/cmsis_os2.o
                0x000000000800a64c                osKernelInitialize
 .text.osKernelStart
                0x000000000800a694       0x4c ./Middlewares/Third_Party/FreeRTOS/Source/CMSIS_RTOS_V2/cmsis_os2.o
                0x000000000800a694                osKernelStart
 .text.osThreadNew
                0x000000000800a6e0      0x124 ./Middlewares/Third_Party/FreeRTOS/Source/CMSIS_RTOS_V2/cmsis_os2.o
                0x000000000800a6e0                osThreadNew
 .text.osDelay  0x000000000800a804       0x36 ./Middlewares/Third_Party/FreeRTOS/Source/CMSIS_RTOS_V2/cmsis_os2.o
                0x000000000800a804                osDelay
 .text.osMessageQueueNew
                0x000000000800a83a       0xe6 ./Middlewares/Third_Party/FreeRTOS/Source/CMSIS_RTOS_V2/cmsis_os2.o
                0x000000000800a83a                osMessageQueueNew
 .text.osMessageQueuePut
                0x000000000800a920       0xc0 ./Middlewares/Third_Party/FreeRTOS/Source/CMSIS_RTOS_V2/cmsis_os2.o
                0x000000000800a920                osMessageQueuePut
 .text.osMessageQueueGet
                0x000000000800a9e0       0xbc ./Middlewares/Third_Party/FreeRTOS/Source/CMSIS_RTOS_V2/cmsis_os2.o
                0x000000000800a9e0                osMessageQueueGet
 .text.vApplicationGetIdleTaskMemory
                0x000000000800aa9c       0x34 ./Middlewares/Third_Party/FreeRTOS/Source/CMSIS_RTOS_V2/cmsis_os2.o
                0x000000000800aa9c                vApplicationGetIdleTaskMemory
 .text.vApplicationGetTimerTaskMemory
                0x000000000800aad0       0x34 ./Middlewares/Third_Party/FreeRTOS/Source/CMSIS_RTOS_V2/cmsis_os2.o
                0x000000000800aad0                vApplicationGetTimerTaskMemory
 .text.vListInitialise
                0x000000000800ab04       0x40 ./Middlewares/Third_Party/FreeRTOS/Source/list.o
                0x000000000800ab04                vListInitialise
 .text.vListInitialiseItem
                0x000000000800ab44       0x1a ./Middlewares/Third_Party/FreeRTOS/Source/list.o
                0x000000000800ab44                vListInitialiseItem
 .text.vListInsertEnd
                0x000000000800ab5e       0x48 ./Middlewares/Third_Party/FreeRTOS/Source/list.o
                0x000000000800ab5e                vListInsertEnd
 .text.vListInsert
                0x000000000800aba6       0x72 ./Middlewares/Third_Party/FreeRTOS/Source/list.o
                0x000000000800aba6                vListInsert
 .text.uxListRemove
                0x000000000800ac18       0x54 ./Middlewares/Third_Party/FreeRTOS/Source/list.o
                0x000000000800ac18                uxListRemove
 .text.xQueueGenericReset
                0x000000000800ac6c       0xd0 ./Middlewares/Third_Party/FreeRTOS/Source/queue.o
                0x000000000800ac6c                xQueueGenericReset
 .text.xQueueGenericCreateStatic
                0x000000000800ad3c       0xf0 ./Middlewares/Third_Party/FreeRTOS/Source/queue.o
                0x000000000800ad3c                xQueueGenericCreateStatic
 .text.xQueueGenericCreate
                0x000000000800ae2c       0x74 ./Middlewares/Third_Party/FreeRTOS/Source/queue.o
                0x000000000800ae2c                xQueueGenericCreate
 .text.prvInitialiseNewQueue
                0x000000000800aea0       0x46 ./Middlewares/Third_Party/FreeRTOS/Source/queue.o
 *fill*         0x000000000800aee6        0x2 
 .text.xQueueGenericSend
                0x000000000800aee8      0x1fc ./Middlewares/Third_Party/FreeRTOS/Source/queue.o
                0x000000000800aee8                xQueueGenericSend
 .text.xQueueGenericSendFromISR
                0x000000000800b0e4      0x136 ./Middlewares/Third_Party/FreeRTOS/Source/queue.o
                0x000000000800b0e4                xQueueGenericSendFromISR
 *fill*         0x000000000800b21a        0x2 
 .text.xQueueReceive
                0x000000000800b21c      0x1c0 ./Middlewares/Third_Party/FreeRTOS/Source/queue.o
                0x000000000800b21c                xQueueReceive
 .text.xQueueReceiveFromISR
                0x000000000800b3dc      0x100 ./Middlewares/Third_Party/FreeRTOS/Source/queue.o
                0x000000000800b3dc                xQueueReceiveFromISR
 .text.prvCopyDataToQueue
                0x000000000800b4dc       0xd4 ./Middlewares/Third_Party/FreeRTOS/Source/queue.o
 .text.prvCopyDataFromQueue
                0x000000000800b5b0       0x4c ./Middlewares/Third_Party/FreeRTOS/Source/queue.o
 .text.prvUnlockQueue
                0x000000000800b5fc       0xa4 ./Middlewares/Third_Party/FreeRTOS/Source/queue.o
 .text.prvIsQueueEmpty
                0x000000000800b6a0       0x2c ./Middlewares/Third_Party/FreeRTOS/Source/queue.o
 .text.prvIsQueueFull
                0x000000000800b6cc       0x30 ./Middlewares/Third_Party/FreeRTOS/Source/queue.o
 .text.vQueueAddToRegistry
                0x000000000800b6fc       0x54 ./Middlewares/Third_Party/FreeRTOS/Source/queue.o
                0x000000000800b6fc                vQueueAddToRegistry
 .text.vQueueWaitForMessageRestricted
                0x000000000800b750       0x68 ./Middlewares/Third_Party/FreeRTOS/Source/queue.o
                0x000000000800b750                vQueueWaitForMessageRestricted
 .text.xTaskCreateStatic
                0x000000000800b7b8       0xba ./Middlewares/Third_Party/FreeRTOS/Source/tasks.o
                0x000000000800b7b8                xTaskCreateStatic
 .text.xTaskCreate
                0x000000000800b872       0x8a ./Middlewares/Third_Party/FreeRTOS/Source/tasks.o
                0x000000000800b872                xTaskCreate
 .text.prvInitialiseNewTask
                0x000000000800b8fc      0x154 ./Middlewares/Third_Party/FreeRTOS/Source/tasks.o
 .text.prvAddNewTaskToReadyList
                0x000000000800ba50       0xe0 ./Middlewares/Third_Party/FreeRTOS/Source/tasks.o
 .text.vTaskDelay
                0x000000000800bb30       0x68 ./Middlewares/Third_Party/FreeRTOS/Source/tasks.o
                0x000000000800bb30                vTaskDelay
 .text.eTaskGetState
                0x000000000800bb98       0xcc ./Middlewares/Third_Party/FreeRTOS/Source/tasks.o
                0x000000000800bb98                eTaskGetState
 .text.vTaskStartScheduler
                0x000000000800bc64       0xe8 ./Middlewares/Third_Party/FreeRTOS/Source/tasks.o
                0x000000000800bc64                vTaskStartScheduler
 .text.vTaskSuspendAll
                0x000000000800bd4c       0x1c ./Middlewares/Third_Party/FreeRTOS/Source/tasks.o
                0x000000000800bd4c                vTaskSuspendAll
 .text.xTaskResumeAll
                0x000000000800bd68      0x13c ./Middlewares/Third_Party/FreeRTOS/Source/tasks.o
                0x000000000800bd68                xTaskResumeAll
 .text.xTaskGetTickCount
                0x000000000800bea4       0x20 ./Middlewares/Third_Party/FreeRTOS/Source/tasks.o
                0x000000000800bea4                xTaskGetTickCount
 .text.uxTaskGetSystemState
                0x000000000800bec4      0x120 ./Middlewares/Third_Party/FreeRTOS/Source/tasks.o
                0x000000000800bec4                uxTaskGetSystemState
 .text.xTaskIncrementTick
                0x000000000800bfe4      0x174 ./Middlewares/Third_Party/FreeRTOS/Source/tasks.o
                0x000000000800bfe4                xTaskIncrementTick
 .text.vTaskSwitchContext
                0x000000000800c158      0x104 ./Middlewares/Third_Party/FreeRTOS/Source/tasks.o
                0x000000000800c158                vTaskSwitchContext
 .text.vTaskPlaceOnEventList
                0x000000000800c25c       0x48 ./Middlewares/Third_Party/FreeRTOS/Source/tasks.o
                0x000000000800c25c                vTaskPlaceOnEventList
 .text.vTaskPlaceOnEventListRestricted
                0x000000000800c2a4       0x58 ./Middlewares/Third_Party/FreeRTOS/Source/tasks.o
                0x000000000800c2a4                vTaskPlaceOnEventListRestricted
 .text.xTaskRemoveFromEventList
                0x000000000800c2fc       0xc8 ./Middlewares/Third_Party/FreeRTOS/Source/tasks.o
                0x000000000800c2fc                xTaskRemoveFromEventList
 .text.vTaskInternalSetTimeOutState
                0x000000000800c3c4       0x2c ./Middlewares/Third_Party/FreeRTOS/Source/tasks.o
                0x000000000800c3c4                vTaskInternalSetTimeOutState
 .text.xTaskCheckForTimeOut
                0x000000000800c3f0       0xc4 ./Middlewares/Third_Party/FreeRTOS/Source/tasks.o
                0x000000000800c3f0                xTaskCheckForTimeOut
 .text.vTaskMissedYield
                0x000000000800c4b4       0x18 ./Middlewares/Third_Party/FreeRTOS/Source/tasks.o
                0x000000000800c4b4                vTaskMissedYield
 .text.prvIdleTask
                0x000000000800c4cc       0x30 ./Middlewares/Third_Party/FreeRTOS/Source/tasks.o
 .text.prvInitialiseTaskLists
                0x000000000800c4fc       0x80 ./Middlewares/Third_Party/FreeRTOS/Source/tasks.o
 .text.prvCheckTasksWaitingTermination
                0x000000000800c57c       0x5c ./Middlewares/Third_Party/FreeRTOS/Source/tasks.o
 .text.vTaskGetInfo
                0x000000000800c5d8       0xcc ./Middlewares/Third_Party/FreeRTOS/Source/tasks.o
                0x000000000800c5d8                vTaskGetInfo
 .text.prvListTasksWithinSingleList
                0x000000000800c6a4       0xa4 ./Middlewares/Third_Party/FreeRTOS/Source/tasks.o
 .text.prvTaskCheckFreeStackSpace
                0x000000000800c748       0x38 ./Middlewares/Third_Party/FreeRTOS/Source/tasks.o
 .text.prvDeleteTCB
                0x000000000800c780       0x68 ./Middlewares/Third_Party/FreeRTOS/Source/tasks.o
 .text.prvResetNextTaskUnblockTime
                0x000000000800c7e8       0x40 ./Middlewares/Third_Party/FreeRTOS/Source/tasks.o
 .text.xTaskGetSchedulerState
                0x000000000800c828       0x3c ./Middlewares/Third_Party/FreeRTOS/Source/tasks.o
                0x000000000800c828                xTaskGetSchedulerState
 .text.xTaskPriorityDisinherit
                0x000000000800c864       0xdc ./Middlewares/Third_Party/FreeRTOS/Source/tasks.o
                0x000000000800c864                xTaskPriorityDisinherit
 .text.prvWriteNameToBuffer
                0x000000000800c940       0x4a ./Middlewares/Third_Party/FreeRTOS/Source/tasks.o
 *fill*         0x000000000800c98a        0x2 
 .text.vTaskList
                0x000000000800c98c      0x12c ./Middlewares/Third_Party/FreeRTOS/Source/tasks.o
                0x000000000800c98c                vTaskList
 .text.vTaskGetRunTimeStats
                0x000000000800cab8      0x108 ./Middlewares/Third_Party/FreeRTOS/Source/tasks.o
                0x000000000800cab8                vTaskGetRunTimeStats
 .text.prvAddCurrentTaskToDelayedList
                0x000000000800cbc0       0xa8 ./Middlewares/Third_Party/FreeRTOS/Source/tasks.o
 .text.xTimerCreateTimerTask
                0x000000000800cc68       0x90 ./Middlewares/Third_Party/FreeRTOS/Source/timers.o
                0x000000000800cc68                xTimerCreateTimerTask
 .text.xTimerGenericCommand
                0x000000000800ccf8       0x9c ./Middlewares/Third_Party/FreeRTOS/Source/timers.o
                0x000000000800ccf8                xTimerGenericCommand
 .text.prvProcessExpiredTimer
                0x000000000800cd94       0x98 ./Middlewares/Third_Party/FreeRTOS/Source/timers.o
 .text.prvTimerTask
                0x000000000800ce2c       0x24 ./Middlewares/Third_Party/FreeRTOS/Source/timers.o
 .text.prvProcessTimerOrBlockTask
                0x000000000800ce50       0x9c ./Middlewares/Third_Party/FreeRTOS/Source/timers.o
 .text.prvGetNextExpireTime
                0x000000000800ceec       0x48 ./Middlewares/Third_Party/FreeRTOS/Source/timers.o
 .text.prvSampleTimeNow
                0x000000000800cf34       0x40 ./Middlewares/Third_Party/FreeRTOS/Source/timers.o
 .text.prvInsertTimerInActiveList
                0x000000000800cf74       0x84 ./Middlewares/Third_Party/FreeRTOS/Source/timers.o
 .text.prvProcessReceivedCommands
                0x000000000800cff8      0x1c4 ./Middlewares/Third_Party/FreeRTOS/Source/timers.o
 .text.prvSwitchTimerLists
                0x000000000800d1bc       0xc8 ./Middlewares/Third_Party/FreeRTOS/Source/timers.o
 .text.prvCheckForValidListAndQueue
                0x000000000800d284       0x80 ./Middlewares/Third_Party/FreeRTOS/Source/timers.o
 .text.pxPortInitialiseStack
                0x000000000800d304       0x68 ./Middlewares/Third_Party/FreeRTOS/Source/portable/GCC/ARM_CM4F/port.o
                0x000000000800d304                pxPortInitialiseStack
 .text.prvTaskExitError
                0x000000000800d36c       0x58 ./Middlewares/Third_Party/FreeRTOS/Source/portable/GCC/ARM_CM4F/port.o
 *fill*         0x000000000800d3c4        0xc 
 .text.SVC_Handler
                0x000000000800d3d0       0x28 ./Middlewares/Third_Party/FreeRTOS/Source/portable/GCC/ARM_CM4F/port.o
                0x000000000800d3d0                SVC_Handler
 .text.prvPortStartFirstTask
                0x000000000800d3f8       0x28 ./Middlewares/Third_Party/FreeRTOS/Source/portable/GCC/ARM_CM4F/port.o
 .text.xPortStartScheduler
                0x000000000800d420      0x144 ./Middlewares/Third_Party/FreeRTOS/Source/portable/GCC/ARM_CM4F/port.o
                0x000000000800d420                xPortStartScheduler
 .text.vPortEnterCritical
                0x000000000800d564       0x60 ./Middlewares/Third_Party/FreeRTOS/Source/portable/GCC/ARM_CM4F/port.o
                0x000000000800d564                vPortEnterCritical
 .text.vPortExitCritical
                0x000000000800d5c4       0x54 ./Middlewares/Third_Party/FreeRTOS/Source/portable/GCC/ARM_CM4F/port.o
                0x000000000800d5c4                vPortExitCritical
 *fill*         0x000000000800d618        0x8 
 .text.PendSV_Handler
                0x000000000800d620       0x68 ./Middlewares/Third_Party/FreeRTOS/Source/portable/GCC/ARM_CM4F/port.o
                0x000000000800d620                PendSV_Handler
 .text.xPortSysTickHandler
                0x000000000800d688       0x44 ./Middlewares/Third_Party/FreeRTOS/Source/portable/GCC/ARM_CM4F/port.o
                0x000000000800d688                xPortSysTickHandler
 .text.vPortSetupTimerInterrupt
                0x000000000800d6cc       0x48 ./Middlewares/Third_Party/FreeRTOS/Source/portable/GCC/ARM_CM4F/port.o
                0x000000000800d6cc                vPortSetupTimerInterrupt
 .text.vPortEnableVFP
                0x000000000800d714       0x14 ./Middlewares/Third_Party/FreeRTOS/Source/portable/GCC/ARM_CM4F/port.o
 .text.vPortValidateInterruptPriority
                0x000000000800d728       0x80 ./Middlewares/Third_Party/FreeRTOS/Source/portable/GCC/ARM_CM4F/port.o
                0x000000000800d728                vPortValidateInterruptPriority
 .text.pvPortMalloc
                0x000000000800d7a8      0x198 ./Middlewares/Third_Party/FreeRTOS/Source/portable/MemMang/heap_4.o
                0x000000000800d7a8                pvPortMalloc
 .text.vPortFree
                0x000000000800d940       0xc4 ./Middlewares/Third_Party/FreeRTOS/Source/portable/MemMang/heap_4.o
                0x000000000800d940                vPortFree
 .text.xPortGetFreeHeapSize
                0x000000000800da04       0x18 ./Middlewares/Third_Party/FreeRTOS/Source/portable/MemMang/heap_4.o
                0x000000000800da04                xPortGetFreeHeapSize
 .text.prvHeapInit
                0x000000000800da1c       0xc4 ./Middlewares/Third_Party/FreeRTOS/Source/portable/MemMang/heap_4.o
 .text.prvInsertBlockIntoFreeList
                0x000000000800dae0       0xb4 ./Middlewares/Third_Party/FreeRTOS/Source/portable/MemMang/heap_4.o
 .text.MX_USB_DEVICE_Init
                0x000000000800db94       0x60 ./USB_DEVICE/App/usb_device.o
                0x000000000800db94                MX_USB_DEVICE_Init
 .text.CDC_Init_FS
                0x000000000800dbf4       0x28 ./USB_DEVICE/App/usbd_cdc_if.o
 .text.CDC_DeInit_FS
                0x000000000800dc1c       0x10 ./USB_DEVICE/App/usbd_cdc_if.o
 .text.CDC_Control_FS
                0x000000000800dc2c       0xbc ./USB_DEVICE/App/usbd_cdc_if.o
 .text.CDC_Receive_FS
                0x000000000800dce8       0x28 ./USB_DEVICE/App/usbd_cdc_if.o
 .text.CDC_Transmit_FS
                0x000000000800dd10       0x4c ./USB_DEVICE/App/usbd_cdc_if.o
                0x000000000800dd10                CDC_Transmit_FS
 .text.CDC_TransmitCplt_FS
                0x000000000800dd5c       0x22 ./USB_DEVICE/App/usbd_cdc_if.o
 *fill*         0x000000000800dd7e        0x2 
 .text.USBD_FS_DeviceDescriptor
                0x000000000800dd80       0x24 ./USB_DEVICE/App/usbd_desc.o
                0x000000000800dd80                USBD_FS_DeviceDescriptor
 .text.USBD_FS_LangIDStrDescriptor
                0x000000000800dda4       0x24 ./USB_DEVICE/App/usbd_desc.o
                0x000000000800dda4                USBD_FS_LangIDStrDescriptor
 .text.USBD_FS_ProductStrDescriptor
                0x000000000800ddc8       0x3c ./USB_DEVICE/App/usbd_desc.o
                0x000000000800ddc8                USBD_FS_ProductStrDescriptor
 .text.USBD_FS_ManufacturerStrDescriptor
                0x000000000800de04       0x28 ./USB_DEVICE/App/usbd_desc.o
                0x000000000800de04                USBD_FS_ManufacturerStrDescriptor
 .text.USBD_FS_SerialStrDescriptor
                0x000000000800de2c       0x24 ./USB_DEVICE/App/usbd_desc.o
                0x000000000800de2c                USBD_FS_SerialStrDescriptor
 .text.USBD_FS_ConfigStrDescriptor
                0x000000000800de50       0x3c ./USB_DEVICE/App/usbd_desc.o
                0x000000000800de50                USBD_FS_ConfigStrDescriptor
 .text.USBD_FS_InterfaceStrDescriptor
                0x000000000800de8c       0x3c ./USB_DEVICE/App/usbd_desc.o
                0x000000000800de8c                USBD_FS_InterfaceStrDescriptor
 .text.Get_SerialNum
                0x000000000800dec8       0x58 ./USB_DEVICE/App/usbd_desc.o
 .text.IntToUnicode
                0x000000000800df20       0x7e ./USB_DEVICE/App/usbd_desc.o
 *fill*         0x000000000800df9e        0x2 
 .text.HAL_PCD_MspInit
                0x000000000800dfa0       0xc4 ./USB_DEVICE/Target/usbd_conf.o
                0x000000000800dfa0                HAL_PCD_MspInit
 .text.HAL_PCD_SetupStageCallback
                0x000000000800e064       0x24 ./USB_DEVICE/Target/usbd_conf.o
                0x000000000800e064                HAL_PCD_SetupStageCallback
 .text.HAL_PCD_DataOutStageCallback
                0x000000000800e088       0x36 ./USB_DEVICE/Target/usbd_conf.o
                0x000000000800e088                HAL_PCD_DataOutStageCallback
 .text.HAL_PCD_DataInStageCallback
                0x000000000800e0be       0x34 ./USB_DEVICE/Target/usbd_conf.o
                0x000000000800e0be                HAL_PCD_DataInStageCallback
 .text.HAL_PCD_SOFCallback
                0x000000000800e0f2       0x1c ./USB_DEVICE/Target/usbd_conf.o
                0x000000000800e0f2                HAL_PCD_SOFCallback
 .text.HAL_PCD_ResetCallback
                0x000000000800e10e       0x50 ./USB_DEVICE/Target/usbd_conf.o
                0x000000000800e10e                HAL_PCD_ResetCallback
 *fill*         0x000000000800e15e        0x2 
 .text.HAL_PCD_SuspendCallback
                0x000000000800e160       0x4c ./USB_DEVICE/Target/usbd_conf.o
                0x000000000800e160                HAL_PCD_SuspendCallback
 .text.HAL_PCD_ResumeCallback
                0x000000000800e1ac       0x1c ./USB_DEVICE/Target/usbd_conf.o
                0x000000000800e1ac                HAL_PCD_ResumeCallback
 .text.HAL_PCD_ISOOUTIncompleteCallback
                0x000000000800e1c8       0x24 ./USB_DEVICE/Target/usbd_conf.o
                0x000000000800e1c8                HAL_PCD_ISOOUTIncompleteCallback
 .text.HAL_PCD_ISOINIncompleteCallback
                0x000000000800e1ec       0x24 ./USB_DEVICE/Target/usbd_conf.o
                0x000000000800e1ec                HAL_PCD_ISOINIncompleteCallback
 .text.HAL_PCD_ConnectCallback
                0x000000000800e210       0x1c ./USB_DEVICE/Target/usbd_conf.o
                0x000000000800e210                HAL_PCD_ConnectCallback
 .text.HAL_PCD_DisconnectCallback
                0x000000000800e22c       0x1c ./USB_DEVICE/Target/usbd_conf.o
                0x000000000800e22c                HAL_PCD_DisconnectCallback
 .text.USBD_LL_Init
                0x000000000800e248       0x98 ./USB_DEVICE/Target/usbd_conf.o
                0x000000000800e248                USBD_LL_Init
 .text.USBD_LL_Start
                0x000000000800e2e0       0x36 ./USB_DEVICE/Target/usbd_conf.o
                0x000000000800e2e0                USBD_LL_Start
 .text.USBD_LL_OpenEP
                0x000000000800e316       0x4c ./USB_DEVICE/Target/usbd_conf.o
                0x000000000800e316                USBD_LL_OpenEP
 .text.USBD_LL_CloseEP
                0x000000000800e362       0x3e ./USB_DEVICE/Target/usbd_conf.o
                0x000000000800e362                USBD_LL_CloseEP
 .text.USBD_LL_StallEP
                0x000000000800e3a0       0x3e ./USB_DEVICE/Target/usbd_conf.o
                0x000000000800e3a0                USBD_LL_StallEP
 .text.USBD_LL_ClearStallEP
                0x000000000800e3de       0x3e ./USB_DEVICE/Target/usbd_conf.o
                0x000000000800e3de                USBD_LL_ClearStallEP
 .text.USBD_LL_IsStallEP
                0x000000000800e41c       0x58 ./USB_DEVICE/Target/usbd_conf.o
                0x000000000800e41c                USBD_LL_IsStallEP
 .text.USBD_LL_SetUSBAddress
                0x000000000800e474       0x3e ./USB_DEVICE/Target/usbd_conf.o
                0x000000000800e474                USBD_LL_SetUSBAddress
 .text.USBD_LL_Transmit
                0x000000000800e4b2       0x42 ./USB_DEVICE/Target/usbd_conf.o
                0x000000000800e4b2                USBD_LL_Transmit
 .text.USBD_LL_PrepareReceive
                0x000000000800e4f4       0x42 ./USB_DEVICE/Target/usbd_conf.o
                0x000000000800e4f4                USBD_LL_PrepareReceive
 .text.USBD_LL_GetRxDataSize
                0x000000000800e536       0x26 ./USB_DEVICE/Target/usbd_conf.o
                0x000000000800e536                USBD_LL_GetRxDataSize
 .text.USBD_static_malloc
                0x000000000800e55c       0x1c ./USB_DEVICE/Target/usbd_conf.o
                0x000000000800e55c                USBD_static_malloc
 .text.USBD_static_free
                0x000000000800e578       0x14 ./USB_DEVICE/Target/usbd_conf.o
                0x000000000800e578                USBD_static_free
 .text.USBD_Get_USB_Status
                0x000000000800e58c       0x58 ./USB_DEVICE/Target/usbd_conf.o
                0x000000000800e58c                USBD_Get_USB_Status
 .text.__errno  0x000000000800e5e4        0xc /home/odemki/Programs/programs/STM32IDE/1/en.en-st-stm32cubeide_1-5-0_8698_20201117_1050_amd64_sh/makeself_dir_5QpOGP/y/plugins/com.st.stm32cube.ide.mcu.externaltools.gnu-tools-for-stm32.9-2020-q2-update.linux64_2.0.0.202105311346/tools/bin/../lib/gcc/arm-none-eabi/9.3.1/../../../../arm-none-eabi/lib/thumb/v7e-m+fp/hard/libc_nano.a(lib_a-errno.o)
                0x000000000800e5e4                __errno
 .text.std      0x000000000800e5f0       0x48 /home/odemki/Programs/programs/STM32IDE/1/en.en-st-stm32cubeide_1-5-0_8698_20201117_1050_amd64_sh/makeself_dir_5QpOGP/y/plugins/com.st.stm32cube.ide.mcu.externaltools.gnu-tools-for-stm32.9-2020-q2-update.linux64_2.0.0.202105311346/tools/bin/../lib/gcc/arm-none-eabi/9.3.1/../../../../arm-none-eabi/lib/thumb/v7e-m+fp/hard/libc_nano.a(lib_a-findfp.o)
 .text._cleanup_r
                0x000000000800e638        0xc /home/odemki/Programs/programs/STM32IDE/1/en.en-st-stm32cubeide_1-5-0_8698_20201117_1050_amd64_sh/makeself_dir_5QpOGP/y/plugins/com.st.stm32cube.ide.mcu.externaltools.gnu-tools-for-stm32.9-2020-q2-update.linux64_2.0.0.202105311346/tools/bin/../lib/gcc/arm-none-eabi/9.3.1/../../../../arm-none-eabi/lib/thumb/v7e-m+fp/hard/libc_nano.a(lib_a-findfp.o)
                0x000000000800e638                _cleanup_r
 .text.__sfmoreglue
                0x000000000800e644       0x2c /home/odemki/Programs/programs/STM32IDE/1/en.en-st-stm32cubeide_1-5-0_8698_20201117_1050_amd64_sh/makeself_dir_5QpOGP/y/plugins/com.st.stm32cube.ide.mcu.externaltools.gnu-tools-for-stm32.9-2020-q2-update.linux64_2.0.0.202105311346/tools/bin/../lib/gcc/arm-none-eabi/9.3.1/../../../../arm-none-eabi/lib/thumb/v7e-m+fp/hard/libc_nano.a(lib_a-findfp.o)
                0x000000000800e644                __sfmoreglue
 .text.__sfp_lock_acquire
                0x000000000800e670        0xc /home/odemki/Programs/programs/STM32IDE/1/en.en-st-stm32cubeide_1-5-0_8698_20201117_1050_amd64_sh/makeself_dir_5QpOGP/y/plugins/com.st.stm32cube.ide.mcu.externaltools.gnu-tools-for-stm32.9-2020-q2-update.linux64_2.0.0.202105311346/tools/bin/../lib/gcc/arm-none-eabi/9.3.1/../../../../arm-none-eabi/lib/thumb/v7e-m+fp/hard/libc_nano.a(lib_a-findfp.o)
                0x000000000800e670                __sfp_lock_acquire
 .text.__sfp_lock_release
                0x000000000800e67c        0xc /home/odemki/Programs/programs/STM32IDE/1/en.en-st-stm32cubeide_1-5-0_8698_20201117_1050_amd64_sh/makeself_dir_5QpOGP/y/plugins/com.st.stm32cube.ide.mcu.externaltools.gnu-tools-for-stm32.9-2020-q2-update.linux64_2.0.0.202105311346/tools/bin/../lib/gcc/arm-none-eabi/9.3.1/../../../../arm-none-eabi/lib/thumb/v7e-m+fp/hard/libc_nano.a(lib_a-findfp.o)
                0x000000000800e67c                __sfp_lock_release
 .text.__sinit_lock_acquire
                0x000000000800e688        0xc /home/odemki/Programs/programs/STM32IDE/1/en.en-st-stm32cubeide_1-5-0_8698_20201117_1050_amd64_sh/makeself_dir_5QpOGP/y/plugins/com.st.stm32cube.ide.mcu.externaltools.gnu-tools-for-stm32.9-2020-q2-update.linux64_2.0.0.202105311346/tools/bin/../lib/gcc/arm-none-eabi/9.3.1/../../../../arm-none-eabi/lib/thumb/v7e-m+fp/hard/libc_nano.a(lib_a-findfp.o)
                0x000000000800e688                __sinit_lock_acquire
 .text.__sinit_lock_release
                0x000000000800e694        0xc /home/odemki/Programs/programs/STM32IDE/1/en.en-st-stm32cubeide_1-5-0_8698_20201117_1050_amd64_sh/makeself_dir_5QpOGP/y/plugins/com.st.stm32cube.ide.mcu.externaltools.gnu-tools-for-stm32.9-2020-q2-update.linux64_2.0.0.202105311346/tools/bin/../lib/gcc/arm-none-eabi/9.3.1/../../../../arm-none-eabi/lib/thumb/v7e-m+fp/hard/libc_nano.a(lib_a-findfp.o)
                0x000000000800e694                __sinit_lock_release
 .text.__sinit  0x000000000800e6a0       0x70 /home/odemki/Programs/programs/STM32IDE/1/en.en-st-stm32cubeide_1-5-0_8698_20201117_1050_amd64_sh/makeself_dir_5QpOGP/y/plugins/com.st.stm32cube.ide.mcu.externaltools.gnu-tools-for-stm32.9-2020-q2-update.linux64_2.0.0.202105311346/tools/bin/../lib/gcc/arm-none-eabi/9.3.1/../../../../arm-none-eabi/lib/thumb/v7e-m+fp/hard/libc_nano.a(lib_a-findfp.o)
                0x000000000800e6a0                __sinit
 .text.__sfp    0x000000000800e710       0x8c /home/odemki/Programs/programs/STM32IDE/1/en.en-st-stm32cubeide_1-5-0_8698_20201117_1050_amd64_sh/makeself_dir_5QpOGP/y/plugins/com.st.stm32cube.ide.mcu.externaltools.gnu-tools-for-stm32.9-2020-q2-update.linux64_2.0.0.202105311346/tools/bin/../lib/gcc/arm-none-eabi/9.3.1/../../../../arm-none-eabi/lib/thumb/v7e-m+fp/hard/libc_nano.a(lib_a-findfp.o)
                0x000000000800e710                __sfp
 .text._fwalk_reent
                0x000000000800e79c       0x3e /home/odemki/Programs/programs/STM32IDE/1/en.en-st-stm32cubeide_1-5-0_8698_20201117_1050_amd64_sh/makeself_dir_5QpOGP/y/plugins/com.st.stm32cube.ide.mcu.externaltools.gnu-tools-for-stm32.9-2020-q2-update.linux64_2.0.0.202105311346/tools/bin/../lib/gcc/arm-none-eabi/9.3.1/../../../../arm-none-eabi/lib/thumb/v7e-m+fp/hard/libc_nano.a(lib_a-fwalk.o)
                0x000000000800e79c                _fwalk_reent
 *fill*         0x000000000800e7da        0x2 
 .text.__libc_init_array
                0x000000000800e7dc       0x48 /home/odemki/Programs/programs/STM32IDE/1/en.en-st-stm32cubeide_1-5-0_8698_20201117_1050_amd64_sh/makeself_dir_5QpOGP/y/plugins/com.st.stm32cube.ide.mcu.externaltools.gnu-tools-for-stm32.9-2020-q2-update.linux64_2.0.0.202105311346/tools/bin/../lib/gcc/arm-none-eabi/9.3.1/../../../../arm-none-eabi/lib/thumb/v7e-m+fp/hard/libc_nano.a(lib_a-init.o)
                0x000000000800e7dc                __libc_init_array
 .text.__itoa   0x000000000800e824       0x30 /home/odemki/Programs/programs/STM32IDE/1/en.en-st-stm32cubeide_1-5-0_8698_20201117_1050_amd64_sh/makeself_dir_5QpOGP/y/plugins/com.st.stm32cube.ide.mcu.externaltools.gnu-tools-for-stm32.9-2020-q2-update.linux64_2.0.0.202105311346/tools/bin/../lib/gcc/arm-none-eabi/9.3.1/../../../../arm-none-eabi/lib/thumb/v7e-m+fp/hard/libc_nano.a(lib_a-itoa.o)
                0x000000000800e824                __itoa
 .text.itoa     0x000000000800e854        0x4 /home/odemki/Programs/programs/STM32IDE/1/en.en-st-stm32cubeide_1-5-0_8698_20201117_1050_amd64_sh/makeself_dir_5QpOGP/y/plugins/com.st.stm32cube.ide.mcu.externaltools.gnu-tools-for-stm32.9-2020-q2-update.linux64_2.0.0.202105311346/tools/bin/../lib/gcc/arm-none-eabi/9.3.1/../../../../arm-none-eabi/lib/thumb/v7e-m+fp/hard/libc_nano.a(lib_a-itoa.o)
                0x000000000800e854                itoa
 .text.__retarget_lock_init_recursive
                0x000000000800e858        0x2 /home/odemki/Programs/programs/STM32IDE/1/en.en-st-stm32cubeide_1-5-0_8698_20201117_1050_amd64_sh/makeself_dir_5QpOGP/y/plugins/com.st.stm32cube.ide.mcu.externaltools.gnu-tools-for-stm32.9-2020-q2-update.linux64_2.0.0.202105311346/tools/bin/../lib/gcc/arm-none-eabi/9.3.1/../../../../arm-none-eabi/lib/thumb/v7e-m+fp/hard/libc_nano.a(lib_a-lock.o)
                0x000000000800e858                __retarget_lock_init_recursive
 .text.__retarget_lock_acquire_recursive
                0x000000000800e85a        0x2 /home/odemki/Programs/programs/STM32IDE/1/en.en-st-stm32cubeide_1-5-0_8698_20201117_1050_amd64_sh/makeself_dir_5QpOGP/y/plugins/com.st.stm32cube.ide.mcu.externaltools.gnu-tools-for-stm32.9-2020-q2-update.linux64_2.0.0.202105311346/tools/bin/../lib/gcc/arm-none-eabi/9.3.1/../../../../arm-none-eabi/lib/thumb/v7e-m+fp/hard/libc_nano.a(lib_a-lock.o)
                0x000000000800e85a                __retarget_lock_acquire_recursive
 .text.__retarget_lock_release_recursive
                0x000000000800e85c        0x2 /home/odemki/Programs/programs/STM32IDE/1/en.en-st-stm32cubeide_1-5-0_8698_20201117_1050_amd64_sh/makeself_dir_5QpOGP/y/plugins/com.st.stm32cube.ide.mcu.externaltools.gnu-tools-for-stm32.9-2020-q2-update.linux64_2.0.0.202105311346/tools/bin/../lib/gcc/arm-none-eabi/9.3.1/../../../../arm-none-eabi/lib/thumb/v7e-m+fp/hard/libc_nano.a(lib_a-lock.o)
                0x000000000800e85c                __retarget_lock_release_recursive
 *fill*         0x000000000800e85e        0x2 
 .text.malloc   0x000000000800e860       0x10 /home/odemki/Programs/programs/STM32IDE/1/en.en-st-stm32cubeide_1-5-0_8698_20201117_1050_amd64_sh/makeself_dir_5QpOGP/y/plugins/com.st.stm32cube.ide.mcu.externaltools.gnu-tools-for-stm32.9-2020-q2-update.linux64_2.0.0.202105311346/tools/bin/../lib/gcc/arm-none-eabi/9.3.1/../../../../arm-none-eabi/lib/thumb/v7e-m+fp/hard/libc_nano.a(lib_a-malloc.o)
                0x000000000800e860                malloc
 .text.free     0x000000000800e870       0x10 /home/odemki/Programs/programs/STM32IDE/1/en.en-st-stm32cubeide_1-5-0_8698_20201117_1050_amd64_sh/makeself_dir_5QpOGP/y/plugins/com.st.stm32cube.ide.mcu.externaltools.gnu-tools-for-stm32.9-2020-q2-update.linux64_2.0.0.202105311346/tools/bin/../lib/gcc/arm-none-eabi/9.3.1/../../../../arm-none-eabi/lib/thumb/v7e-m+fp/hard/libc_nano.a(lib_a-malloc.o)
                0x000000000800e870                free
 .text.memcpy   0x000000000800e880       0x1c /home/odemki/Programs/programs/STM32IDE/1/en.en-st-stm32cubeide_1-5-0_8698_20201117_1050_amd64_sh/makeself_dir_5QpOGP/y/plugins/com.st.stm32cube.ide.mcu.externaltools.gnu-tools-for-stm32.9-2020-q2-update.linux64_2.0.0.202105311346/tools/bin/../lib/gcc/arm-none-eabi/9.3.1/../../../../arm-none-eabi/lib/thumb/v7e-m+fp/hard/libc_nano.a(lib_a-memcpy-stub.o)
                0x000000000800e880                memcpy
 .text.memset   0x000000000800e89c       0x10 /home/odemki/Programs/programs/STM32IDE/1/en.en-st-stm32cubeide_1-5-0_8698_20201117_1050_amd64_sh/makeself_dir_5QpOGP/y/plugins/com.st.stm32cube.ide.mcu.externaltools.gnu-tools-for-stm32.9-2020-q2-update.linux64_2.0.0.202105311346/tools/bin/../lib/gcc/arm-none-eabi/9.3.1/../../../../arm-none-eabi/lib/thumb/v7e-m+fp/hard/libc_nano.a(lib_a-memset.o)
                0x000000000800e89c                memset
 .text._free_r  0x000000000800e8ac       0xa0 /home/odemki/Programs/programs/STM32IDE/1/en.en-st-stm32cubeide_1-5-0_8698_20201117_1050_amd64_sh/makeself_dir_5QpOGP/y/plugins/com.st.stm32cube.ide.mcu.externaltools.gnu-tools-for-stm32.9-2020-q2-update.linux64_2.0.0.202105311346/tools/bin/../lib/gcc/arm-none-eabi/9.3.1/../../../../arm-none-eabi/lib/thumb/v7e-m+fp/hard/libc_nano.a(lib_a-nano-freer.o)
                0x000000000800e8ac                _free_r
 .text._malloc_r
                0x000000000800e94c       0xb4 /home/odemki/Programs/programs/STM32IDE/1/en.en-st-stm32cubeide_1-5-0_8698_20201117_1050_amd64_sh/makeself_dir_5QpOGP/y/plugins/com.st.stm32cube.ide.mcu.externaltools.gnu-tools-for-stm32.9-2020-q2-update.linux64_2.0.0.202105311346/tools/bin/../lib/gcc/arm-none-eabi/9.3.1/../../../../arm-none-eabi/lib/thumb/v7e-m+fp/hard/libc_nano.a(lib_a-nano-mallocr.o)
                0x000000000800e94c                _malloc_r
 .text.__cvt    0x000000000800ea00       0xc4 /home/odemki/Programs/programs/STM32IDE/1/en.en-st-stm32cubeide_1-5-0_8698_20201117_1050_amd64_sh/makeself_dir_5QpOGP/y/plugins/com.st.stm32cube.ide.mcu.externaltools.gnu-tools-for-stm32.9-2020-q2-update.linux64_2.0.0.202105311346/tools/bin/../lib/gcc/arm-none-eabi/9.3.1/../../../../arm-none-eabi/lib/thumb/v7e-m+fp/hard/libc_nano.a(lib_a-nano-vfprintf_float.o)
                0x000000000800ea00                __cvt
 .text.__exponent
                0x000000000800eac4       0x7c /home/odemki/Programs/programs/STM32IDE/1/en.en-st-stm32cubeide_1-5-0_8698_20201117_1050_amd64_sh/makeself_dir_5QpOGP/y/plugins/com.st.stm32cube.ide.mcu.externaltools.gnu-tools-for-stm32.9-2020-q2-update.linux64_2.0.0.202105311346/tools/bin/../lib/gcc/arm-none-eabi/9.3.1/../../../../arm-none-eabi/lib/thumb/v7e-m+fp/hard/libc_nano.a(lib_a-nano-vfprintf_float.o)
                0x000000000800eac4                __exponent
 .text._printf_float