Archive member included to satisfy reference by file (symbol)

/home/odemki/Programs/programs/STM32IDE/1/en.en-st-stm32cubeide_1-5-0_8698_20201117_1050_amd64_sh/makeself_dir_5QpOGP/y/plugins/com.st.stm32cube.ide.mcu.externaltools.gnu-tools-for-stm32.9-2020-q2-update.linux64_2.0.0.202105311346/tools/bin/../lib/gcc/arm-none-eabi/9.3.1/../../../../arm-none-eabi/lib/thumb/v7e-m+fp/hard/libc_nano.a(lib_a-errno.o)
                              ./Core/Src/syscalls.o (__errno)
/home/odemki/Programs/programs/STM32IDE/1/en.en-st-stm32cubeide_1-5-0_8698_20201117_1050_amd64_sh/makeself_dir_5QpOGP/y/plugins/com.st.stm32cube.ide.mcu.externaltools.gnu-tools-for-stm32.9-2020-q2-update.linux64_2.0.0.202105311346/tools/bin/../lib/gcc/arm-none-eabi/9.3.1/../../../../arm-none-eabi/lib/thumb/v7e-m+fp/hard/libc_nano.a(lib_a-exit.o)
                              /home/odemki/Programs/programs/STM32IDE/1/en.en-st-stm32cubeide_1-5-0_8698_20201117_1050_amd64_sh/makeself_dir_5QpOGP/y/plugins/com.st.stm32cube.ide.mcu.externaltools.gnu-tools-for-stm32.9-2020-q2-update.linux64_2.0.0.202105311346/tools/bin/../lib/gcc/arm-none-eabi/9.3.1/../../../../arm-none-eabi/lib/thumb/v7e-m+fp/hard/crt0.o (exit)
/home/odemki/Programs/programs/STM32IDE/1/en.en-st-stm32cubeide_1-5-0_8698_20201117_1050_amd64_sh/makeself_dir_5QpOGP/y/plugins/com.st.stm32cube.ide.mcu.externaltools.gnu-tools-for-stm32.9-2020-q2-update.linux64_2.0.0.202105311346/tools/bin/../lib/gcc/arm-none-eabi/9.3.1/../../../../arm-none-eabi/lib/thumb/v7e-m+fp/hard/libc_nano.a(lib_a-findfp.o)
                              ./Middlewares/Third_Party/FreeRTOS/Source/tasks.o (__sf_fake_stderr)
/home/odemki/Programs/programs/STM32IDE/1/en.en-st-stm32cubeide_1-5-0_8698_20201117_1050_amd64_sh/makeself_dir_5QpOGP/y/plugins/com.st.stm32cube.ide.mcu.externaltools.gnu-tools-for-stm32.9-2020-q2-update.linux64_2.0.0.202105311346/tools/bin/../lib/gcc/arm-none-eabi/9.3.1/../../../../arm-none-eabi/lib/thumb/v7e-m+fp/hard/libc_nano.a(lib_a-fwalk.o)
                              /home/odemki/Programs/programs/STM32IDE/1/en.en-st-stm32cubeide_1-5-0_8698_20201117_1050_amd64_sh/makeself_dir_5QpOGP/y/plugins/com.st.stm32cube.ide.mcu.externaltools.gnu-tools-for-stm32.9-2020-q2-update.linux64_2.0.0.202105311346/tools/bin/../lib/gcc/arm-none-eabi/9.3.1/../../../../arm-none-eabi/lib/thumb/v7e-m+fp/hard/libc_nano.a(lib_a-findfp.o) (_fwalk)
/home/odemki/Programs/programs/STM32IDE/1/en.en-st-stm32cubeide_1-5-0_8698_20201117_1050_amd64_sh/makeself_dir_5QpOGP/y/plugins/com.st.stm32cube.ide.mcu.externaltools.gnu-tools-for-stm32.9-2020-q2-update.linux64_2.0.0.202105311346/tools/bin/../lib/gcc/arm-none-eabi/9.3.1/../../../../arm-none-eabi/lib/thumb/v7e-m+fp/hard/libc_nano.a(lib_a-impure.o)
                              /home/odemki/Programs/programs/STM32IDE/1/en.en-st-stm32cubeide_1-5-0_8698_20201117_1050_amd64_sh/makeself_dir_5QpOGP/y/plugins/com.st.stm32cube.ide.mcu.externaltools.gnu-tools-for-stm32.9-2020-q2-update.linux64_2.0.0.202105311346/tools/bin/../lib/gcc/arm-none-eabi/9.3.1/../../../../arm-none-eabi/lib/thumb/v7e-m+fp/hard/libc_nano.a(lib_a-exit.o) (_global_impure_ptr)
/home/odemki/Programs/programs/STM32IDE/1/en.en-st-stm32cubeide_1-5-0_8698_20201117_1050_amd64_sh/makeself_dir_5QpOGP/y/plugins/com.st.stm32cube.ide.mcu.externaltools.gnu-tools-for-stm32.9-2020-q2-update.linux64_2.0.0.202105311346/tools/bin/../lib/gcc/arm-none-eabi/9.3.1/../../../../arm-none-eabi/lib/thumb/v7e-m+fp/hard/libc_nano.a(lib_a-init.o)
                              /home/odemki/Programs/programs/STM32IDE/1/en.en-st-stm32cubeide_1-5-0_8698_20201117_1050_amd64_sh/makeself_dir_5QpOGP/y/plugins/com.st.stm32cube.ide.mcu.externaltools.gnu-tools-for-stm32.9-2020-q2-update.linux64_2.0.0.202105311346/tools/bin/../lib/gcc/arm-none-eabi/9.3.1/../../../../arm-none-eabi/lib/thumb/v7e-m+fp/hard/crt0.o (__libc_init_array)
/home/odemki/Programs/programs/STM32IDE/1/en.en-st-stm32cubeide_1-5-0_8698_20201117_1050_amd64_sh/makeself_dir_5QpOGP/y/plugins/com.st.stm32cube.ide.mcu.externaltools.gnu-tools-for-stm32.9-2020-q2-update.linux64_2.0.0.202105311346/tools/bin/../lib/gcc/arm-none-eabi/9.3.1/../../../../arm-none-eabi/lib/thumb/v7e-m+fp/hard/libc_nano.a(lib_a-itoa.o)
                              ./Core/Src/main.o (itoa)
/home/odemki/Programs/programs/STM32IDE/1/en.en-st-stm32cubeide_1-5-0_8698_20201117_1050_amd64_sh/makeself_dir_5QpOGP/y/plugins/com.st.stm32cube.ide.mcu.externaltools.gnu-tools-for-stm32.9-2020-q2-update.linux64_2.0.0.202105311346/tools/bin/../lib/gcc/arm-none-eabi/9.3.1/../../../../arm-none-eabi/lib/thumb/v7e-m+fp/hard/libc_nano.a(lib_a-lock.o)
[...]
Memory Configuration

Name             Origin             Length             Attributes
CCMRAM           0x0000000010000000 0x0000000000010000 xrw
RAM              0x0000000020000000 0x0000000000020000 xrw
FLASH            0x0000000008000000 0x0000000000100000 xr
*default*        0x0000000000000000 0xffffffffffffffff

Linker script and memory map

LOAD /home/odemki/Programs/programs/STM32IDE/1/en.en-st-stm32cubeide_1-5-0_8698_20201117_1050_amd64_sh/makeself_dir_5QpOGP/y/plugins/com.st.stm32cube.ide.mcu.externaltools.gnu-tools-for-stm32.9-2020-q2-update.linux64_2.0.0.202105311346/tools/bin/../lib/gcc/arm-none-eabi/9.3.1/thumb/v7e-m+fp/hard/crti.o
LOAD /home/odemki/Programs/programs/STM32IDE/1/en.en-st-stm32cubeide_1-5-0_8698_20201117_1050_amd64_sh/makeself_dir_5QpOGP/y/plugins/com.st.stm32cube.ide.mcu.externaltools.gnu-tools-for-stm32.9-2020-q2-update.linux64_2.0.0.202105311346/tools/bin/../lib/gcc/arm-none-eabi/9.3.1/thumb/v7e-m+fp/hard/crtbegin.o
LOAD /home/odemki/Programs/programs/STM32IDE/1/en.en-st-stm32cubeide_1-5-0_8698_20201117_1050_amd64_sh/makeself_dir_5QpOGP/y/plugins/com.st.stm32cube.ide.mcu.externaltools.gnu-tools-for-stm32.9-2020-q2-update.linux64_2.0.0.202105311346/tools/bin/../lib/gcc/arm-none-eabi/9.3.1/../../../../arm-none-eabi/lib/thumb/v7e-m+fp/hard/crt0.o
LOAD ./Core/Src/BME280/bme280.o
LOAD ./Core/Src/freertos.o
LOAD ./Core/Src/main.o
LOAD ./Core/Src/stm32f4xx_hal_msp.o
LOAD ./Core/Src/stm32f4xx_hal_timebase_tim.o
LOAD ./Core/Src/stm32f4xx_it.o
LOAD ./Core/Src/syscalls.o
LOAD ./Core/Src/sysmem.o
LOAD ./Core/Src/system_stm32f4xx.o
LOAD ./Core/Startup/startup_stm32f407vgtx.o
LOAD ./Drivers/STM32F4xx_HAL_Driver/Src/stm32f4xx_hal.o
LOAD ./Drivers/STM32F4xx_HAL_Driver/Src/stm32f4xx_hal_cortex.o
LOAD ./Drivers/STM32F4xx_HAL_Driver/Src/stm32f4xx_hal_dma.o
LOAD ./Drivers/STM32F4xx_HAL_Driver/Src/stm32f4xx_hal_dma_ex.o
LOAD ./Drivers/STM32F4xx_HAL_Driver/Src/stm32f4xx_hal_exti.o
LOAD ./Drivers/STM32F4xx_HAL_Driver/Src/stm32f4xx_hal_flash.o
LOAD ./Drivers/STM32F4xx_HAL_Driver/Src/stm32f4xx_hal_flash_ex.o
LOAD ./Drivers/STM32F4xx_HAL_Driver/Src/stm32f4xx_hal_flash_ramfunc.o
LOAD ./Drivers/STM32F4xx_HAL_Driver/Src/stm32f4xx_hal_gpio.o
LOAD ./Drivers/STM32F4xx_HAL_Driver/Src/stm32f4xx_hal_i2c.o
LOAD ./Drivers/STM32F4xx_HAL_Driver/Src/stm32f4xx_hal_i2c_ex.o
LOAD ./Drivers/STM32F4xx_HAL_Driver/Src/stm32f4xx_hal_pcd.o
LOAD ./Drivers/STM32F4xx_HAL_Driver/Src/stm32f4xx_hal_pcd_ex.o
LOAD ./Drivers/STM32F4xx_HAL_Driver/Src/stm32f4xx_hal_pwr.o
LOAD ./Drivers/STM32F4xx_HAL_Driver/Src/stm32f4xx_hal_pwr_ex.o
LOAD ./Drivers/STM32F4xx_HAL_Driver/Src/stm32f4xx_hal_rcc.o
LOAD ./Drivers/STM32F4xx_HAL_Driver/Src/stm32f4xx_hal_rcc_ex.o
LOAD ./Drivers/STM32F4xx_HAL_Driver/Src/stm32f4xx_hal_tim.o
LOAD ./Drivers/STM32F4xx_HAL_Driver/Src/stm32f4xx_hal_tim_ex.o
LOAD ./Drivers/STM32F4xx_HAL_Driver/Src/stm32f4xx_ll_usb.o
LOAD ./Middlewares/ST/STM32_USB_Device_Library/Class/CDC/Src/usbd_cdc.o
LOAD ./Middlewares/ST/STM32_USB_Device_Library/Core/Src/usbd_core.o
LOAD ./Middlewares/ST/STM32_USB_Device_Library/Core/Src/usbd_ctlreq.o
LOAD ./Middlewares/ST/STM32_USB_Device_Library/Core/Src/usbd_ioreq.o
LOAD ./Middlewares/Third_Party/FreeRTOS/Source/CMSIS_RTOS_V2/cmsis_os2.o
LOAD ./Middlewares/Third_Party/FreeRTOS/Source/croutine.o
LOAD ./Middlewares/Third_Party/FreeRTOS/Source/event_groups.o
LOAD ./Middlewares/Third_Party/FreeRTOS/Source/list.o
LOAD ./Middlewares/Third_Party/FreeRTOS/Source/queue.o
LOAD ./Middlewares/Third_Party/FreeRTOS/Source/stream_buffer.o
LOAD ./Middlewares/Third_Party/FreeRTOS/Source/tasks.o
LOAD ./Middlewares/Third_Party/FreeRTOS/Source/timers.o
LOAD ./Middlewares/Third_Party/FreeRTOS/Source/portable/GCC/ARM_CM4F/port.o
LOAD ./Middlewares/Third_Party/FreeRTOS/Source/portable/MemMang/heap_4.o
LOAD ./USB_DEVICE/App/usb_device.o
LOAD ./USB_DEVICE/App/usbd_cdc_if.o
LOAD ./USB_DEVICE/App/usbd_desc.o
LOAD ./USB_DEVICE/Target/usbd_conf.o
START GROUP
LOAD /home/odemki/Programs/programs/STM32IDE/1/en.en-st-stm32cubeide_1-5-0_8698_20201117_1050_amd64_sh/makeself_dir_5QpOGP/y/plugins/com.st.stm32cube.ide.mcu.externaltools.gnu-tools-for-stm32.9-2020-q2-update.linux64_2.0.0.202105311346/tools/bin/../lib/gcc/arm-none-eabi/9.3.1/../../../../arm-none-eabi/lib/thumb/v7e-m+fp/hard/libc_nano.a
LOAD /home/odemki/Programs/programs/STM32IDE/1/en.en-st-stm32cubeide_1-5-0_8698_20201117_1050_amd64_sh/makeself_dir_5QpOGP/y/plugins/com.st.stm32cube.ide.mcu.externaltools.gnu-tools-for-stm32.9-2020-q2-update.linux64_2.0.0.202105311346/tools/bin/../lib/gcc/arm-none-eabi/9.3.1/../../../../arm-none-eabi/lib/thumb/v7e-m+fp/hard/libm.a
END GROUP
START GROUP
LOAD /home/odemki/Programs/programs/STM32IDE/1/en.en-st-stm32cubeide_1-5-0_8698_20201117_1050_amd64_sh/makeself_dir_5QpOGP/y/plugins/com.st.stm32cube.ide.mcu.externaltools.gnu-tools-for-stm32.9-2020-q2-update.linux64_2.0.0.202105311346/tools/bin/../lib/gcc/arm-none-eabi/9.3.1/thumb/v7e-m+fp/hard/libgcc.a
LOAD /home/odemki/Programs/programs/STM32IDE/1/en.en-st-stm32cubeide_1-5-0_8698_20201117_1050_amd64_sh/makeself_dir_5QpOGP/y/plugins/com.st.stm32cube.ide.mcu.externaltools.gnu-tools-for-stm32.9-2020-q2-update.linux64_2.0.0.202105311346/tools/bin/../lib/gcc/arm-none-eabi/9.3.1/../../../../arm-none-eabi/lib/thumb/v7e-m+fp/hard/libc_nano.a
END GROUP
START GROUP
LOAD /home/odemki/Programs/programs/STM32IDE/1/en.en-st-stm32cubeide_1-5-0_8698_20201117_1050_amd64_sh/makeself_dir_5QpOGP/y/plugins/com.st.stm32cube.ide.mcu.externaltools.gnu-tools-for-stm32.9-2020-q2-update.linux64_2.0.0.202105311346/tools/bin/../lib/gcc/arm-none-eabi/9.3.1/thumb/v7e-m+fp/hard/libgcc.a
LOAD /home/odemki/Programs/programs/STM32IDE/1/en.en-st-stm32cubeide_1-5-0_8698_20201117_1050_amd64_sh/makeself_dir_5QpOGP/y/plugins/com.st.stm32cube.ide.mcu.externaltools.gnu-tools-for-stm32.9-2020-q2-update.linux64_2.0.0.202105311346/tools/bin/../lib/gcc/arm-none-eabi/9.3.1/../../../../arm-none-eabi/lib/thumb/v7e-m+fp/hard/libc_nano.a
LOAD /home/odemki/Programs/programs/STM32IDE/1/en.en-st-stm32cubeide_1-5-0_8698_20201117_1050_amd64_sh/makeself_dir_5QpOGP/y/plugins/com.st.stm32cube.ide.mcu.externaltools.gnu-tools-for-stm32.9-2020-q2-update.linux64_2.0.0.202105311346/tools/bin/../lib/gcc/arm-none-eabi/9.3.1/../../../../arm-none-eabi/lib/thumb/v7e-m+fp/hard/libnosys.a
END GROUP
START GROUP
LOAD /home/odemki/Programs/programs/STM32IDE/1/en.en-st-stm32cubeide_1-5-0_8698_20201117_1050_amd64_sh/makeself_dir_5QpOGP/y/plugins/com.st.stm32cube.ide.mcu.externaltools.gnu-tools-for-stm32.9-2020-q2-update.linux64_2.0.0.202105311346/tools/bin/../lib/gcc/arm-none-eabi/9.3.1/thumb/v7e-m+fp/hard/libgcc.a
LOAD /home/odemki/Programs/programs/STM32IDE/1/en.en-st-stm32cubeide_1-5-0_8698_20201117_1050_amd64_sh/makeself_dir_5QpOGP/y/plugins/com.st.stm32cube.ide.mcu.externaltools.gnu-tools-for-stm32.9-2020-q2-update.linux64_2.0.0.202105311346/tools/bin/../lib/gcc/arm-none-eabi/9.3.1/../../../../arm-none-eabi/lib/thumb/v7e-m+fp/hard/libc_nano.a
LOAD /home/odemki/Programs/programs/STM32IDE/1/en.en-st-stm32cubeide_1-5-0_8698_20201117_1050_amd64_sh/makeself_dir_5QpOGP/y/plugins/com.st.stm32cube.ide.mcu.externaltools.gnu-tools-for-stm32.9-2020-q2-update.linux64_2.0.0.202105311346/tools/bin/../lib/gcc/arm-none-eabi/9.3.1/../../../../arm-none-eabi/lib/thumb/v7e-m+fp/hard/libnosys.a
END GROUP
LOAD /home/odemki/Programs/programs/STM32IDE/1/en.en-st-stm32cubeide_1-5-0_8698_20201117_1050_amd64_sh/makeself_dir_5QpOGP/y/plugins/com.st.stm32cube.ide.mcu.externaltools.gnu-tools-for-stm32.9-2020-q2-update.linux64_2.0.0.202105311346/tools/bin/../lib/gcc/arm-none-eabi/9.3.1/thumb/v7e-m+fp/hard/crtend.o
LOAD /home/odemki/Programs/programs/STM32IDE/1/en.en-st-stm32cubeide_1-5-0_8698_20201117_1050_amd64_sh/makeself_dir_5QpOGP/y/plugins/com.st.stm32cube.ide.mcu.externaltools.gnu-tools-for-stm32.9-2020-q2-update.linux64_2.0.0.202105311346/tools/bin/../lib/gcc/arm-none-eabi/9.3.1/thumb/v7e-m+fp/hard/crtn.o
                0x0000000020020000                _estack = (ORIGIN (RAM) + LENGTH (RAM))
                0x0000000000000200                _Min_Heap_Size = 0x200
                0x0000000000000400                _Min_Stack_Size = 0x400

.isr_vector     0x0000000008000000      0x188
                0x0000000008000000                . = ALIGN (0x4)
 *(.isr_vector)
 .isr_vector    0x0000000008000000      0x188 ./Core/Startup/startup_stm32f407vgtx.o
                0x0000000008000000                g_pfnVectors
                0x0000000008000188                . = ALIGN (0x4)

.text           0x0000000008000190    0x119f4
                0x0000000008000190                . = ALIGN (0x4)
 *(.text)
 .text          0x0000000008000190       0x40 /home/odemki/Programs/programs/STM32IDE/1/en.en-st-stm32cubeide_1-5-0_8698_20201117_1050_amd64_sh/makeself_dir_5QpOGP/y/plugins/com.st.stm32cube.ide.mcu.externaltools.gnu-tools-for-stm32.9-2020-q2-update.linux64_2.0.0.202105311346/tools/bin/../lib/gcc/arm-none-eabi/9.3.1/thumb/v7e-m+fp/hard/crtbegin.o
 .text          0x00000000080001d0       0x10 /home/odemki/Programs/programs/STM32IDE/1/en.en-st-stm32cubeide_1-5-0_8698_20201117_1050_amd64_sh/makeself_dir_5QpOGP/y/plugins/com.st.stm32cube.ide.mcu.externaltools.gnu-tools-for-stm32.9-2020-q2-update.linux64_2.0.0.202105311346/tools/bin/../lib/gcc/arm-none-eabi/9.3.1/../../../../arm-none-eabi/lib/thumb/v7e-m+fp/hard/libc_nano.a(lib_a-strlen.o)
                0x00000000080001d0                strlen
 .text          0x00000000080001e0       0xa0 /home/odemki/Programs/programs/STM32IDE/1/en.en-st-stm32cubeide_1-5-0_8698_20201117_1050_amd64_sh/makeself_dir_5QpOGP/y/plugins/com.st.stm32cube.ide.mcu.externaltools.gnu-tools-for-stm32.9-2020-q2-update.linux64_2.0.0.202105311346/tools/bin/../lib/gcc/arm-none-eabi/9.3.1/../../../../arm-none-eabi/lib/thumb/v7e-m+fp/hard/libc_nano.a(lib_a-memchr.o)
                0x00000000080001e0                memchr
 .text          0x0000000008000280      0x378 /home/odemki/Programs/programs/STM32IDE/1/en.en-st-stm32cubeide_1-5-0_8698_20201117_1050_amd64_sh/makeself_dir_5QpOGP/y/plugins/com.st.stm32cube.ide.mcu.externaltools.gnu-tools-for-stm32.9-2020-q2-update.linux64_2.0.0.202105311346/tools/bin/../lib/gcc/arm-none-eabi/9.3.1/thumb/v7e-m+fp/hard/libgcc.a(_arm_addsubdf3.o)
                0x0000000008000280                __aeabi_drsub
                0x0000000008000288                __aeabi_dsub
                0x0000000008000288                __subdf3
                0x000000000800028c                __adddf3
                0x000000000800028c                __aeabi_dadd
                0x0000000008000504                __aeabi_ui2d
                0x0000000008000504                __floatunsidf
                0x0000000008000524                __floatsidf
                0x0000000008000524                __aeabi_i2d
                0x0000000008000548                __extendsfdf2
                0x0000000008000548                __aeabi_f2d
                0x000000000800058c                __aeabi_ul2d
                0x000000000800058c                __floatundidf
                0x000000000800059c                __floatdidf
                0x000000000800059c                __aeabi_l2d
 .text          0x00000000080005f8      0x424 /home/odemki/Programs/programs/STM32IDE/1/en.en-st-stm32cubeide_1-5-0_8698_20201117_1050_amd64_sh/makeself_dir_5QpOGP/y/plugins/com.st.stm32cube.ide.mcu.externaltools.gnu-tools-for-stm32.9-2020-q2-update.linux64_2.0.0.202105311346/tools/bin/../lib/gcc/arm-none-eabi/9.3.1/thumb/v7e-m+fp/hard/libgcc.a(_arm_muldivdf3.o)
                0x00000000080005f8                __aeabi_dmul
                0x00000000080005f8                __muldf3
                0x000000000800084c                __aeabi_ddiv
                0x000000000800084c                __divdf3
 .text          0x0000000008000a1c      0x110 /home/odemki/Programs/programs/STM32IDE/1/en.en-st-stm32cubeide_1-5-0_8698_20201117_1050_amd64_sh/makeself_dir_5QpOGP/y/plugins/com.st.stm32cube.ide.mcu.externaltools.gnu-tools-for-stm32.9-2020-q2-update.linux64_2.0.0.202105311346/tools/bin/../lib/gcc/arm-none-eabi/9.3.1/thumb/v7e-m+fp/hard/libgcc.a(_arm_cmpdf2.o)
                0x0000000008000a1c                __gtdf2
                0x0000000008000a1c                __gedf2
                0x0000000008000a24                __ltdf2
                0x0000000008000a24                __ledf2
                0x0000000008000a2c                __cmpdf2
                0x0000000008000a2c                __eqdf2
                0x0000000008000a2c                __nedf2
                0x0000000008000aa8                __aeabi_cdrcmple
                0x0000000008000ab8                __aeabi_cdcmple
                0x0000000008000ab8                __aeabi_cdcmpeq
                0x0000000008000ac8                __aeabi_dcmpeq
                0x0000000008000adc                __aeabi_dcmplt
                0x0000000008000af0                __aeabi_dcmple
                0x0000000008000b04                __aeabi_dcmpge
                0x0000000008000b18                __aeabi_dcmpgt
 .text          0x0000000008000b2c       0x2c /home/odemki/Programs/programs/STM32IDE/1/en.en-st-stm32cubeide_1-5-0_8698_20201117_1050_amd64_sh/makeself_dir_5QpOGP/y/plugins/com.st.stm32cube.ide.mcu.externaltools.gnu-tools-for-stm32.9-2020-q2-update.linux64_2.0.0.202105311346/tools/bin/../lib/gcc/arm-none-eabi/9.3.1/thumb/v7e-m+fp/hard/libgcc.a(_arm_unorddf2.o)
                0x0000000008000b2c                __aeabi_dcmpun
                0x0000000008000b2c                __unorddf2
 .text          0x0000000008000b58       0x50 /home/odemki/Programs/programs/STM32IDE/1/en.en-st-stm32cubeide_1-5-0_8698_20201117_1050_amd64_sh/makeself_dir_5QpOGP/y/plugins/com.st.stm32cube.ide.mcu.externaltools.gnu-tools-for-stm32.9-2020-q2-update.linux64_2.0.0.202105311346/tools/bin/../lib/gcc/arm-none-eabi/9.3.1/thumb/v7e-m+fp/hard/libgcc.a(_arm_fixdfsi.o)
                0x0000000008000b58                __fixdfsi
                0x0000000008000b58                __aeabi_d2iz
 .text          0x0000000008000ba8       0xa0 /home/odemki/Programs/programs/STM32IDE/1/en.en-st-stm32cubeide_1-5-0_8698_20201117_1050_amd64_sh/makeself_dir_5QpOGP/y/plugins/com.st.stm32cube.ide.mcu.externaltools.gnu-tools-for-stm32.9-2020-q2-update.linux64_2.0.0.202105311346/tools/bin/../lib/gcc/arm-none-eabi/9.3.1/thumb/v7e-m+fp/hard/libgcc.a(_arm_truncdfsf2.o)
                0x0000000008000ba8                __aeabi_d2f
                0x0000000008000ba8                __truncdfsf2
 .text          0x0000000008000c48       0x30 /home/odemki/Programs/programs/STM32IDE/1/en.en-st-stm32cubeide_1-5-0_8698_20201117_1050_amd64_sh/makeself_dir_5QpOGP/y/plugins/com.st.stm32cube.ide.mcu.externaltools.gnu-tools-for-stm32.9-2020-q2-update.linux64_2.0.0.202105311346/tools/bin/../lib/gcc/arm-none-eabi/9.3.1/thumb/v7e-m+fp/hard/libgcc.a(_aeabi_uldivmod.o)
                0x0000000008000c48                __aeabi_uldivmod
 .text          0x0000000008000c78      0x2c4 /home/odemki/Programs/programs/STM32IDE/1/en.en-st-stm32cubeide_1-5-0_8698_20201117_1050_amd64_sh/makeself_dir_5QpOGP/y/plugins/com.st.stm32cube.ide.mcu.externaltools.gnu-tools-for-stm32.9-2020-q2-update.linux64_2.0.0.202105311346/tools/bin/../lib/gcc/arm-none-eabi/9.3.1/thumb/v7e-m+fp/hard/libgcc.a(_udivmoddi4.o)
                0x0000000008000c78                __udivmoddi4
 .text          0x0000000008000f3c        0x4 /home/odemki/Programs/programs/STM32IDE/1/en.en-st-stm32cubeide_1-5-0_8698_20201117_1050_amd64_sh/makeself_dir_5QpOGP/y/plugins/com.st.stm32cube.ide.mcu.externaltools.gnu-tools-for-stm32.9-2020-q2-update.linux64_2.0.0.202105311346/tools/bin/../lib/gcc/arm-none-eabi/9.3.1/thumb/v7e-m+fp/hard/libgcc.a(_dvmd_tls.o)
                0x0000000008000f3c                __aeabi_ldiv0
                0x0000000008000f3c                __aeabi_idiv0
 *(.text*)
 .text.bme280_init
                0x0000000008000f40       0x96 ./Core/Src/BME280/bme280.o
                0x0000000008000f40                bme280_init
 .text.bme280_get_regs
                0x0000000008000fd6       0x60 ./Core/Src/BME280/bme280.o
                0x0000000008000fd6                bme280_get_regs
 .text.bme280_set_regs
                0x0000000008001036       0xee ./Core/Src/BME280/bme280.o
                0x0000000008001036                bme280_set_regs
 .text.bme280_set_sensor_settings
                0x0000000008001124       0xaa ./Core/Src/BME280/bme280.o
                0x0000000008001124                bme280_set_sensor_settings
 .text.bme280_set_sensor_mode
                0x00000000080011ce       0x68 ./Core/Src/BME280/bme280.o
                0x00000000080011ce                bme280_set_sensor_mode
 .text.bme280_get_sensor_mode
                0x0000000008001236       0x46 ./Core/Src/BME280/bme280.o
                0x0000000008001236                bme280_get_sensor_mode
 .text.bme280_soft_reset
                0x000000000800127c       0x4a ./Core/Src/BME280/bme280.o
                0x000000000800127c                bme280_soft_reset
 .text.bme280_get_sensor_data
                0x00000000080012c6       0x92 ./Core/Src/BME280/bme280.o
                0x00000000080012c6                bme280_get_sensor_data
 .text.bme280_parse_sensor_data
                0x0000000008001358       0x8c ./Core/Src/BME280/bme280.o
                0x0000000008001358                bme280_parse_sensor_data
 .text.bme280_compensate_data
                0x00000000080013e4       0xc2 ./Core/Src/BME280/bme280.o
                0x00000000080013e4                bme280_compensate_data
 .text.set_osr_settings
                0x00000000080014a6       0x4e ./Core/Src/BME280/bme280.o
 .text.set_osr_humidity_settings
                0x00000000080014f4       0x74 ./Core/Src/BME280/bme280.o
 .text.set_osr_press_temp_settings
                0x0000000008001568       0x78 ./Core/Src/BME280/bme280.o
 .text.set_filter_standby_settings
                0x00000000080015e0       0x78 ./Core/Src/BME280/bme280.o
 .text.fill_filter_settings
                0x0000000008001658       0x3a ./Core/Src/BME280/bme280.o
 .text.fill_standby_settings
                0x0000000008001692       0x34 ./Core/Src/BME280/bme280.o
 .text.fill_osr_press_settings
                0x00000000080016c6       0x3a ./Core/Src/BME280/bme280.o
 .text.fill_osr_temp_settings
                0x0000000008001700       0x34 ./Core/Src/BME280/bme280.o
 .text.parse_device_settings
                0x0000000008001734       0x68 ./Core/Src/BME280/bme280.o
 .text.write_power_mode
                0x000000000800179c       0x66 ./Core/Src/BME280/bme280.o
 .text.put_device_to_sleep
                0x0000000008001802       0x60 ./Core/Src/BME280/bme280.o
 .text.reload_device_settings
                0x0000000008001862       0x3a ./Core/Src/BME280/bme280.o
 .text.compensate_temperature
                0x000000000800189c      0x1a4 ./Core/Src/BME280/bme280.o
 .text.compensate_pressure
                0x0000000008001a40      0x3a0 ./Core/Src/BME280/bme280.o
 .text.compensate_humidity
                0x0000000008001de0      0x240 ./Core/Src/BME280/bme280.o
 .text.get_calib_data
                0x0000000008002020       0x8a ./Core/Src/BME280/bme280.o
 .text.interleave_reg_addr
                0x00000000080020aa       0x58 ./Core/Src/BME280/bme280.o
 .text.parse_temp_press_calib_data
                0x0000000008002102      0x15e ./Core/Src/BME280/bme280.o
 .text.parse_humidity_calib_data
                0x0000000008002260       0x9c ./Core/Src/BME280/bme280.o
 .text.are_settings_changed
                0x00000000080022fc       0x38 ./Core/Src/BME280/bme280.o
 .text.null_ptr_check
                0x0000000008002334       0x40 ./Core/Src/BME280/bme280.o
 .text.user_i2c_read
                0x0000000008002374       0x70 ./Core/Src/main.o
                0x0000000008002374                user_i2c_read
 .text.user_delay_ms
                0x00000000080023e4       0x16 ./Core/Src/main.o
                0x00000000080023e4                user_delay_ms
 *fill*         0x00000000080023fa        0x2 
 .text.user_i2c_write
                0x00000000080023fc       0x78 ./Core/Src/main.o
                0x00000000080023fc                user_i2c_write
 .text.delay_us
                0x0000000008002474       0x5c ./Core/Src/main.o
                0x0000000008002474                delay_us
 .text.main     0x00000000080024d0      0x100 ./Core/Src/main.o
                0x00000000080024d0                main
 .text.SystemClock_Config
                0x00000000080025d0       0xd4 ./Core/Src/main.o
                0x00000000080025d0                SystemClock_Config
 .text.MX_I2C3_Init
                0x00000000080026a4       0x5c ./Core/Src/main.o
 .text.MX_TIM2_Init
                0x0000000008002700       0x98 ./Core/Src/main.o
 .text.MX_TIM3_Init
                0x0000000008002798       0x9c ./Core/Src/main.o
 .text.MX_TIM10_Init
                0x0000000008002834       0x44 ./Core/Src/main.o
 .text.MX_GPIO_Init
                0x0000000008002878      0x288 ./Core/Src/main.o
 .text.StartDefaultTask
                0x0000000008002b00       0x14 ./Core/Src/main.o
                0x0000000008002b00                StartDefaultTask
 .text.Start_Blue_LED_Blink
                0x0000000008002b14       0x34 ./Core/Src/main.o
                0x0000000008002b14                Start_Blue_LED_Blink
 .text.Start_Show_Resources
                0x0000000008002b48      0x270 ./Core/Src/main.o
                0x0000000008002b48                Start_Show_Resources
 .text.Start_UART_Task
                0x0000000008002db8       0x5c ./Core/Src/main.o
                0x0000000008002db8                Start_UART_Task
 .text.Start_bme280
                0x0000000008002e14      0x378 ./Core/Src/main.o
                0x0000000008002e14                Start_bme280
 .text.Start_AM2302
                0x000000000800318c      0x3bc ./Core/Src/main.o
                0x000000000800318c                Start_AM2302
 .text.HAL_TIM_PeriodElapsedCallback
                0x0000000008003548       0x6c ./Core/Src/main.o
                0x0000000008003548                HAL_TIM_PeriodElapsedCallback
 .text.Error_Handler
                0x00000000080035b4        0xa ./Core/Src/main.o
                0x00000000080035b4                Error_Handler
 *fill*         0x00000000080035be        0x2 
 .text.HAL_MspInit
                0x00000000080035c0       0x58 ./Core/Src/stm32f4xx_hal_msp.o
                0x00000000080035c0                HAL_MspInit
 .text.HAL_I2C_MspInit
                0x0000000008003618       0xd4 ./Core/Src/stm32f4xx_hal_msp.o
                0x0000000008003618                HAL_I2C_MspInit
 .text.HAL_TIM_Base_MspInit
                0x00000000080036ec       0xc4 ./Core/Src/stm32f4xx_hal_msp.o
                0x00000000080036ec                HAL_TIM_Base_MspInit
 .text.HAL_InitTick
                0x00000000080037b0       0xb4 ./Core/Src/stm32f4xx_hal_timebase_tim.o
                0x00000000080037b0                HAL_InitTick
 .text.NMI_Handler
                0x0000000008003864        0x6 ./Core/Src/stm32f4xx_it.o
                0x0000000008003864                NMI_Handler
 .text.HardFault_Handler
                0x000000000800386a        0x6 ./Core/Src/stm32f4xx_it.o
                0x000000000800386a                HardFault_Handler
 .text.MemManage_Handler
                0x0000000008003870        0x6 ./Core/Src/stm32f4xx_it.o
                0x0000000008003870                MemManage_Handler
 .text.BusFault_Handler
                0x0000000008003876        0x6 ./Core/Src/stm32f4xx_it.o
                0x0000000008003876                BusFault_Handler
 .text.UsageFault_Handler
                0x000000000800387c        0x6 ./Core/Src/stm32f4xx_it.o
                0x000000000800387c                UsageFault_Handler
 .text.DebugMon_Handler
                0x0000000008003882        0xe ./Core/Src/stm32f4xx_it.o
                0x0000000008003882                DebugMon_Handler
 .text.TIM1_UP_TIM10_IRQHandler
                0x0000000008003890       0x1c ./Core/Src/stm32f4xx_it.o
                0x0000000008003890                TIM1_UP_TIM10_IRQHandler
 .text.TIM2_IRQHandler
                0x00000000080038ac       0x14 ./Core/Src/stm32f4xx_it.o
                0x00000000080038ac                TIM2_IRQHandler
 .text.TIM3_IRQHandler
                0x00000000080038c0       0x14 ./Core/Src/stm32f4xx_it.o
                0x00000000080038c0                TIM3_IRQHandler
 .text.OTG_FS_IRQHandler
                0x00000000080038d4       0x14 ./Core/Src/stm32f4xx_it.o
                0x00000000080038d4                OTG_FS_IRQHandler
 .text._getpid  0x00000000080038e8       0x10 ./Core/Src/syscalls.o
                0x00000000080038e8                _getpid
 .text._kill    0x00000000080038f8       0x20 ./Core/Src/syscalls.o
                0x00000000080038f8                _kill
 .text._exit    0x0000000008003918       0x14 ./Core/Src/syscalls.o
                0x0000000008003918                _exit
 .text._read    0x000000000800392c       0x3a ./Core/Src/syscalls.o
                0x000000000800392c                _read
 .text._write   0x0000000008003966       0x38 ./Core/Src/syscalls.o
                0x0000000008003966                _write
 .text._close   0x000000000800399e       0x18 ./Core/Src/syscalls.o
                0x000000000800399e                _close
 .text._fstat   0x00000000080039b6       0x20 ./Core/Src/syscalls.o
                0x00000000080039b6                _fstat
 .text._isatty  0x00000000080039d6       0x16 ./Core/Src/syscalls.o
                0x00000000080039d6                _isatty
 .text._lseek   0x00000000080039ec       0x1a ./Core/Src/syscalls.o
                0x00000000080039ec                _lseek
 *fill*         0x0000000008003a06        0x2 
 .text._sbrk    0x0000000008003a08       0x6c ./Core/Src/sysmem.o
                0x0000000008003a08                _sbrk
 .text.SystemInit
                0x0000000008003a74       0x24 ./Core/Src/system_stm32f4xx.o
                0x0000000008003a74                SystemInit
 .text.Reset_Handler
                0x0000000008003a98       0x50 ./Core/Startup/startup_stm32f407vgtx.o
                0x0000000008003a98                Reset_Handler
 .text.Default_Handler
                0x0000000008003ae8        0x2 ./Core/Startup/startup_stm32f407vgtx.o
                0x0000000008003ae8                RTC_Alarm_IRQHandler
                0x0000000008003ae8                HASH_RNG_IRQHandler
                0x0000000008003ae8                EXTI2_IRQHandler
                0x0000000008003ae8                TIM8_CC_IRQHandler
                0x0000000008003ae8                TIM1_CC_IRQHandler
                0x0000000008003ae8                DMA2_Stream5_IRQHandler
                0x0000000008003ae8                DMA1_Stream5_IRQHandler
                0x0000000008003ae8                PVD_IRQHandler
                0x0000000008003ae8                SDIO_IRQHandler
                0x0000000008003ae8                TAMP_STAMP_IRQHandler
                0x0000000008003ae8                CAN2_RX1_IRQHandler
                0x0000000008003ae8                EXTI3_IRQHandler
                0x0000000008003ae8                TIM8_TRG_COM_TIM14_IRQHandler
                0x0000000008003ae8                TIM8_UP_TIM13_IRQHandler
                0x0000000008003ae8                I2C3_ER_IRQHandler
                0x0000000008003ae8                EXTI0_IRQHandler
                0x0000000008003ae8                I2C2_EV_IRQHandler
                0x0000000008003ae8                DMA1_Stream2_IRQHandler
                0x0000000008003ae8                CAN1_RX0_IRQHandler
                0x0000000008003ae8                FPU_IRQHandler
                0x0000000008003ae8                OTG_HS_WKUP_IRQHandler
                0x0000000008003ae8                CAN2_SCE_IRQHandler
                0x0000000008003ae8                DMA2_Stream2_IRQHandler
                0x0000000008003ae8                SPI1_IRQHandler
                0x0000000008003ae8                TIM6_DAC_IRQHandler
                0x0000000008003ae8                TIM1_BRK_TIM9_IRQHandler
                0x0000000008003ae8                DCMI_IRQHandler
                0x0000000008003ae8                CAN2_RX0_IRQHandler
                0x0000000008003ae8                DMA2_Stream3_IRQHandler
                0x0000000008003ae8                USART6_IRQHandler
                0x0000000008003ae8                USART3_IRQHandler
                0x0000000008003ae8                CAN1_RX1_IRQHandler
                0x0000000008003ae8                UART5_IRQHandler
                0x0000000008003ae8                DMA2_Stream0_IRQHandler
                0x0000000008003ae8                TIM4_IRQHandler
                0x0000000008003ae8                I2C1_EV_IRQHandler
                0x0000000008003ae8                DMA1_Stream6_IRQHandler
                0x0000000008003ae8                DMA1_Stream1_IRQHandler
                0x0000000008003ae8                UART4_IRQHandler
                0x0000000008003ae8                RCC_IRQHandler
                0x0000000008003ae8                TIM8_BRK_TIM12_IRQHandler
                0x0000000008003ae8                Default_Handler
                0x0000000008003ae8                EXTI15_10_IRQHandler
                0x0000000008003ae8                ADC_IRQHandler
                0x0000000008003ae8                DMA1_Stream7_IRQHandler
                0x0000000008003ae8                TIM7_IRQHandler
                0x0000000008003ae8                CAN2_TX_IRQHandler
                0x0000000008003ae8                TIM5_IRQHandler
                0x0000000008003ae8                DMA2_Stream7_IRQHandler
                0x0000000008003ae8                I2C3_EV_IRQHandler
                0x0000000008003ae8                EXTI9_5_IRQHandler
                0x0000000008003ae8                RTC_WKUP_IRQHandler
                0x0000000008003ae8                ETH_WKUP_IRQHandler
                0x0000000008003ae8                SPI2_IRQHandler
                0x0000000008003ae8                OTG_HS_EP1_IN_IRQHandler
                0x0000000008003ae8                DMA1_Stream0_IRQHandler
                0x0000000008003ae8                CAN1_TX_IRQHandler
                0x0000000008003ae8                EXTI4_IRQHandler
                0x0000000008003ae8                FSMC_IRQHandler
                0x0000000008003ae8                ETH_IRQHandler
                0x0000000008003ae8                OTG_HS_EP1_OUT_IRQHandler
                0x0000000008003ae8                WWDG_IRQHandler
                0x0000000008003ae8                OTG_FS_WKUP_IRQHandler
                0x0000000008003ae8                TIM1_TRG_COM_TIM11_IRQHandler
                0x0000000008003ae8                OTG_HS_IRQHandler
                0x0000000008003ae8                EXTI1_IRQHandler
                0x0000000008003ae8                USART2_IRQHandler
                0x0000000008003ae8                I2C2_ER_IRQHandler
                0x0000000008003ae8                DMA2_Stream1_IRQHandler
                0x0000000008003ae8                CAN1_SCE_IRQHandler
                0x0000000008003ae8                FLASH_IRQHandler
                0x0000000008003ae8                DMA2_Stream4_IRQHandler
                0x0000000008003ae8                USART1_IRQHandler
                0x0000000008003ae8                SPI3_IRQHandler
                0x0000000008003ae8                DMA1_Stream4_IRQHandler
                0x0000000008003ae8                I2C1_ER_IRQHandler
                0x0000000008003ae8                DMA2_Stream6_IRQHandler
                0x0000000008003ae8                DMA1_Stream3_IRQHandler
 *fill*         0x0000000008003aea        0x2 
 .text.HAL_Init
                0x0000000008003aec       0x44 ./Drivers/STM32F4xx_HAL_Driver/Src/stm32f4xx_hal.o
                0x0000000008003aec                HAL_Init
 .text.HAL_IncTick
                0x0000000008003b30       0x28 ./Drivers/STM32F4xx_HAL_Driver/Src/stm32f4xx_hal.o
                0x0000000008003b30                HAL_IncTick
 .text.HAL_GetTick
                0x0000000008003b58       0x18 ./Drivers/STM32F4xx_HAL_Driver/Src/stm32f4xx_hal.o
                0x0000000008003b58                HAL_GetTick
 .text.HAL_Delay
                0x0000000008003b70       0x48 ./Drivers/STM32F4xx_HAL_Driver/Src/stm32f4xx_hal.o
                0x0000000008003b70                HAL_Delay
 .text.__NVIC_SetPriorityGrouping
                0x0000000008003bb8       0x48 ./Drivers/STM32F4xx_HAL_Driver/Src/stm32f4xx_hal_cortex.o
 .text.__NVIC_GetPriorityGrouping
                0x0000000008003c00       0x1c ./Drivers/STM32F4xx_HAL_Driver/Src/stm32f4xx_hal_cortex.o
 .text.__NVIC_EnableIRQ
                0x0000000008003c1c       0x3c ./Drivers/STM32F4xx_HAL_Driver/Src/stm32f4xx_hal_cortex.o
 .text.__NVIC_SetPriority
                0x0000000008003c58       0x54 ./Drivers/STM32F4xx_HAL_Driver/Src/stm32f4xx_hal_cortex.o
 .text.NVIC_EncodePriority
                0x0000000008003cac       0x66 ./Drivers/STM32F4xx_HAL_Driver/Src/stm32f4xx_hal_cortex.o
 .text.HAL_NVIC_SetPriorityGrouping
                0x0000000008003d12       0x16 ./Drivers/STM32F4xx_HAL_Driver/Src/stm32f4xx_hal_cortex.o
                0x0000000008003d12                HAL_NVIC_SetPriorityGrouping
 .text.HAL_NVIC_SetPriority
                0x0000000008003d28       0x38 ./Drivers/STM32F4xx_HAL_Driver/Src/stm32f4xx_hal_cortex.o
                0x0000000008003d28                HAL_NVIC_SetPriority
 .text.HAL_NVIC_EnableIRQ
                0x0000000008003d60       0x1c ./Drivers/STM32F4xx_HAL_Driver/Src/stm32f4xx_hal_cortex.o
                0x0000000008003d60                HAL_NVIC_EnableIRQ
 .text.HAL_GPIO_Init
                0x0000000008003d7c      0x338 ./Drivers/STM32F4xx_HAL_Driver/Src/stm32f4xx_hal_gpio.o
                0x0000000008003d7c                HAL_GPIO_Init
 .text.HAL_GPIO_WritePin
                0x00000000080040b4       0x32 ./Drivers/STM32F4xx_HAL_Driver/Src/stm32f4xx_hal_gpio.o
                0x00000000080040b4                HAL_GPIO_WritePin
 *fill*         0x00000000080040e6        0x2 
 .text.HAL_I2C_Init
                0x00000000080040e8      0x288 ./Drivers/STM32F4xx_HAL_Driver/Src/stm32f4xx_hal_i2c.o
                0x00000000080040e8                HAL_I2C_Init
 .text.HAL_I2C_Master_Transmit
                0x0000000008004370      0x1fc ./Drivers/STM32F4xx_HAL_Driver/Src/stm32f4xx_hal_i2c.o
                0x0000000008004370                HAL_I2C_Master_Transmit
 .text.HAL_I2C_Master_Receive
                0x000000000800456c      0x44c ./Drivers/STM32F4xx_HAL_Driver/Src/stm32f4xx_hal_i2c.o
                0x000000000800456c                HAL_I2C_Master_Receive
 .text.HAL_I2C_Mem_Read
                0x00000000080049b8      0x44c ./Drivers/STM32F4xx_HAL_Driver/Src/stm32f4xx_hal_i2c.o
                0x00000000080049b8                HAL_I2C_Mem_Read
 .text.I2C_MasterRequestWrite
                0x0000000008004e04      0x104 ./Drivers/STM32F4xx_HAL_Driver/Src/stm32f4xx_hal_i2c.o
 .text.I2C_MasterRequestRead
                0x0000000008004f08      0x19c ./Drivers/STM32F4xx_HAL_Driver/Src/stm32f4xx_hal_i2c.o
 .text.I2C_RequestMemoryRead
                0x00000000080050a4      0x1d0 ./Drivers/STM32F4xx_HAL_Driver/Src/stm32f4xx_hal_i2c.o
 .text.I2C_WaitOnFlagUntilTimeout
                0x0000000008005274       0xae ./Drivers/STM32F4xx_HAL_Driver/Src/stm32f4xx_hal_i2c.o
 .text.I2C_WaitOnMasterAddressFlagUntilTimeout
                0x0000000008005322       0xfe ./Drivers/STM32F4xx_HAL_Driver/Src/stm32f4xx_hal_i2c.o
 .text.I2C_WaitOnTXEFlagUntilTimeout
                0x0000000008005420       0x82 ./Drivers/STM32F4xx_HAL_Driver/Src/stm32f4xx_hal_i2c.o
 .text.I2C_WaitOnBTFFlagUntilTimeout
                0x00000000080054a2       0x82 ./Drivers/STM32F4xx_HAL_Driver/Src/stm32f4xx_hal_i2c.o
 .text.I2C_WaitOnRXNEFlagUntilTimeout
                0x0000000008005524       0xac ./Drivers/STM32F4xx_HAL_Driver/Src/stm32f4xx_hal_i2c.o
 .text.I2C_IsAcknowledgeFailed
                0x00000000080055d0       0x5e ./Drivers/STM32F4xx_HAL_Driver/Src/stm32f4xx_hal_i2c.o
 .text.HAL_PCD_Init
                0x000000000800562e      0x23a ./Drivers/STM32F4xx_HAL_Driver/Src/stm32f4xx_hal_pcd.o
                0x000000000800562e                HAL_PCD_Init
 .text.HAL_PCD_Start
                0x0000000008005868       0x66 ./Drivers/STM32F4xx_HAL_Driver/Src/stm32f4xx_hal_pcd.o
                0x0000000008005868                HAL_PCD_Start
 .text.HAL_PCD_IRQHandler
                0x00000000080058ce      0x764 ./Drivers/STM32F4xx_HAL_Driver/Src/stm32f4xx_hal_pcd.o
                0x00000000080058ce                HAL_PCD_IRQHandler
 .text.HAL_PCD_SetAddress
                0x0000000008006032       0x4a ./Drivers/STM32F4xx_HAL_Driver/Src/stm32f4xx_hal_pcd.o
                0x0000000008006032                HAL_PCD_SetAddress
 .text.HAL_PCD_EP_Open
                0x000000000800607c       0xd0 ./Drivers/STM32F4xx_HAL_Driver/Src/stm32f4xx_hal_pcd.o
                0x000000000800607c                HAL_PCD_EP_Open
 .text.HAL_PCD_EP_Close
                0x000000000800614c       0x94 ./Drivers/STM32F4xx_HAL_Driver/Src/stm32f4xx_hal_pcd.o
                0x000000000800614c                HAL_PCD_EP_Close
 .text.HAL_PCD_EP_Receive
                0x00000000080061e0       0x96 ./Drivers/STM32F4xx_HAL_Driver/Src/stm32f4xx_hal_pcd.o
                0x00000000080061e0                HAL_PCD_EP_Receive
 .text.HAL_PCD_EP_GetRxCount
                0x0000000008006276       0x30 ./Drivers/STM32F4xx_HAL_Driver/Src/stm32f4xx_hal_pcd.o
                0x0000000008006276                HAL_PCD_EP_GetRxCount
 .text.HAL_PCD_EP_Transmit
                0x00000000080062a6       0x94 ./Drivers/STM32F4xx_HAL_Driver/Src/stm32f4xx_hal_pcd.o
                0x00000000080062a6                HAL_PCD_EP_Transmit
 .text.HAL_PCD_EP_SetStall
                0x000000000800633a       0xc8 ./Drivers/STM32F4xx_HAL_Driver/Src/stm32f4xx_hal_pcd.o
                0x000000000800633a                HAL_PCD_EP_SetStall
 .text.HAL_PCD_EP_ClrStall
                0x0000000008006402       0xac ./Drivers/STM32F4xx_HAL_Driver/Src/stm32f4xx_hal_pcd.o
                0x0000000008006402                HAL_PCD_EP_ClrStall
 .text.PCD_WriteEmptyTxFifo
                0x00000000080064ae      0x11a ./Drivers/STM32F4xx_HAL_Driver/Src/stm32f4xx_hal_pcd.o
 .text.PCD_EP_OutXfrComplete_int
                0x00000000080065c8      0x218 ./Drivers/STM32F4xx_HAL_Driver/Src/stm32f4xx_hal_pcd.o
 .text.PCD_EP_OutSetupPacket_int
                0x00000000080067e0       0x8c ./Drivers/STM32F4xx_HAL_Driver/Src/stm32f4xx_hal_pcd.o
 .text.HAL_PCDEx_SetTxFiFo
                0x000000000800686c       0x8e ./Drivers/STM32F4xx_HAL_Driver/Src/stm32f4xx_hal_pcd_ex.o
                0x000000000800686c                HAL_PCDEx_SetTxFiFo
 .text.HAL_PCDEx_SetRxFiFo
                0x00000000080068fa       0x22 ./Drivers/STM32F4xx_HAL_Driver/Src/stm32f4xx_hal_pcd_ex.o
                0x00000000080068fa                HAL_PCDEx_SetRxFiFo
 .text.HAL_PCDEx_LPM_Callback
                0x000000000800691c       0x18 ./Drivers/STM32F4xx_HAL_Driver/Src/stm32f4xx_hal_pcd_ex.o
                0x000000000800691c                HAL_PCDEx_LPM_Callback
 .text.HAL_RCC_OscConfig
                0x0000000008006934      0x4f0 ./Drivers/STM32F4xx_HAL_Driver/Src/stm32f4xx_hal_rcc.o
                0x0000000008006934                HAL_RCC_OscConfig
 .text.HAL_RCC_ClockConfig
                0x0000000008006e24      0x1cc ./Drivers/STM32F4xx_HAL_Driver/Src/stm32f4xx_hal_rcc.o
                0x0000000008006e24                HAL_RCC_ClockConfig
 .text.HAL_RCC_GetSysClockFreq
                0x0000000008006ff0      0x1c4 ./Drivers/STM32F4xx_HAL_Driver/Src/stm32f4xx_hal_rcc.o
                0x0000000008006ff0                HAL_RCC_GetSysClockFreq
 .text.HAL_RCC_GetHCLKFreq
                0x00000000080071b4       0x18 ./Drivers/STM32F4xx_HAL_Driver/Src/stm32f4xx_hal_rcc.o
                0x00000000080071b4                HAL_RCC_GetHCLKFreq
 .text.HAL_RCC_GetPCLK1Freq
                0x00000000080071cc       0x28 ./Drivers/STM32F4xx_HAL_Driver/Src/stm32f4xx_hal_rcc.o
                0x00000000080071cc                HAL_RCC_GetPCLK1Freq
 .text.HAL_RCC_GetPCLK2Freq
                0x00000000080071f4       0x28 ./Drivers/STM32F4xx_HAL_Driver/Src/stm32f4xx_hal_rcc.o
                0x00000000080071f4                HAL_RCC_GetPCLK2Freq
 .text.HAL_RCC_GetClockConfig
                0x000000000800721c       0x64 ./Drivers/STM32F4xx_HAL_Driver/Src/stm32f4xx_hal_rcc.o
                0x000000000800721c                HAL_RCC_GetClockConfig
 .text.HAL_TIM_Base_Init
                0x0000000008007280       0x9e ./Drivers/STM32F4xx_HAL_Driver/Src/stm32f4xx_hal_tim.o
                0x0000000008007280                HAL_TIM_Base_Init
 *fill*         0x000000000800731e        0x2 
 .text.HAL_TIM_Base_Start_IT
                0x0000000008007320       0xe0 ./Drivers/STM32F4xx_HAL_Driver/Src/stm32f4xx_hal_tim.o
                0x0000000008007320                HAL_TIM_Base_Start_IT
 .text.HAL_TIM_Base_Stop_IT
                0x0000000008007400       0x5e ./Drivers/STM32F4xx_HAL_Driver/Src/stm32f4xx_hal_tim.o
                0x0000000008007400                HAL_TIM_Base_Stop_IT
 .text.HAL_TIM_IRQHandler
                0x000000000800745e      0x210 ./Drivers/STM32F4xx_HAL_Driver/Src/stm32f4xx_hal_tim.o
                0x000000000800745e                HAL_TIM_IRQHandler
 .text.HAL_TIM_ConfigClockSource
                0x000000000800766e      0x18e ./Drivers/STM32F4xx_HAL_Driver/Src/stm32f4xx_hal_tim.o
                0x000000000800766e                HAL_TIM_ConfigClockSource
 .text.HAL_TIM_OC_DelayElapsedCallback
                0x00000000080077fc       0x14 ./Drivers/STM32F4xx_HAL_Driver/Src/stm32f4xx_hal_tim.o
                0x00000000080077fc                HAL_TIM_OC_DelayElapsedCallback
 .text.HAL_TIM_IC_CaptureCallback
                0x0000000008007810       0x14 ./Drivers/STM32F4xx_HAL_Driver/Src/stm32f4xx_hal_tim.o
                0x0000000008007810                HAL_TIM_IC_CaptureCallback
 .text.HAL_TIM_PWM_PulseFinishedCallback
                0x0000000008007824       0x14 ./Drivers/STM32F4xx_HAL_Driver/Src/stm32f4xx_hal_tim.o
                0x0000000008007824                HAL_TIM_PWM_PulseFinishedCallback
 .text.HAL_TIM_TriggerCallback
                0x0000000008007838       0x14 ./Drivers/STM32F4xx_HAL_Driver/Src/stm32f4xx_hal_tim.o
                0x0000000008007838                HAL_TIM_TriggerCallback
 .text.TIM_Base_SetConfig
                0x000000000800784c      0x140 ./Drivers/STM32F4xx_HAL_Driver/Src/stm32f4xx_hal_tim.o
                0x000000000800784c                TIM_Base_SetConfig
 .text.TIM_TI1_ConfigInputStage
                0x000000000800798c       0x5e ./Drivers/STM32F4xx_HAL_Driver/Src/stm32f4xx_hal_tim.o
 .text.TIM_TI2_ConfigInputStage
                0x00000000080079ea       0x60 ./Drivers/STM32F4xx_HAL_Driver/Src/stm32f4xx_hal_tim.o
 .text.TIM_ITRx_SetConfig
                0x0000000008007a4a       0x36 ./Drivers/STM32F4xx_HAL_Driver/Src/stm32f4xx_hal_tim.o
 .text.TIM_ETR_SetConfig
                0x0000000008007a80       0x40 ./Drivers/STM32F4xx_HAL_Driver/Src/stm32f4xx_hal_tim.o
                0x0000000008007a80                TIM_ETR_SetConfig
 .text.HAL_TIMEx_MasterConfigSynchronization
                0x0000000008007ac0       0xf8 ./Drivers/STM32F4xx_HAL_Driver/Src/stm32f4xx_hal_tim_ex.o
                0x0000000008007ac0                HAL_TIMEx_MasterConfigSynchronization
 .text.HAL_TIMEx_CommutCallback
                0x0000000008007bb8       0x14 ./Drivers/STM32F4xx_HAL_Driver/Src/stm32f4xx_hal_tim_ex.o
                0x0000000008007bb8                HAL_TIMEx_CommutCallback
 .text.HAL_TIMEx_BreakCallback
                0x0000000008007bcc       0x14 ./Drivers/STM32F4xx_HAL_Driver/Src/stm32f4xx_hal_tim_ex.o
                0x0000000008007bcc                HAL_TIMEx_BreakCallback
 .text.USB_CoreInit
                0x0000000008007be0       0xc2 ./Drivers/STM32F4xx_HAL_Driver/Src/stm32f4xx_ll_usb.o
                0x0000000008007be0                USB_CoreInit
 *fill*         0x0000000008007ca2        0x2 
 .text.USB_SetTurnaroundTime
                0x0000000008007ca4      0x144 ./Drivers/STM32F4xx_HAL_Driver/Src/stm32f4xx_ll_usb.o
                0x0000000008007ca4                USB_SetTurnaroundTime
 .text.USB_EnableGlobalInt
                0x0000000008007de8       0x22 ./Drivers/STM32F4xx_HAL_Driver/Src/stm32f4xx_ll_usb.o
                0x0000000008007de8                USB_EnableGlobalInt
 .text.USB_DisableGlobalInt
                0x0000000008007e0a       0x22 ./Drivers/STM32F4xx_HAL_Driver/Src/stm32f4xx_ll_usb.o
                0x0000000008007e0a                USB_DisableGlobalInt
 .text.USB_SetCurrentMode
                0x0000000008007e2c       0x98 ./Drivers/STM32F4xx_HAL_Driver/Src/stm32f4xx_ll_usb.o
                0x0000000008007e2c                USB_SetCurrentMode
 .text.USB_DevInit
                0x0000000008007ec4      0x2c8 ./Drivers/STM32F4xx_HAL_Driver/Src/stm32f4xx_ll_usb.o
                0x0000000008007ec4                USB_DevInit
 .text.USB_FlushTxFifo
                0x000000000800818c       0x48 ./Drivers/STM32F4xx_HAL_Driver/Src/stm32f4xx_ll_usb.o
                0x000000000800818c                USB_FlushTxFifo
 .text.USB_FlushRxFifo
                0x00000000080081d4       0x40 ./Drivers/STM32F4xx_HAL_Driver/Src/stm32f4xx_ll_usb.o
                0x00000000080081d4                USB_FlushRxFifo
 .text.USB_SetDevSpeed
                0x0000000008008214       0x32 ./Drivers/STM32F4xx_HAL_Driver/Src/stm32f4xx_ll_usb.o
                0x0000000008008214                USB_SetDevSpeed
 .text.USB_GetDevSpeed
                0x0000000008008246       0x4a ./Drivers/STM32F4xx_HAL_Driver/Src/stm32f4xx_ll_usb.o
                0x0000000008008246                USB_GetDevSpeed
 .text.USB_ActivateEndpoint
                0x0000000008008290      0x10e ./Drivers/STM32F4xx_HAL_Driver/Src/stm32f4xx_ll_usb.o
                0x0000000008008290                USB_ActivateEndpoint
 *fill*         0x000000000800839e        0x2 
 .text.USB_DeactivateEndpoint
                0x00000000080083a0      0x1b8 ./Drivers/STM32F4xx_HAL_Driver/Src/stm32f4xx_ll_usb.o
                0x00000000080083a0                USB_DeactivateEndpoint
 .text.USB_EPStartXfer
                0x0000000008008558      0x488 ./Drivers/STM32F4xx_HAL_Driver/Src/stm32f4xx_ll_usb.o
                0x0000000008008558                USB_EPStartXfer
 .text.USB_EP0StartXfer
                0x00000000080089e0      0x2a6 ./Drivers/STM32F4xx_HAL_Driver/Src/stm32f4xx_ll_usb.o
                0x00000000080089e0                USB_EP0StartXfer
 .text.USB_WritePacket
                0x0000000008008c86       0x7c ./Drivers/STM32F4xx_HAL_Driver/Src/stm32f4xx_ll_usb.o
                0x0000000008008c86                USB_WritePacket
 .text.USB_ReadPacket
                0x0000000008008d02       0xb0 ./Drivers/STM32F4xx_HAL_Driver/Src/stm32f4xx_ll_usb.o
                0x0000000008008d02                USB_ReadPacket
 .text.USB_EPSetStall
                0x0000000008008db2       0xdc ./Drivers/STM32F4xx_HAL_Driver/Src/stm32f4xx_ll_usb.o
                0x0000000008008db2                USB_EPSetStall
 .text.USB_EPClearStall
                0x0000000008008e8e       0xcc ./Drivers/STM32F4xx_HAL_Driver/Src/stm32f4xx_ll_usb.o
                0x0000000008008e8e                USB_EPClearStall
 .text.USB_SetDevAddress
                0x0000000008008f5a       0x4c ./Drivers/STM32F4xx_HAL_Driver/Src/stm32f4xx_ll_usb.o
                0x0000000008008f5a                USB_SetDevAddress
 .text.USB_DevConnect
                0x0000000008008fa6       0x42 ./Drivers/STM32F4xx_HAL_Driver/Src/stm32f4xx_ll_usb.o
                0x0000000008008fa6                USB_DevConnect
 .text.USB_DevDisconnect
                0x0000000008008fe8       0x42 ./Drivers/STM32F4xx_HAL_Driver/Src/stm32f4xx_ll_usb.o
                0x0000000008008fe8                USB_DevDisconnect
 .text.USB_ReadInterrupts
                0x000000000800902a       0x26 ./Drivers/STM32F4xx_HAL_Driver/Src/stm32f4xx_ll_usb.o
                0x000000000800902a                USB_ReadInterrupts
 .text.USB_ReadDevAllOutEpInterrupt
                0x0000000008009050       0x34 ./Drivers/STM32F4xx_HAL_Driver/Src/stm32f4xx_ll_usb.o
                0x0000000008009050                USB_ReadDevAllOutEpInterrupt
 .text.USB_ReadDevAllInEpInterrupt
                0x0000000008009084       0x34 ./Drivers/STM32F4xx_HAL_Driver/Src/stm32f4xx_ll_usb.o
                0x0000000008009084                USB_ReadDevAllInEpInterrupt
 .text.USB_ReadDevOutEPInterrupt
                0x00000000080090b8       0x3c ./Drivers/STM32F4xx_HAL_Driver/Src/stm32f4xx_ll_usb.o
                0x00000000080090b8                USB_ReadDevOutEPInterrupt
 .text.USB_ReadDevInEPInterrupt
                0x00000000080090f4       0x5c ./Drivers/STM32F4xx_HAL_Driver/Src/stm32f4xx_ll_usb.o
                0x00000000080090f4                USB_ReadDevInEPInterrupt
 .text.USB_GetMode
                0x0000000008009150       0x1c ./Drivers/STM32F4xx_HAL_Driver/Src/stm32f4xx_ll_usb.o
                0x0000000008009150                USB_GetMode
 .text.USB_ActivateSetup
                0x000000000800916c       0x46 ./Drivers/STM32F4xx_HAL_Driver/Src/stm32f4xx_ll_usb.o
                0x000000000800916c                USB_ActivateSetup
 *fill*         0x00000000080091b2        0x2 
 .text.USB_EP0_OutStart
                0x00000000080091b4       0xbc ./Drivers/STM32F4xx_HAL_Driver/Src/stm32f4xx_ll_usb.o
                0x00000000080091b4                USB_EP0_OutStart
 .text.USB_CoreReset
                0x0000000008009270       0x64 ./Drivers/STM32F4xx_HAL_Driver/Src/stm32f4xx_ll_usb.o
 .text.USBD_CDC_Init
                0x00000000080092d4       0xfe ./Middlewares/ST/STM32_USB_Device_Library/Class/CDC/Src/usbd_cdc.o
 .text.USBD_CDC_DeInit
                0x00000000080093d2       0x74 ./Middlewares/ST/STM32_USB_Device_Library/Class/CDC/Src/usbd_cdc.o
 *fill*         0x0000000008009446        0x2 
 .text.USBD_CDC_Setup
                0x0000000008009448      0x190 ./Middlewares/ST/STM32_USB_Device_Library/Class/CDC/Src/usbd_cdc.o
 .text.USBD_CDC_DataIn
                0x00000000080095d8       0xca ./Middlewares/ST/STM32_USB_Device_Library/Class/CDC/Src/usbd_cdc.o
 .text.USBD_CDC_DataOut
                0x00000000080096a2       0x56 ./Middlewares/ST/STM32_USB_Device_Library/Class/CDC/Src/usbd_cdc.o
 .text.USBD_CDC_EP0_RxReady
                0x00000000080096f8       0x5a ./Middlewares/ST/STM32_USB_Device_Library/Class/CDC/Src/usbd_cdc.o
 *fill*         0x0000000008009752        0x2 
 .text.USBD_CDC_GetFSCfgDesc
                0x0000000008009754       0x20 ./Middlewares/ST/STM32_USB_Device_Library/Class/CDC/Src/usbd_cdc.o
 .text.USBD_CDC_GetHSCfgDesc
                0x0000000008009774       0x20 ./Middlewares/ST/STM32_USB_Device_Library/Class/CDC/Src/usbd_cdc.o
 .text.USBD_CDC_GetOtherSpeedCfgDesc
                0x0000000008009794       0x20 ./Middlewares/ST/STM32_USB_Device_Library/Class/CDC/Src/usbd_cdc.o
 .text.USBD_CDC_GetDeviceQualifierDescriptor
                0x00000000080097b4       0x20 ./Middlewares/ST/STM32_USB_Device_Library/Class/CDC/Src/usbd_cdc.o
                0x00000000080097b4                USBD_CDC_GetDeviceQualifierDescriptor
 .text.USBD_CDC_RegisterInterface
                0x00000000080097d4       0x2a ./Middlewares/ST/STM32_USB_Device_Library/Class/CDC/Src/usbd_cdc.o
                0x00000000080097d4                USBD_CDC_RegisterInterface
 .text.USBD_CDC_SetTxBuffer
                0x00000000080097fe       0x3c ./Middlewares/ST/STM32_USB_Device_Library/Class/CDC/Src/usbd_cdc.o
                0x00000000080097fe                USBD_CDC_SetTxBuffer
 .text.USBD_CDC_SetRxBuffer
                0x000000000800983a       0x32 ./Middlewares/ST/STM32_USB_Device_Library/Class/CDC/Src/usbd_cdc.o
                0x000000000800983a                USBD_CDC_SetRxBuffer
 .text.USBD_CDC_TransmitPacket
                0x000000000800986c       0x60 ./Middlewares/ST/STM32_USB_Device_Library/Class/CDC/Src/usbd_cdc.o
                0x000000000800986c                USBD_CDC_TransmitPacket
 .text.USBD_CDC_ReceivePacket
                0x00000000080098cc       0x54 ./Middlewares/ST/STM32_USB_Device_Library/Class/CDC/Src/usbd_cdc.o
                0x00000000080098cc                USBD_CDC_ReceivePacket
 .text.USBD_Init
                0x0000000008009920       0x60 ./Middlewares/ST/STM32_USB_Device_Library/Core/Src/usbd_core.o
                0x0000000008009920                USBD_Init
 .text.USBD_RegisterClass
                0x0000000008009980       0x4e ./Middlewares/ST/STM32_USB_Device_Library/Core/Src/usbd_core.o
                0x0000000008009980                USBD_RegisterClass
 .text.USBD_Start
                0x00000000080099ce       0x18 ./Middlewares/ST/STM32_USB_Device_Library/Core/Src/usbd_core.o
                0x00000000080099ce                USBD_Start
 .text.USBD_RunTestMode
                0x00000000080099e6       0x16 ./Middlewares/ST/STM32_USB_Device_Library/Core/Src/usbd_core.o
                0x00000000080099e6                USBD_RunTestMode
 .text.USBD_SetClassConfig
                0x00000000080099fc       0x38 ./Middlewares/ST/STM32_USB_Device_Library/Core/Src/usbd_core.o
                0x00000000080099fc                USBD_SetClassConfig
 .text.USBD_ClrClassConfig
                0x0000000008009a34       0x30 ./Middlewares/ST/STM32_USB_Device_Library/Core/Src/usbd_core.o
                0x0000000008009a34                USBD_ClrClassConfig
 .text.USBD_LL_SetupStage
                0x0000000008009a64       0xaa ./Middlewares/ST/STM32_USB_Device_Library/Core/Src/usbd_core.o
                0x0000000008009a64                USBD_LL_SetupStage
 .text.USBD_LL_DataOutStage
                0x0000000008009b0e       0xc6 ./Middlewares/ST/STM32_USB_Device_Library/Core/Src/usbd_core.o
                0x0000000008009b0e                USBD_LL_DataOutStage
 .text.USBD_LL_DataInStage
                0x0000000008009bd4      0x12c ./Middlewares/ST/STM32_USB_Device_Library/Core/Src/usbd_core.o
                0x0000000008009bd4                USBD_LL_DataInStage
 .text.USBD_LL_Reset
                0x0000000008009d00       0x9c ./Middlewares/ST/STM32_USB_Device_Library/Core/Src/usbd_core.o
                0x0000000008009d00                USBD_LL_Reset
 .text.USBD_LL_SetSpeed
                0x0000000008009d9c       0x20 ./Middlewares/ST/STM32_USB_Device_Library/Core/Src/usbd_core.o
                0x0000000008009d9c                USBD_LL_SetSpeed
 .text.USBD_LL_Suspend
                0x0000000008009dbc       0x2c ./Middlewares/ST/STM32_USB_Device_Library/Core/Src/usbd_core.o
                0x0000000008009dbc                USBD_LL_Suspend
 .text.USBD_LL_Resume
                0x0000000008009de8       0x30 ./Middlewares/ST/STM32_USB_Device_Library/Core/Src/usbd_core.o
                0x0000000008009de8                USBD_LL_Resume
 .text.USBD_LL_SOF
                0x0000000008009e18       0x44 ./Middlewares/ST/STM32_USB_Device_Library/Core/Src/usbd_core.o
                0x0000000008009e18                USBD_LL_SOF
 .text.USBD_LL_IsoINIncomplete
                0x0000000008009e5c       0x4c ./Middlewares/ST/STM32_USB_Device_Library/Core/Src/usbd_core.o
                0x0000000008009e5c                USBD_LL_IsoINIncomplete
 .text.USBD_LL_IsoOUTIncomplete
                0x0000000008009ea8       0x4c ./Middlewares/ST/STM32_USB_Device_Library/Core/Src/usbd_core.o
                0x0000000008009ea8                USBD_LL_IsoOUTIncomplete
 .text.USBD_LL_DevConnected
                0x0000000008009ef4       0x16 ./Middlewares/ST/STM32_USB_Device_Library/Core/Src/usbd_core.o
                0x0000000008009ef4                USBD_LL_DevConnected
 .text.USBD_LL_DevDisconnected
                0x0000000008009f0a       0x38 ./Middlewares/ST/STM32_USB_Device_Library/Core/Src/usbd_core.o
                0x0000000008009f0a                USBD_LL_DevDisconnected
 .text.SWAPBYTE
                0x0000000008009f42       0x3c ./Middlewares/ST/STM32_USB_Device_Library/Core/Src/usbd_ctlreq.o
 *fill*         0x0000000008009f7e        0x2 
 .text.USBD_StdDevReq
                0x0000000008009f80       0xdc ./Middlewares/ST/STM32_USB_Device_Library/Core/Src/usbd_ctlreq.o
                0x0000000008009f80                USBD_StdDevReq
 .text.USBD_StdItfReq
                0x000000000800a05c       0x92 ./Middlewares/ST/STM32_USB_Device_Library/Core/Src/usbd_ctlreq.o
                0x000000000800a05c                USBD_StdItfReq
 .text.USBD_StdEPReq
                0x000000000800a0ee      0x2c4 ./Middlewares/ST/STM32_USB_Device_Library/Core/Src/usbd_ctlreq.o
                0x000000000800a0ee                USBD_StdEPReq
 *fill*         0x000000000800a3b2        0x2 
 .text.USBD_GetDescriptor
                0x000000000800a3b4      0x2d4 ./Middlewares/ST/STM32_USB_Device_Library/Core/Src/usbd_ctlreq.o
 .text.USBD_SetAddress
                0x000000000800a688       0x88 ./Middlewares/ST/STM32_USB_Device_Library/Core/Src/usbd_ctlreq.o
 .text.USBD_SetConfig
                0x000000000800a710      0x14c ./Middlewares/ST/STM32_USB_Device_Library/Core/Src/usbd_ctlreq.o
 .text.USBD_GetConfig
                0x000000000800a85c       0x6c ./Middlewares/ST/STM32_USB_Device_Library/Core/Src/usbd_ctlreq.o
 .text.USBD_GetStatus
                0x000000000800a8c8       0x68 ./Middlewares/ST/STM32_USB_Device_Library/Core/Src/usbd_ctlreq.o
 .text.USBD_SetFeature
                0x000000000800a930       0x28 ./Middlewares/ST/STM32_USB_Device_Library/Core/Src/usbd_ctlreq.o
 .text.USBD_ClrFeature
                0x000000000800a958       0x44 ./Middlewares/ST/STM32_USB_Device_Library/Core/Src/usbd_ctlreq.o
 .text.USBD_ParseSetupRequest
                0x000000000800a99c       0x74 ./Middlewares/ST/STM32_USB_Device_Library/Core/Src/usbd_ctlreq.o
                0x000000000800a99c                USBD_ParseSetupRequest
 .text.USBD_CtlError
                0x000000000800aa10       0x22 ./Middlewares/ST/STM32_USB_Device_Library/Core/Src/usbd_ctlreq.o
                0x000000000800aa10                USBD_CtlError
 .text.USBD_GetString
                0x000000000800aa32       0x8c ./Middlewares/ST/STM32_USB_Device_Library/Core/Src/usbd_ctlreq.o
                0x000000000800aa32                USBD_GetString
 .text.USBD_GetLen
                0x000000000800aabe       0x34 ./Middlewares/ST/STM32_USB_Device_Library/Core/Src/usbd_ctlreq.o
 .text.USBD_CtlSendData
                0x000000000800aaf2       0x36 ./Middlewares/ST/STM32_USB_Device_Library/Core/Src/usbd_ioreq.o
                0x000000000800aaf2                USBD_CtlSendData
 .text.USBD_CtlContinueSendData
                0x000000000800ab28       0x22 ./Middlewares/ST/STM32_USB_Device_Library/Core/Src/usbd_ioreq.o
                0x000000000800ab28                USBD_CtlContinueSendData
 .text.USBD_CtlPrepareRx
                0x000000000800ab4a       0x3a ./Middlewares/ST/STM32_USB_Device_Library/Core/Src/usbd_ioreq.o
                0x000000000800ab4a                USBD_CtlPrepareRx
 .text.USBD_CtlContinueRx
                0x000000000800ab84       0x22 ./Middlewares/ST/STM32_USB_Device_Library/Core/Src/usbd_ioreq.o
                0x000000000800ab84                USBD_CtlContinueRx
 .text.USBD_CtlSendStatus
                0x000000000800aba6       0x26 ./Middlewares/ST/STM32_USB_Device_Library/Core/Src/usbd_ioreq.o
                0x000000000800aba6                USBD_CtlSendStatus
 .text.USBD_CtlReceiveStatus
                0x000000000800abcc       0x26 ./Middlewares/ST/STM32_USB_Device_Library/Core/Src/usbd_ioreq.o
                0x000000000800abcc                USBD_CtlReceiveStatus
 *fill*         0x000000000800abf2        0x2 
 .text.__NVIC_SetPriority
                0x000000000800abf4       0x54 ./Middlewares/Third_Party/FreeRTOS/Source/CMSIS_RTOS_V2/cmsis_os2.o
 .text.SysTick_Handler
                0x000000000800ac48       0x20 ./Middlewares/Third_Party/FreeRTOS/Source/CMSIS_RTOS_V2/cmsis_os2.o
                0x000000000800ac48                SysTick_Handler
 .text.SVC_Setup
                0x000000000800ac68       0x12 ./Middlewares/Third_Party/FreeRTOS/Source/CMSIS_RTOS_V2/cmsis_os2.o
 *fill*         0x000000000800ac7a        0x2 
 .text.osKernelInitialize
                0x000000000800ac7c       0x48 ./Middlewares/Third_Party/FreeRTOS/Source/CMSIS_RTOS_V2/cmsis_os2.o
                0x000000000800ac7c                osKernelInitialize
 .text.osKernelStart
                0x000000000800acc4       0x4c ./Middlewares/Third_Party/FreeRTOS/Source/CMSIS_RTOS_V2/cmsis_os2.o
                0x000000000800acc4                osKernelStart
 .text.osThreadNew
                0x000000000800ad10      0x124 ./Middlewares/Third_Party/FreeRTOS/Source/CMSIS_RTOS_V2/cmsis_os2.o
                0x000000000800ad10                osThreadNew
 .text.osDelay  0x000000000800ae34       0x36 ./Middlewares/Third_Party/FreeRTOS/Source/CMSIS_RTOS_V2/cmsis_os2.o
                0x000000000800ae34                osDelay
 .text.osMessageQueueNew
                0x000000000800ae6a       0xe6 ./Middlewares/Third_Party/FreeRTOS/Source/CMSIS_RTOS_V2/cmsis_os2.o
                0x000000000800ae6a                osMessageQueueNew
 .text.osMessageQueuePut
                0x000000000800af50       0xc0 ./Middlewares/Third_Party/FreeRTOS/Source/CMSIS_RTOS_V2/cmsis_os2.o
                0x000000000800af50                osMessageQueuePut
 .text.osMessageQueueGet
                0x000000000800b010       0xbc ./Middlewares/Third_Party/FreeRTOS/Source/CMSIS_RTOS_V2/cmsis_os2.o
                0x000000000800b010                osMessageQueueGet
 .text.vApplicationGetIdleTaskMemory
                0x000000000800b0cc       0x34 ./Middlewares/Third_Party/FreeRTOS/Source/CMSIS_RTOS_V2/cmsis_os2.o
                0x000000000800b0cc                vApplicationGetIdleTaskMemory
 .text.vApplicationGetTimerTaskMemory
                0x000000000800b100       0x34 ./Middlewares/Third_Party/FreeRTOS/Source/CMSIS_RTOS_V2/cmsis_os2.o
                0x000000000800b100                vApplicationGetTimerTaskMemory
 .text.vListInitialise
                0x000000000800b134       0x40 ./Middlewares/Third_Party/FreeRTOS/Source/list.o
                0x000000000800b134                vListInitialise
 .text.vListInitialiseItem
                0x000000000800b174       0x1a ./Middlewares/Third_Party/FreeRTOS/Source/list.o
                0x000000000800b174                vListInitialiseItem
 .text.vListInsertEnd
                0x000000000800b18e       0x48 ./Middlewares/Third_Party/FreeRTOS/Source/list.o
                0x000000000800b18e                vListInsertEnd
 .text.vListInsert
                0x000000000800b1d6       0x72 ./Middlewares/Third_Party/FreeRTOS/Source/list.o
                0x000000000800b1d6                vListInsert
 .text.uxListRemove
                0x000000000800b248       0x54 ./Middlewares/Third_Party/FreeRTOS/Source/list.o
                0x000000000800b248                uxListRemove
 .text.xQueueGenericReset
                0x000000000800b29c       0xd0 ./Middlewares/Third_Party/FreeRTOS/Source/queue.o
                0x000000000800b29c                xQueueGenericReset
 .text.xQueueGenericCreateStatic
                0x000000000800b36c       0xf0 ./Middlewares/Third_Party/FreeRTOS/Source/queue.o
                0x000000000800b36c                xQueueGenericCreateStatic
 .text.xQueueGenericCreate
                0x000000000800b45c       0x74 ./Middlewares/Third_Party/FreeRTOS/Source/queue.o
                0x000000000800b45c                xQueueGenericCreate
 .text.prvInitialiseNewQueue
                0x000000000800b4d0       0x46 ./Middlewares/Third_Party/FreeRTOS/Source/queue.o
 *fill*         0x000000000800b516        0x2 
 .text.xQueueGenericSend
                0x000000000800b518      0x1fc ./Middlewares/Third_Party/FreeRTOS/Source/queue.o
                0x000000000800b518                xQueueGenericSend
 .text.xQueueGenericSendFromISR
                0x000000000800b714      0x136 ./Middlewares/Third_Party/FreeRTOS/Source/queue.o
                0x000000000800b714                xQueueGenericSendFromISR
 *fill*         0x000000000800b84a        0x2 
 .text.xQueueReceive
                0x000000000800b84c      0x1c0 ./Middlewares/Third_Party/FreeRTOS/Source/queue.o
                0x000000000800b84c                xQueueReceive
 .text.xQueueReceiveFromISR
                0x000000000800ba0c      0x100 ./Middlewares/Third_Party/FreeRTOS/Source/queue.o
                0x000000000800ba0c                xQueueReceiveFromISR
 .text.prvCopyDataToQueue
                0x000000000800bb0c       0xd4 ./Middlewares/Third_Party/FreeRTOS/Source/queue.o
 .text.prvCopyDataFromQueue
                0x000000000800bbe0       0x4c ./Middlewares/Third_Party/FreeRTOS/Source/queue.o
 .text.prvUnlockQueue
                0x000000000800bc2c       0xa4 ./Middlewares/Third_Party/FreeRTOS/Source/queue.o
 .text.prvIsQueueEmpty
                0x000000000800bcd0       0x2c ./Middlewares/Third_Party/FreeRTOS/Source/queue.o
 .text.prvIsQueueFull
                0x000000000800bcfc       0x30 ./Middlewares/Third_Party/FreeRTOS/Source/queue.o
 .text.vQueueAddToRegistry
                0x000000000800bd2c       0x54 ./Middlewares/Third_Party/FreeRTOS/Source/queue.o
                0x000000000800bd2c                vQueueAddToRegistry
 .text.vQueueWaitForMessageRestricted
                0x000000000800bd80       0x68 ./Middlewares/Third_Party/FreeRTOS/Source/queue.o
                0x000000000800bd80                vQueueWaitForMessageRestricted
 .text.xTaskCreateStatic
                0x000000000800bde8       0xba ./Middlewares/Third_Party/FreeRTOS/Source/tasks.o
                0x000000000800bde8                xTaskCreateStatic
 .text.xTaskCreate
                0x000000000800bea2       0x8a ./Middlewares/Third_Party/FreeRTOS/Source/tasks.o
                0x000000000800bea2                xTaskCreate
 .text.prvInitialiseNewTask
                0x000000000800bf2c      0x154 ./Middlewares/Third_Party/FreeRTOS/Source/tasks.o
 .text.prvAddNewTaskToReadyList
                0x000000000800c080       0xe0 ./Middlewares/Third_Party/FreeRTOS/Source/tasks.o
 .text.vTaskDelay
                0x000000000800c160       0x68 ./Middlewares/Third_Party/FreeRTOS/Source/tasks.o
                0x000000000800c160                vTaskDelay
 .text.eTaskGetState
                0x000000000800c1c8       0xcc ./Middlewares/Third_Party/FreeRTOS/Source/tasks.o
                0x000000000800c1c8                eTaskGetState
 .text.vTaskStartScheduler
                0x000000000800c294       0xe8 ./Middlewares/Third_Party/FreeRTOS/Source/tasks.o
                0x000000000800c294                vTaskStartScheduler
 .text.vTaskSuspendAll
                0x000000000800c37c       0x1c ./Middlewares/Third_Party/FreeRTOS/Source/tasks.o
                0x000000000800c37c                vTaskSuspendAll
 .text.xTaskResumeAll
                0x000000000800c398      0x13c ./Middlewares/Third_Party/FreeRTOS/Source/tasks.o
                0x000000000800c398                xTaskResumeAll
 .text.xTaskGetTickCount
                0x000000000800c4d4       0x20 ./Middlewares/Third_Party/FreeRTOS/Source/tasks.o
                0x000000000800c4d4                xTaskGetTickCount
 .text.uxTaskGetSystemState
                0x000000000800c4f4      0x120 ./Middlewares/Third_Party/FreeRTOS/Source/tasks.o
                0x000000000800c4f4                uxTaskGetSystemState
 .text.xTaskIncrementTick
                0x000000000800c614      0x174 ./Middlewares/Third_Party/FreeRTOS/Source/tasks.o
                0x000000000800c614                xTaskIncrementTick
 .text.vTaskSwitchContext
                0x000000000800c788      0x104 ./Middlewares/Third_Party/FreeRTOS/Source/tasks.o
                0x000000000800c788                vTaskSwitchContext
 .text.vTaskPlaceOnEventList
                0x000000000800c88c       0x48 ./Middlewares/Third_Party/FreeRTOS/Source/tasks.o
                0x000000000800c88c                vTaskPlaceOnEventList
 .text.vTaskPlaceOnEventListRestricted
                0x000000000800c8d4       0x58 ./Middlewares/Third_Party/FreeRTOS/Source/tasks.o
                0x000000000800c8d4                vTaskPlaceOnEventListRestricted
 .text.xTaskRemoveFromEventList
                0x000000000800c92c       0xc8 ./Middlewares/Third_Party/FreeRTOS/Source/tasks.o
                0x000000000800c92c                xTaskRemoveFromEventList
 .text.vTaskInternalSetTimeOutState
                0x000000000800c9f4       0x2c ./Middlewares/Third_Party/FreeRTOS/Source/tasks.o
                0x000000000800c9f4                vTaskInternalSetTimeOutState
 .text.xTaskCheckForTimeOut
                0x000000000800ca20       0xc4 ./Middlewares/Third_Party/FreeRTOS/Source/tasks.o
                0x000000000800ca20                xTaskCheckForTimeOut
 .text.vTaskMissedYield
                0x000000000800cae4       0x18 ./Middlewares/Third_Party/FreeRTOS/Source/tasks.o
                0x000000000800cae4                vTaskMissedYield
 .text.prvIdleTask
                0x000000000800cafc       0x30 ./Middlewares/Third_Party/FreeRTOS/Source/tasks.o
 .text.prvInitialiseTaskLists
                0x000000000800cb2c       0x80 ./Middlewares/Third_Party/FreeRTOS/Source/tasks.o
 .text.prvCheckTasksWaitingTermination
                0x000000000800cbac       0x5c ./Middlewares/Third_Party/FreeRTOS/Source/tasks.o
 .text.vTaskGetInfo
                0x000000000800cc08       0xcc ./Middlewares/Third_Party/FreeRTOS/Source/tasks.o
                0x000000000800cc08                vTaskGetInfo
 .text.prvListTasksWithinSingleList
                0x000000000800ccd4       0xa4 ./Middlewares/Third_Party/FreeRTOS/Source/tasks.o
 .text.prvTaskCheckFreeStackSpace
                0x000000000800cd78       0x38 ./Middlewares/Third_Party/FreeRTOS/Source/tasks.o
 .text.prvDeleteTCB
                0x000000000800cdb0       0x68 ./Middlewares/Third_Party/FreeRTOS/Source/tasks.o
 .text.prvResetNextTaskUnblockTime
                0x000000000800ce18       0x40 ./Middlewares/Third_Party/FreeRTOS/Source/tasks.o
 .text.xTaskGetSchedulerState
                0x000000000800ce58       0x3c ./Middlewares/Third_Party/FreeRTOS/Source/tasks.o
                0x000000000800ce58                xTaskGetSchedulerState
 .text.xTaskPriorityDisinherit
                0x000000000800ce94       0xdc ./Middlewares/Third_Party/FreeRTOS/Source/tasks.o
                0x000000000800ce94                xTaskPriorityDisinherit
 .text.prvWriteNameToBuffer
                0x000000000800cf70       0x4a ./Middlewares/Third_Party/FreeRTOS/Source/tasks.o
 *fill*         0x000000000800cfba        0x2 
 .text.vTaskList
                0x000000000800cfbc      0x12c ./Middlewares/Third_Party/FreeRTOS/Source/tasks.o
                0x000000000800cfbc                vTaskList
 .text.vTaskGetRunTimeStats
                0x000000000800d0e8      0x108 ./Middlewares/Third_Party/FreeRTOS/Source/tasks.o
                0x000000000800d0e8                vTaskGetRunTimeStats
 .text.prvAddCurrentTaskToDelayedList
                0x000000000800d1f0       0xa8 ./Middlewares/Third_Party/FreeRTOS/Source/tasks.o
 .text.xTimerCreateTimerTask
                0x000000000800d298       0x90 ./Middlewares/Third_Party/FreeRTOS/Source/timers.o
                0x000000000800d298                xTimerCreateTimerTask
 .text.xTimerGenericCommand
                0x000000000800d328       0x9c ./Middlewares/Third_Party/FreeRTOS/Source/timers.o
                0x000000000800d328                xTimerGenericCommand
 .text.prvProcessExpiredTimer
                0x000000000800d3c4       0x98 ./Middlewares/Third_Party/FreeRTOS/Source/timers.o
 .text.prvTimerTask
                0x000000000800d45c       0x24 ./Middlewares/Third_Party/FreeRTOS/Source/timers.o
 .text.prvProcessTimerOrBlockTask
                0x000000000800d480       0x9c ./Middlewares/Third_Party/FreeRTOS/Source/timers.o
 .text.prvGetNextExpireTime
                0x000000000800d51c       0x48 ./Middlewares/Third_Party/FreeRTOS/Source/timers.o
 .text.prvSampleTimeNow
                0x000000000800d564       0x40 ./Middlewares/Third_Party/FreeRTOS/Source/timers.o
 .text.prvInsertTimerInActiveList
                0x000000000800d5a4       0x84 ./Middlewares/Third_Party/FreeRTOS/Source/timers.o
 .text.prvProcessReceivedCommands
                0x000000000800d628      0x1c4 ./Middlewares/Third_Party/FreeRTOS/Source/timers.o
 .text.prvSwitchTimerLists
                0x000000000800d7ec       0xc8 ./Middlewares/Third_Party/FreeRTOS/Source/timers.o
 .text.prvCheckForValidListAndQueue
                0x000000000800d8b4       0x80 ./Middlewares/Third_Party/FreeRTOS/Source/timers.o
 .text.pxPortInitialiseStack
                0x000000000800d934       0x68 ./Middlewares/Third_Party/FreeRTOS/Source/portable/GCC/ARM_CM4F/port.o
                0x000000000800d934                pxPortInitialiseStack
 .text.prvTaskExitError
                0x000000000800d99c       0x58 ./Middlewares/Third_Party/FreeRTOS/Source/portable/GCC/ARM_CM4F/port.o
 *fill*         0x000000000800d9f4        0xc 
 .text.SVC_Handler
                0x000000000800da00       0x28 ./Middlewares/Third_Party/FreeRTOS/Source/portable/GCC/ARM_CM4F/port.o
                0x000000000800da00                SVC_Handler
 .text.prvPortStartFirstTask
                0x000000000800da28       0x28 ./Middlewares/Third_Party/FreeRTOS/Source/portable/GCC/ARM_CM4F/port.o
 .text.xPortStartScheduler
                0x000000000800da50      0x144 ./Middlewares/Third_Party/FreeRTOS/Source/portable/GCC/ARM_CM4F/port.o
                0x000000000800da50                xPortStartScheduler
 .text.vPortEnterCritical
                0x000000000800db94       0x60 ./Middlewares/Third_Party/FreeRTOS/Source/portable/GCC/ARM_CM4F/port.o
                0x000000000800db94                vPortEnterCritical
 .text.vPortExitCritical
                0x000000000800dbf4       0x54 ./Middlewares/Third_Party/FreeRTOS/Source/portable/GCC/ARM_CM4F/port.o
                0x000000000800dbf4                vPortExitCritical
 *fill*         0x000000000800dc48        0x8 
 .text.PendSV_Handler
                0x000000000800dc50       0x68 ./Middlewares/Third_Party/FreeRTOS/Source/portable/GCC/ARM_CM4F/port.o
                0x000000000800dc50                PendSV_Handler
 .text.xPortSysTickHandler
                0x000000000800dcb8       0x44 ./Middlewares/Third_Party/FreeRTOS/Source/portable/GCC/ARM_CM4F/port.o
                0x000000000800dcb8                xPortSysTickHandler
 .text.vPortSetupTimerInterrupt
                0x000000000800dcfc       0x48 ./Middlewares/Third_Party/FreeRTOS/Source/portable/GCC/ARM_CM4F/port.o
                0x000000000800dcfc                vPortSetupTimerInterrupt
 .text.vPortEnableVFP
                0x000000000800dd44       0x14 ./Middlewares/Third_Party/FreeRTOS/Source/portable/GCC/ARM_CM4F/port.o
 .text.vPortValidateInterruptPriority
                0x000000000800dd58       0x80 ./Middlewares/Third_Party/FreeRTOS/Source/portable/GCC/ARM_CM4F/port.o
                0x000000000800dd58                vPortValidateInterruptPriority
 .text.pvPortMalloc
                0x000000000800ddd8      0x198 ./Middlewares/Third_Party/FreeRTOS/Source/portable/MemMang/heap_4.o
                0x000000000800ddd8                pvPortMalloc
 .text.vPortFree
                0x000000000800df70       0xc4 ./Middlewares/Third_Party/FreeRTOS/Source/portable/MemMang/heap_4.o
                0x000000000800df70                vPortFree
 .text.xPortGetFreeHeapSize
                0x000000000800e034       0x18 ./Middlewares/Third_Party/FreeRTOS/Source/portable/MemMang/heap_4.o
                0x000000000800e034                xPortGetFreeHeapSize
 .text.prvHeapInit
                0x000000000800e04c       0xc4 ./Middlewares/Third_Party/FreeRTOS/Source/portable/MemMang/heap_4.o
 .text.prvInsertBlockIntoFreeList
                0x000000000800e110       0xb4 ./Middlewares/Third_Party/FreeRTOS/Source/portable/MemMang/heap_4.o
 .text.MX_USB_DEVICE_Init
                0x000000000800e1c4       0x60 ./USB_DEVICE/App/usb_device.o
                0x000000000800e1c4                MX_USB_DEVICE_Init
 .text.CDC_Init_FS
                0x000000000800e224       0x28 ./USB_DEVICE/App/usbd_cdc_if.o
 .text.CDC_DeInit_FS
                0x000000000800e24c       0x10 ./USB_DEVICE/App/usbd_cdc_if.o
 .text.CDC_Control_FS
                0x000000000800e25c       0xbc ./USB_DEVICE/App/usbd_cdc_if.o
 .text.CDC_Receive_FS
                0x000000000800e318       0x28 ./USB_DEVICE/App/usbd_cdc_if.o
 .text.CDC_Transmit_FS
                0x000000000800e340       0x4c ./USB_DEVICE/App/usbd_cdc_if.o
                0x000000000800e340                CDC_Transmit_FS
 .text.CDC_TransmitCplt_FS
                0x000000000800e38c       0x22 ./USB_DEVICE/App/usbd_cdc_if.o
 *fill*         0x000000000800e3ae        0x2 
 .text.USBD_FS_DeviceDescriptor
                0x000000000800e3b0       0x24 ./USB_DEVICE/App/usbd_desc.o
                0x000000000800e3b0                USBD_FS_DeviceDescriptor
 .text.USBD_FS_LangIDStrDescriptor
                0x000000000800e3d4       0x24 ./USB_DEVICE/App/usbd_desc.o
                0x000000000800e3d4                USBD_FS_LangIDStrDescriptor
 .text.USBD_FS_ProductStrDescriptor
                0x000000000800e3f8       0x3c ./USB_DEVICE/App/usbd_desc.o
                0x000000000800e3f8                USBD_FS_ProductStrDescriptor
 .text.USBD_FS_ManufacturerStrDescriptor
                0x000000000800e434       0x28 ./USB_DEVICE/App/usbd_desc.o
                0x000000000800e434                USBD_FS_ManufacturerStrDescriptor
 .text.USBD_FS_SerialStrDescriptor
                0x000000000800e45c       0x24 ./USB_DEVICE/App/usbd_desc.o
                0x000000000800e45c                USBD_FS_SerialStrDescriptor
 .text.USBD_FS_ConfigStrDescriptor
                0x000000000800e480       0x3c ./USB_DEVICE/App/usbd_desc.o
                0x000000000800e480                USBD_FS_ConfigStrDescriptor
 .text.USBD_FS_InterfaceStrDescriptor
                0x000000000800e4bc       0x3c ./USB_DEVICE/App/usbd_desc.o
                0x000000000800e4bc                USBD_FS_InterfaceStrDescriptor
 .text.Get_SerialNum
                0x000000000800e4f8       0x58 ./USB_DEVICE/App/usbd_desc.o
 .text.IntToUnicode
                0x000000000800e550       0x7e ./USB_DEVICE/App/usbd_desc.o
 *fill*         0x000000000800e5ce        0x2 
 .text.HAL_PCD_MspInit
                0x000000000800e5d0       0xc4 ./USB_DEVICE/Target/usbd_conf.o
                0x000000000800e5d0                HAL_PCD_MspInit
 .text.HAL_PCD_SetupStageCallback
                0x000000000800e694       0x24 ./USB_DEVICE/Target/usbd_conf.o
                0x000000000800e694                HAL_PCD_SetupStageCallback
 .text.HAL_PCD_DataOutStageCallback
                0x000000000800e6b8       0x36 ./USB_DEVICE/Target/usbd_conf.o
                0x000000000800e6b8                HAL_PCD_DataOutStageCallback
 .text.HAL_PCD_DataInStageCallback
                0x000000000800e6ee       0x34 ./USB_DEVICE/Target/usbd_conf.o
                0x000000000800e6ee                HAL_PCD_DataInStageCallback
 .text.HAL_PCD_SOFCallback
                0x000000000800e722       0x1c ./USB_DEVICE/Target/usbd_conf.o
                0x000000000800e722                HAL_PCD_SOFCallback
 .text.HAL_PCD_ResetCallback
                0x000000000800e73e       0x50 ./USB_DEVICE/Target/usbd_conf.o
                0x000000000800e73e                HAL_PCD_ResetCallback
 *fill*         0x000000000800e78e        0x2 
 .text.HAL_PCD_SuspendCallback
                0x000000000800e790       0x4c ./USB_DEVICE/Target/usbd_conf.o
                0x000000000800e790                HAL_PCD_SuspendCallback
 .text.HAL_PCD_ResumeCallback
                0x000000000800e7dc       0x1c ./USB_DEVICE/Target/usbd_conf.o
                0x000000000800e7dc                HAL_PCD_ResumeCallback
 .text.HAL_PCD_ISOOUTIncompleteCallback
                0x000000000800e7f8       0x24 ./USB_DEVICE/Target/usbd_conf.o
                0x000000000800e7f8                HAL_PCD_ISOOUTIncompleteCallback
 .text.HAL_PCD_ISOINIncompleteCallback
                0x000000000800e81c       0x24 ./USB_DEVICE/Target/usbd_conf.o
                0x000000000800e81c                HAL_PCD_ISOINIncompleteCallback
 .text.HAL_PCD_ConnectCallback
                0x000000000800e840       0x1c ./USB_DEVICE/Target/usbd_conf.o
                0x000000000800e840                HAL_PCD_ConnectCallback
 .text.HAL_PCD_DisconnectCallback
                0x000000000800e85c       0x1c ./USB_DEVICE/Target/usbd_conf.o
                0x000000000800e85c                HAL_PCD_DisconnectCallback
 .text.USBD_LL_Init
                0x000000000800e878       0x98 ./USB_DEVICE/Target/usbd_conf.o
                0x000000000800e878                USBD_LL_Init
 .text.USBD_LL_Start
                0x000000000800e910       0x36 ./USB_DEVICE/Target/usbd_conf.o
                0x000000000800e910                USBD_LL_Start
 .text.USBD_LL_OpenEP
                0x000000000800e946       0x4c ./USB_DEVICE/Target/usbd_conf.o
                0x000000000800e946                USBD_LL_OpenEP
 .text.USBD_LL_CloseEP
                0x000000000800e992       0x3e ./USB_DEVICE/Target/usbd_conf.o
                0x000000000800e992                USBD_LL_CloseEP
 .text.USBD_LL_StallEP
                0x000000000800e9d0       0x3e ./USB_DEVICE/Target/usbd_conf.o
                0x000000000800e9d0                USBD_LL_StallEP
 .text.USBD_LL_ClearStallEP
                0x000000000800ea0e       0x3e ./USB_DEVICE/Target/usbd_conf.o
                0x000000000800ea0e                USBD_LL_ClearStallEP
 .text.USBD_LL_IsStallEP
                0x000000000800ea4c       0x58 ./USB_DEVICE/Target/usbd_conf.o
                0x000000000800ea4c                USBD_LL_IsStallEP
 .text.USBD_LL_SetUSBAddress
                0x000000000800eaa4       0x3e ./USB_DEVICE/Target/usbd_conf.o
                0x000000000800eaa4                USBD_LL_SetUSBAddress
 .text.USBD_LL_Transmit
                0x000000000800eae2       0x42 ./USB_DEVICE/Target/usbd_conf.o
                0x000000000800eae2                USBD_LL_Transmit
 .text.USBD_LL_PrepareReceive
                0x000000000800eb24       0x42 ./USB_DEVICE/Target/usbd_conf.o
                0x000000000800eb24                USBD_LL_PrepareReceive
 .text.USBD_LL_GetRxDataSize
                0x000000000800eb66       0x26 ./USB_DEVICE/Target/usbd_conf.o
                0x000000000800eb66                USBD_LL_GetRxDataSize
 .text.USBD_static_malloc
                0x000000000800eb8c       0x1c ./USB_DEVICE/Target/usbd_conf.o
                0x000000000800eb8c                USBD_static_malloc
 .text.USBD_static_free
                0x000000000800eba8       0x14 ./USB_DEVICE/Target/usbd_conf.o
                0x000000000800eba8                USBD_static_free
 .text.USBD_Get_USB_Status
                0x000000000800ebbc       0x58 ./USB_DEVICE/Target/usbd_conf.o
                0x000000000800ebbc                USBD_Get_USB_Status
 .text.__errno  0x000000000800ec14        0xc /home/odemki/Programs/programs/STM32IDE/1/en.en-st-stm32cubeide_1-5-0_8698_20201117_1050_amd64_sh/makeself_dir_5QpOGP/y/plugins/com.st.stm32cube.ide.mcu.externaltools.gnu-tools-for-stm32.9-2020-q2-update.linux64_2.0.0.202105311346/tools/bin/../lib/gcc/arm-none-eabi/9.3.1/../../../../arm-none-eabi/lib/thumb/v7e-m+fp/hard/libc_nano.a(lib_a-errno.o)
                0x000000000800ec14                __errno
 .text.std      0x000000000800ec20       0x48 /home/odemki/Programs/programs/STM32IDE/1/en.en-st-stm32cubeide_1-5-0_8698_20201117_1050_amd64_sh/makeself_dir_5QpOGP/y/plugins/com.st.stm32cube.ide.mcu.externaltools.gnu-tools-for-stm32.9-2020-q2-update.linux64_2.0.0.202105311346/tools/bin/../lib/gcc/arm-none-eabi/9.3.1/../../../../arm-none-eabi/lib/thumb/v7e-m+fp/hard/libc_nano.a(lib_a-findfp.o)
 .text._cleanup_r
                0x000000000800ec68        0xc /home/odemki/Programs/programs/STM32IDE/1/en.en-st-stm32cubeide_1-5-0_8698_20201117_1050_amd64_sh/makeself_dir_5QpOGP/y/plugins/com.st.stm32cube.ide.mcu.externaltools.gnu-tools-for-stm32.9-2020-q2-update.linux64_2.0.0.202105311346/tools/bin/../lib/gcc/arm-none-eabi/9.3.1/../../../../arm-none-eabi/lib/thumb/v7e-m+fp/hard/libc_nano.a(lib_a-findfp.o)
                0x000000000800ec68                _cleanup_r
 .text.__sfmoreglue
                0x000000000800ec74       0x2c /home/odemki/Programs/programs/STM32IDE/1/en.en-st-stm32cubeide_1-5-0_8698_20201117_1050_amd64_sh/makeself_dir_5QpOGP/y/plugins/com.st.stm32cube.ide.mcu.externaltools.gnu-tools-for-stm32.9-2020-q2-update.linux64_2.0.0.202105311346/tools/bin/../lib/gcc/arm-none-eabi/9.3.1/../../../../arm-none-eabi/lib/thumb/v7e-m+fp/hard/libc_nano.a(lib_a-findfp.o)
                0x000000000800ec74                __sfmoreglue
 .text.__sfp_lock_acquire
                0x000000000800eca0        0xc /home/odemki/Programs/programs/STM32IDE/1/en.en-st-stm32cubeide_1-5-0_8698_20201117_1050_amd64_sh/makeself_dir_5QpOGP/y/plugins/com.st.stm32cube.ide.mcu.externaltools.gnu-tools-for-stm32.9-2020-q2-update.linux64_2.0.0.202105311346/tools/bin/../lib/gcc/arm-none-eabi/9.3.1/../../../../arm-none-eabi/lib/thumb/v7e-m+fp/hard/libc_nano.a(lib_a-findfp.o)
                0x000000000800eca0                __sfp_lock_acquire
 .text.__sfp_lock_release
                0x000000000800ecac        0xc /home/odemki/Programs/programs/STM32IDE/1/en.en-st-stm32cubeide_1-5-0_8698_20201117_1050_amd64_sh/makeself_dir_5QpOGP/y/plugins/com.st.stm32cube.ide.mcu.externaltools.gnu-tools-for-stm32.9-2020-q2-update.linux64_2.0.0.202105311346/tools/bin/../lib/gcc/arm-none-eabi/9.3.1/../../../../arm-none-eabi/lib/thumb/v7e-m+fp/hard/libc_nano.a(lib_a-findfp.o)
                0x000000000800ecac                __sfp_lock_release
 .text.__sinit_lock_acquire
                0x000000000800ecb8        0xc /home/odemki/Programs/programs/STM32IDE/1/en.en-st-stm32cubeide_1-5-0_8698_20201117_1050_amd64_sh/makeself_dir_5QpOGP/y/plugins/com.st.stm32cube.ide.mcu.externaltools.gnu-tools-for-stm32.9-2020-q2-update.linux64_2.0.0.202105311346/tools/bin/../lib/gcc/arm-none-eabi/9.3.1/../../../../arm-none-eabi/lib/thumb/v7e-m+fp/hard/libc_nano.a(lib_a-findfp.o)
                0x000000000800ecb8                __sinit_lock_acquire
 .text.__sinit_lock_release
                0x000000000800ecc4        0xc /home/odemki/Programs/programs/STM32IDE/1/en.en-st-stm32cubeide_1-5-0_8698_20201117_1050_amd64_sh/makeself_dir_5QpOGP/y/plugins/com.st.stm32cube.ide.mcu.externaltools.gnu-tools-for-stm32.9-2020-q2-update.linux64_2.0.0.202105311346/tools/bin/../lib/gcc/arm-none-eabi/9.3.1/../../../../arm-none-eabi/lib/thumb/v7e-m+fp/hard/libc_nano.a(lib_a-findfp.o)
                0x000000000800ecc4                __sinit_lock_release
 .text.__sinit  0x000000000800ecd0       0x70 /home/odemki/Programs/programs/STM32IDE/1/en.en-st-stm32cubeide_1-5-0_8698_20201117_1050_amd64_sh/makeself_dir_5QpOGP/y/plugins/com.st.stm32cube.ide.mcu.externaltools.gnu-tools-for-stm32.9-2020-q2-update.linux64_2.0.0.202105311346/tools/bin/../lib/gcc/arm-none-eabi/9.3.1/../../../../arm-none-eabi/lib/thumb/v7e-m+fp/hard/libc_nano.a(lib_a-findfp.o)
                0x000000000800ecd0                __sinit
 .text.__sfp    0x000000000800ed40       0x8c /home/odemki/Programs/programs/STM32IDE/1/en.en-st-stm32cubeide_1-5-0_8698_20201117_1050_amd64_sh/makeself_dir_5QpOGP/y/plugins/com.st.stm32cube.ide.mcu.externaltools.gnu-tools-for-stm32.9-2020-q2-update.linux64_2.0.0.202105311346/tools/bin/../lib/gcc/arm-none-eabi/9.3.1/../../../../arm-none-eabi/lib/thumb/v7e-m+fp/hard/libc_nano.a(lib_a-findfp.o)
                0x000000000800ed40                __sfp
 .text._fwalk_reent
                0x000000000800edcc       0x3e /home/odemki/Programs/programs/STM32IDE/1/en.en-st-stm32cubeide_1-5-0_8698_20201117_1050_amd64_sh/makeself_dir_5QpOGP/y/plugins/com.st.stm32cube.ide.mcu.externaltools.gnu-tools-for-stm32.9-2020-q2-update.linux64_2.0.0.202105311346/tools/bin/../lib/gcc/arm-none-eabi/9.3.1/../../../../arm-none-eabi/lib/thumb/v7e-m+fp/hard/libc_nano.a(lib_a-fwalk.o)
                0x000000000800edcc                _fwalk_reent
 *fill*         0x000000000800ee0a        0x2 
 .text.__libc_init_array
                0x000000000800ee0c       0x48 /home/odemki/Programs/programs/STM32IDE/1/en.en-st-stm32cubeide_1-5-0_8698_20201117_1050_amd64_sh/makeself_dir_5QpOGP/y/plugins/com.st.stm32cube.ide.mcu.externaltools.gnu-tools-for-stm32.9-2020-q2-update.linux64_2.0.0.202105311346/tools/bin/../lib/gcc/arm-none-eabi/9.3.1/../../../../arm-none-eabi/lib/thumb/v7e-m+fp/hard/libc_nano.a(lib_a-init.o)
                0x000000000800ee0c                __libc_init_array
 .text.__itoa   0x000000000800ee54       0x30 /home/odemki/Programs/programs/STM32IDE/1/en.en-st-stm32cubeide_1-5-0_8698_20201117_1050_amd64_sh/makeself_dir_5QpOGP/y/plugins/com.st.stm32cube.ide.mcu.externaltools.gnu-tools-for-stm32.9-2020-q2-update.linux64_2.0.0.202105311346/tools/bin/../lib/gcc/arm-none-eabi/9.3.1/../../../../arm-none-eabi/lib/thumb/v7e-m+fp/hard/libc_nano.a(lib_a-itoa.o)
                0x000000000800ee54                __itoa
 .text.itoa     0x000000000800ee84        0x4 /home/odemki/Programs/programs/STM32IDE/1/en.en-st-stm32cubeide_1-5-0_8698_20201117_1050_amd64_sh/makeself_dir_5QpOGP/y/plugins/com.st.stm32cube.ide.mcu.externaltools.gnu-tools-for-stm32.9-2020-q2-update.linux64_2.0.0.202105311346/tools/bin/../lib/gcc/arm-none-eabi/9.3.1/../../../../arm-none-eabi/lib/thumb/v7e-m+fp/hard/libc_nano.a(lib_a-itoa.o)
                0x000000000800ee84                itoa
 .text.__retarget_lock_init_recursive
                0x000000000800ee88        0x2 /home/odemki/Programs/programs/STM32IDE/1/en.en-st-stm32cubeide_1-5-0_8698_20201117_1050_amd64_sh/makeself_dir_5QpOGP/y/plugins/com.st.stm32cube.ide.mcu.externaltools.gnu-tools-for-stm32.9-2020-q2-update.linux64_2.0.0.202105311346/tools/bin/../lib/gcc/arm-none-eabi/9.3.1/../../../../arm-none-eabi/lib/thumb/v7e-m+fp/hard/libc_nano.a(lib_a-lock.o)
                0x000000000800ee88                __retarget_lock_init_recursive
 .text.__retarget_lock_acquire_recursive
                0x000000000800ee8a        0x2 /home/odemki/Programs/programs/STM32IDE/1/en.en-st-stm32cubeide_1-5-0_8698_20201117_1050_amd64_sh/makeself_dir_5QpOGP/y/plugins/com.st.stm32cube.ide.mcu.externaltools.gnu-tools-for-stm32.9-2020-q2-update.linux64_2.0.0.202105311346/tools/bin/../lib/gcc/arm-none-eabi/9.3.1/../../../../arm-none-eabi/lib/thumb/v7e-m+fp/hard/libc_nano.a(lib_a-lock.o)
                0x000000000800ee8a                __retarget_lock_acquire_recursive
 .text.__retarget_lock_release_recursive
                0x000000000800ee8c        0x2 /home/odemki/Programs/programs/STM32IDE/1/en.en-st-stm32cubeide_1-5-0_8698_20201117_1050_amd64_sh/makeself_dir_5QpOGP/y/plugins/com.st.stm32cube.ide.mcu.externaltools.gnu-tools-for-stm32.9-2020-q2-update.linux64_2.0.0.202105311346/tools/bin/../lib/gcc/arm-none-eabi/9.3.1/../../../../arm-none-eabi/lib/thumb/v7e-m+fp/hard/libc_nano.a(lib_a-lock.o)
                0x000000000800ee8c                __retarget_lock_release_recursive
 *fill*         0x000000000800ee8e        0x2 
 .text.malloc   0x000000000800ee90       0x10 /home/odemki/Programs/programs/STM32IDE/1/en.en-st-stm32cubeide_1-5-0_8698_20201117_1050_amd64_sh/makeself_dir_5QpOGP/y/plugins/com.st.stm32cube.ide.mcu.externaltools.gnu-tools-for-stm32.9-2020-q2-update.linux64_2.0.0.202105311346/tools/bin/../lib/gcc/arm-none-eabi/9.3.1/../../../../arm-none-eabi/lib/thumb/v7e-m+fp/hard/libc_nano.a(lib_a-malloc.o)
                0x000000000800ee90                malloc
 .text.free     0x000000000800eea0       0x10 /home/odemki/Programs/programs/STM32IDE/1/en.en-st-stm32cubeide_1-5-0_8698_20201117_1050_amd64_sh/makeself_dir_5QpOGP/y/plugins/com.st.stm32cube.ide.mcu.externaltools.gnu-tools-for-stm32.9-2020-q2-update.linux64_2.0.0.202105311346/tools/bin/../lib/gcc/arm-none-eabi/9.3.1/../../../../arm-none-eabi/lib/thumb/v7e-m+fp/hard/libc_nano.a(lib_a-malloc.o)
                0x000000000800eea0                free
 .text.memcpy   0x000000000800eeb0       0x1c /home/odemki/Programs/programs/STM32IDE/1/en.en-st-stm32cubeide_1-5-0_8698_20201117_1050_amd64_sh/makeself_dir_5QpOGP/y/plugins/com.st.stm32cube.ide.mcu.externaltools.gnu-tools-for-stm32.9-2020-q2-update.linux64_2.0.0.202105311346/tools/bin/../lib/gcc/arm-none-eabi/9.3.1/../../../../arm-none-eabi/lib/thumb/v7e-m+fp/hard/libc_nano.a(lib_a-memcpy-stub.o)
                0x000000000800eeb0                memcpy
 .text.memset   0x000000000800eecc       0x10 /home/odemki/Programs/programs/STM32IDE/1/en.en-st-stm32cubeide_1-5-0_8698_20201117_1050_amd64_sh/makeself_dir_5QpOGP/y/plugins/com.st.stm32cube.ide.mcu.externaltools.gnu-tools-for-stm32.9-2020-q2-update.linux64_2.0.0.202105311346/tools/bin/../lib/gcc/arm-none-eabi/9.3.1/../../../../arm-none-eabi/lib/thumb/v7e-m+fp/hard/libc_nano.a(lib_a-memset.o)
                0x000000000800eecc                memset
 .text._free_r  0x000000000800eedc       0xa0 /home/odemki/Programs/programs/STM32IDE/1/en.en-st-stm32cubeide_1-5-0_8698_20201117_1050_amd64_sh/makeself_dir_5QpOGP/y/plugins/com.st.stm32cube.ide.mcu.externaltools.gnu-tools-for-stm32.9-2020-q2-update.linux64_2.0.0.202105311346/tools/bin/../lib/gcc/arm-none-eabi/9.3.1/../../../../arm-none-eabi/lib/thumb/v7e-m+fp/hard/libc_nano.a(lib_a-nano-freer.o)
                0x000000000800eedc                _free_r
 .text._malloc_r
                0x000000000800ef7c       0xb4 /home/odemki/Programs/programs/STM32IDE/1/en.en-st-stm32cubeide_1-5-0_8698_20201117_1050_amd64_sh/makeself_dir_5QpOGP/y/plugins/com.st.stm32cube.ide.mcu.externaltools.gnu-tools-for-stm32.9-2020-q2-update.linux64_2.0.0.202105311346/tools/bin/../lib/gcc/arm-none-eabi/9.3.1/../../../../arm-none-eabi/lib/thumb/v7e-m+fp/hard/libc_nano.a(lib_a-nano-mallocr.o)
                0x000000000800ef7c                _malloc_r