bme280.c:358:8:bme280_init	24	static
bme280.c:398:8:bme280_get_regs	40	static
bme280.c:423:8:bme280_set_regs	64	static
bme280.c:473:8:bme280_set_sensor_settings	24	static
bme280.c:504:8:bme280_get_sensor_settings	24	static
bme280.c:524:8:bme280_set_sensor_mode	24	static
bme280.c:549:8:bme280_get_sensor_mode	24	static
bme280.c:569:8:bme280_soft_reset	24	static
bme280.c:594:8:bme280_get_sensor_data	48	static
bme280.c:627:6:bme280_parse_sensor_data	32	static
bme280.c:658:8:bme280_compensate_data	32	static
bme280.c:692:15:set_osr_settings	32	static
bme280.c:708:15:set_osr_humidity_settings	24	static
bme280.c:734:15:set_osr_press_temp_settings	32	static
bme280.c:759:15:set_filter_standby_settings	32	static
bme280.c:784:13:fill_filter_settings	16	static
bme280.c:793:13:fill_standby_settings	16	static
bme280.c:802:13:fill_osr_press_settings	16	static
bme280.c:811:13:fill_osr_temp_settings	16	static
bme280.c:821:13:parse_device_settings	16	static
bme280.c:832:15:write_power_mode	24	static
bme280.c:854:15:put_device_to_sleep	32	static
bme280.c:875:15:reload_device_settings	24	static
bme280.c:891:15:compensate_temperature	64	static
bme280.c:919:15:compensate_pressure	72	static
bme280.c:959:15:compensate_humidity	96	static
bme280.c:1153:15:get_calib_data	48	static
bme280.c:1185:13:interleave_reg_addr	32	static
bme280.c:1199:13:parse_temp_press_calib_data	24	static
bme280.c:1223:13:parse_humidity_calib_data	32	static
bme280.c:1248:16:are_settings_changed	24	static
bme280.c:1267:15:null_ptr_check	24	static
