main.c:224:8:user_i2c_read	24	static
main.c:232:6:user_delay_ms	16	static
main.c:237:8:user_i2c_write	32	static
main.c:253:6:delay_us	24	static
main.c:269:6:HAL_SPI_TxCpltCallback	16	static
main.c:320:5:main	8	static
main.c:449:6:SystemClock_Config	88	static
main.c:494:13:MX_I2C3_Init	8	static
main.c:528:13:MX_RNG_Init	8	static
main.c:554:13:MX_RTC_Init	72	static
main.c:634:13:MX_SPI1_Init	8	static
main.c:672:13:MX_SPI2_Init	8	static
main.c:710:13:MX_TIM1_Init	32	static
main.c:756:13:MX_TIM2_Init	32	static
main.c:801:13:MX_TIM3_Init	32	static
main.c:846:13:MX_TIM10_Init	8	static
main.c:875:13:MX_DMA_Init	16	static
main.c:893:13:MX_GPIO_Init	56	static
main.c:1055:6:StartDefaultTask	16	static
main.c:1075:6:Start_Blue_LED_Blink	1136	static
main.c:1175:6:Start_Show_Resources	1176	static
main.c:1246:6:Start_UART_Task	1048	static
main.c:1275:6:Start_bme280	1160	static
main.c:1381:6:Start_AM2302	1144	static
main.c:1540:6:Start_SD_CARD	32	static
main.c:1589:6:Start_LCD	16	static
main.c:1614:6:HAL_TIM_PeriodElapsedCallback	16	static
main.c:1664:6:Error_Handler	4	static,ignoring_inline_asm
