main.c:211:8:user_i2c_read	24	static
main.c:219:6:user_delay_ms	16	static
main.c:224:8:user_i2c_write	32	static
main.c:248:6:delay_us	24	static
main.c:309:5:main	8	static
main.c:429:6:SystemClock_Config	88	static
main.c:474:13:MX_I2C3_Init	8	static
main.c:508:13:MX_RTC_Init	72	static
main.c:588:13:MX_SPI1_Init	8	static
main.c:626:13:MX_SPI2_Init	8	static
main.c:664:13:MX_TIM1_Init	32	static
main.c:710:13:MX_TIM2_Init	32	static
main.c:755:13:MX_TIM3_Init	32	static
main.c:800:13:MX_TIM10_Init	8	static
main.c:831:13:MX_GPIO_Init	56	static
main.c:993:6:StartDefaultTask	24	static
main.c:1026:6:Start_Blue_LED_Blink	1136	static
main.c:1126:6:Start_Show_Resources	1176	static
main.c:1197:6:Start_UART_Task	1048	static
main.c:1226:6:Start_bme280	1152	static
main.c:1332:6:Start_AM2302	1128	static
main.c:1491:6:Start_SD_CARD	32	static
main.c:1540:6:Start_LCD	16	static
main.c:1559:6:HAL_TIM_PeriodElapsedCallback	16	static
main.c:1609:6:Error_Handler	4	static,ignoring_inline_asm
