stm32f4xx_it.c:78:6:NMI_Handler	4	static
stm32f4xx_it.c:93:6:HardFault_Handler	4	static
stm32f4xx_it.c:108:6:MemManage_Handler	4	static
stm32f4xx_it.c:123:6:BusFault_Handler	4	static
stm32f4xx_it.c:138:6:UsageFault_Handler	4	static
stm32f4xx_it.c:153:6:DebugMon_Handler	4	static
stm32f4xx_it.c:173:6:DMA1_Stream4_IRQHandler	8	static
stm32f4xx_it.c:187:6:TIM1_UP_TIM10_IRQHandler	8	static
stm32f4xx_it.c:203:6:TIM2_IRQHandler	8	static
stm32f4xx_it.c:217:6:TIM3_IRQHandler	8	static
stm32f4xx_it.c:231:6:SPI2_IRQHandler	8	static
stm32f4xx_it.c:245:6:TIM8_TRG_COM_TIM14_IRQHandler	8	static
stm32f4xx_it.c:259:6:OTG_FS_IRQHandler	8	static
