stm32f4xx_it.c:76:6:NMI_Handler	4	static
stm32f4xx_it.c:91:6:HardFault_Handler	4	static
stm32f4xx_it.c:106:6:MemManage_Handler	4	static
stm32f4xx_it.c:121:6:BusFault_Handler	4	static
stm32f4xx_it.c:136:6:UsageFault_Handler	4	static
stm32f4xx_it.c:151:6:DebugMon_Handler	4	static
stm32f4xx_it.c:171:6:TIM1_UP_TIM10_IRQHandler	8	static
stm32f4xx_it.c:187:6:TIM2_IRQHandler	8	static
stm32f4xx_it.c:201:6:TIM3_IRQHandler	8	static
stm32f4xx_it.c:215:6:TIM8_TRG_COM_TIM14_IRQHandler	8	static
stm32f4xx_it.c:229:6:OTG_FS_IRQHandler	8	static
